Component: ARM Compiler 6.15 Tool: armlink [5dd79300]

==============================================================================

Section Cross References

    startup_tle987x.o(RESET) refers to startup_tle987x.o(STACK) for __initial_sp
    startup_tle987x.o(RESET) refers to startup_tle987x.o(.text) for Reset_Handler
    startup_tle987x.o(RESET) refers to lto-llvm-b8cabc.o(.text.HardFault_Handler) for HardFault_Handler
    startup_tle987x.o(RESET) refers to lto-llvm-b8cabc.o(.text.MemManage_Handler) for MemManage_Handler
    startup_tle987x.o(RESET) refers to lto-llvm-b8cabc.o(.text.BusFault_Handler) for BusFault_Handler
    startup_tle987x.o(RESET) refers to lto-llvm-b8cabc.o(.text.UsageFault_Handler) for UsageFault_Handler
    startup_tle987x.o(RESET) refers to lto-llvm-b8cabc.o(.text.PendSV_Handler) for PendSV_Handler
    startup_tle987x.o(RESET) refers to lto-llvm-b8cabc.o(.text.SysTick_Handler) for SysTick_Handler
    startup_tle987x.o(RESET) refers to lto-llvm-b8cabc.o(.text.GPT2_IRQHandler) for GPT2_IRQHandler
    startup_tle987x.o(RESET) refers to lto-llvm-b8cabc.o(.text.CCU6SR1_IRQHandler) for CCU6SR1_IRQHandler
    startup_tle987x.o(.text) refers to lto-llvm-b8cabc.o(.text.SystemInit) for SystemInit
    startup_tle987x.o(.text) refers to entry.o(.ARM.Collect$$$$00000000) for __main
    entry.o(.ARM.Collect$$$$00000000) refers (Special) to entry10a.o(.ARM.Collect$$$$0000000D) for __rt_final_cpp
    entry.o(.ARM.Collect$$$$00000000) refers (Special) to entry11a.o(.ARM.Collect$$$$0000000F) for __rt_final_exit
    entry.o(.ARM.Collect$$$$00000000) refers (Special) to entry7b.o(.ARM.Collect$$$$00000008) for _main_clock
    entry.o(.ARM.Collect$$$$00000000) refers (Special) to entry8b.o(.ARM.Collect$$$$0000000A) for _main_cpp_init
    entry.o(.ARM.Collect$$$$00000000) refers (Special) to entry9a.o(.ARM.Collect$$$$0000000B) for _main_init
    entry.o(.ARM.Collect$$$$00000000) refers (Special) to entry5.o(.ARM.Collect$$$$00000004) for _main_scatterload
    entry.o(.ARM.Collect$$$$00000000) refers (Special) to entry2.o(.ARM.Collect$$$$00000001) for _main_stk
    entry2.o(.ARM.Collect$$$$00000001) refers to entry2.o(.ARM.Collect$$$$00002712) for __lit__00000000
    entry2.o(.ARM.Collect$$$$00002712) refers to startup_tle987x.o(STACK) for __initial_sp
    entry2.o(__vectab_stack_and_reset_area) refers to startup_tle987x.o(STACK) for __initial_sp
    entry2.o(__vectab_stack_and_reset_area) refers to entry.o(.ARM.Collect$$$$00000000) for __main
    entry5.o(.ARM.Collect$$$$00000004) refers to init.o(.text) for __scatterload
    entry9a.o(.ARM.Collect$$$$0000000B) refers to lto-llvm-b8cabc.o(.text.main) for main
    entry9b.o(.ARM.Collect$$$$0000000C) refers to lto-llvm-b8cabc.o(.text.main) for main
    init.o(.text) refers to entry5.o(.ARM.Collect$$$$00000004) for __main_after_scatterload
    lto-llvm-b8cabc.o(.text.PendSV_Handler) refers to lto-llvm-b8cabc.o(.bss.FocDemoClosedLoop) for FocDemoClosedLoop
    lto-llvm-b8cabc.o(.text.PendSV_Handler) refers to lto-llvm-b8cabc.o(.text.Ifx_MHA_MeasurementADC_F16_TLE987_execute) for Ifx_MHA_MeasurementADC_F16_TLE987_execute
    lto-llvm-b8cabc.o(.text.PendSV_Handler) refers to lto-llvm-b8cabc.o(.text.Ifx_MDA_FluxEstimator_F16_execute) for Ifx_MDA_FluxEstimator_F16_execute
    lto-llvm-b8cabc.o(.text.PendSV_Handler) refers to lto-llvm-b8cabc.o(.text.Ifx_MDA_FocController_F16_execute) for Ifx_MDA_FocController_F16_execute
    lto-llvm-b8cabc.o(.text.PendSV_Handler) refers to lto-llvm-b8cabc.o(.text.Ifx_MAS_Modulator_F16_updatePolar7SegQ16) for Ifx_MAS_Modulator_F16_updatePolar7SegQ16
    lto-llvm-b8cabc.o(.text.PendSV_Handler) refers to lto-llvm-b8cabc.o(.rodata.Ifx_Math_Lut_Sincos_F16_table) for Ifx_Math_Lut_Sincos_F16_table
    lto-llvm-b8cabc.o(.text.PendSV_Handler) refers to lto-llvm-b8cabc.o(.data.u8StreamingON) for u8StreamingON
    lto-llvm-b8cabc.o(.text.PendSV_Handler) refers to lto-llvm-b8cabc.o(.bss.Ifx_FHA_TbStreaming_g_txPointers) for Ifx_FHA_TbStreaming_g_txPointers
    lto-llvm-b8cabc.o(.text.PendSV_Handler) refers to lto-llvm-b8cabc.o(.bss.Ifx_FHA_TbStreaming_TLE987_txBuffer) for Ifx_FHA_TbStreaming_TLE987_txBuffer
    lto-llvm-b8cabc.o(.text.PendSV_Handler) refers to lto-llvm-b8cabc.o(.bss.Ifx_FHA_TbStreaming_TLE987_g_sampleCounter) for Ifx_FHA_TbStreaming_TLE987_g_sampleCounter
    lto-llvm-b8cabc.o(.text.PendSV_Handler) refers to lto-llvm-b8cabc.o(.bss.Ifx_FHA_TbStreaming_TLE987_g_DMAEntryCh2Pri) for Ifx_FHA_TbStreaming_TLE987_g_DMAEntryCh2Pri
    lto-llvm-b8cabc.o(.ARM.exidx.text.PendSV_Handler) refers to lto-llvm-b8cabc.o(.text.PendSV_Handler) for [Anonymous Symbol]
    lto-llvm-b8cabc.o(.text.main) refers to lto-llvm-b8cabc.o(.bss.ARM.__at_0x18001620u) for DMA_Entry_Ch2_Pri
    lto-llvm-b8cabc.o(.text.main) refers to lto-llvm-b8cabc.o(.bss.Ifx_FHA_TbStreaming_TLE987_txBuffer) for Ifx_FHA_TbStreaming_TLE987_txBuffer
[...]
    .text                                    0x11000242   Section        0  __dczerorl.o(.text)
    [Anonymous Symbol]                       0x1100027c   Section        0  lto-llvm-b8cabc.o(.text.BusFault_Handler)
    [Anonymous Symbol]                       0x11000280   Section        0  lto-llvm-b8cabc.o(.text.CCU6SR1_IRQHandler)
    ConfigureEvent                           0x1100049d   Thumb Code   226  lto-llvm-b8cabc.o(.text.ConfigureEvent)
    [Anonymous Symbol]                       0x1100049c   Section        0  lto-llvm-b8cabc.o(.text.ConfigureEvent)
    ConfigureService                         0x11000581   Thumb Code    76  lto-llvm-b8cabc.o(.text.ConfigureService)
    [Anonymous Symbol]                       0x11000580   Section        0  lto-llvm-b8cabc.o(.text.ConfigureService)
    ConfigureService.153                     0x110005cd   Thumb Code   108  lto-llvm-b8cabc.o(.text.ConfigureService.153)
    [Anonymous Symbol]                       0x110005cc   Section        0  lto-llvm-b8cabc.o(.text.ConfigureService.153)
    DTI_Routing_DD                           0x11000639   Thumb Code  1064  lto-llvm-b8cabc.o(.text.DTI_Routing_DD)
    [Anonymous Symbol]                       0x11000638   Section        0  lto-llvm-b8cabc.o(.text.DTI_Routing_DD)
    DTI_Routing_DU                           0x11000a61   Thumb Code  1078  lto-llvm-b8cabc.o(.text.DTI_Routing_DU)
    [Anonymous Symbol]                       0x11000a60   Section        0  lto-llvm-b8cabc.o(.text.DTI_Routing_DU)
    DTI_interface_ProcessStreaming           0x11000e99   Thumb Code   180  lto-llvm-b8cabc.o(.text.DTI_interface_ProcessStreaming)
    [Anonymous Symbol]                       0x11000e98   Section        0  lto-llvm-b8cabc.o(.text.DTI_interface_ProcessStreaming)
    DTI_linklayer_RX                         0x11000f4d   Thumb Code   482  lto-llvm-b8cabc.o(.text.DTI_linklayer_RX)
    [Anonymous Symbol]                       0x11000f4c   Section        0  lto-llvm-b8cabc.o(.text.DTI_linklayer_RX)
    DTI_linklayer_TX                         0x11001131   Thumb Code   264  lto-llvm-b8cabc.o(.text.DTI_linklayer_TX)
    [Anonymous Symbol]                       0x11001130   Section        0  lto-llvm-b8cabc.o(.text.DTI_linklayer_TX)
    [Anonymous Symbol]                       0x11001238   Section        0  lto-llvm-b8cabc.o(.text.GPT2_IRQHandler)
    GetClockSourceScaling                    0x11001969   Thumb Code    38  lto-llvm-b8cabc.o(.text.GetClockSourceScaling)
    [Anonymous Symbol]                       0x11001968   Section        0  lto-llvm-b8cabc.o(.text.GetClockSourceScaling)
    GetConfiguration                         0x11001991   Thumb Code    32  lto-llvm-b8cabc.o(.text.GetConfiguration)
    [Anonymous Symbol]                       0x11001990   Section        0  lto-llvm-b8cabc.o(.text.GetConfiguration)
    GetConfiguration.147                     0x110019b1   Thumb Code    32  lto-llvm-b8cabc.o(.text.GetConfiguration.147)
    [Anonymous Symbol]                       0x110019b0   Section        0  lto-llvm-b8cabc.o(.text.GetConfiguration.147)
    GetConfiguration.152                     0x110019d1   Thumb Code    32  lto-llvm-b8cabc.o(.text.GetConfiguration.152)
    [Anonymous Symbol]                       0x110019d0   Section        0  lto-llvm-b8cabc.o(.text.GetConfiguration.152)
    [Anonymous Symbol]                       0x110019f0   Section        0  lto-llvm-b8cabc.o(.text.HardFault_Handler)
    Ifx_MAS_Modulator_F16_getDeadTime_tick   0x110019f5   Thumb Code     6  lto-llvm-b8cabc.o(.text.Ifx_MAS_Modulator_F16_getDeadTime_tick)
    [Anonymous Symbol]                       0x110019f4   Section        0  lto-llvm-b8cabc.o(.text.Ifx_MAS_Modulator_F16_getDeadTime_tick)
    Ifx_MAS_Modulator_F16_getDriverDelay_tick 0x110019fd   Thumb Code     6  lto-llvm-b8cabc.o(.text.Ifx_MAS_Modulator_F16_getDriverDelay_tick)
    [Anonymous Symbol]                       0x110019fc   Section        0  lto-llvm-b8cabc.o(.text.Ifx_MAS_Modulator_F16_getDriverDelay_tick)
    Ifx_MAS_Modulator_F16_getMaxAmplitude    0x11001a05   Thumb Code     8  lto-llvm-b8cabc.o(.text.Ifx_MAS_Modulator_F16_getMaxAmplitude)
    [Anonymous Symbol]                       0x11001a04   Section        0  lto-llvm-b8cabc.o(.text.Ifx_MAS_Modulator_F16_getMaxAmplitude)
    Ifx_MAS_Modulator_F16_getMeasurementTime_tick 0x11001a0d   Thumb Code     6  lto-llvm-b8cabc.o(.text.Ifx_MAS_Modulator_F16_getMeasurementTime_tick)
    [Anonymous Symbol]                       0x11001a0c   Section        0  lto-llvm-b8cabc.o(.text.Ifx_MAS_Modulator_F16_getMeasurementTime_tick)
    Ifx_MAS_Modulator_F16_getPeriod_tick     0x11001a15   Thumb Code     6  lto-llvm-b8cabc.o(.text.Ifx_MAS_Modulator_F16_getPeriod_tick)
    [Anonymous Symbol]                       0x11001a14   Section        0  lto-llvm-b8cabc.o(.text.Ifx_MAS_Modulator_F16_getPeriod_tick)
    Ifx_MAS_Modulator_F16_getRingingTime_tick 0x11001a1d   Thumb Code     6  lto-llvm-b8cabc.o(.text.Ifx_MAS_Modulator_F16_getRingingTime_tick)
    [Anonymous Symbol]                       0x11001a1c   Section        0  lto-llvm-b8cabc.o(.text.Ifx_MAS_Modulator_F16_getRingingTime_tick)
    Ifx_MAS_Modulator_F16_setDeadTime_tick   0x11001a25   Thumb Code    70  lto-llvm-b8cabc.o(.text.Ifx_MAS_Modulator_F16_setDeadTime_tick)
    [Anonymous Symbol]                       0x11001a24   Section        0  lto-llvm-b8cabc.o(.text.Ifx_MAS_Modulator_F16_setDeadTime_tick)
    Ifx_MAS_Modulator_F16_setDriverDelay_tick 0x11001a6d   Thumb Code    52  lto-llvm-b8cabc.o(.text.Ifx_MAS_Modulator_F16_setDriverDelay_tick)
    [Anonymous Symbol]                       0x11001a6c   Section        0  lto-llvm-b8cabc.o(.text.Ifx_MAS_Modulator_F16_setDriverDelay_tick)
    Ifx_MAS_Modulator_F16_setMaxAmplitude    0x11001aa1   Thumb Code     6  lto-llvm-b8cabc.o(.text.Ifx_MAS_Modulator_F16_setMaxAmplitude)
    [Anonymous Symbol]                       0x11001aa0   Section        0  lto-llvm-b8cabc.o(.text.Ifx_MAS_Modulator_F16_setMaxAmplitude)
    Ifx_MAS_Modulator_F16_setMeasurementTime_tick 0x11001aa9   Thumb Code    52  lto-llvm-b8cabc.o(.text.Ifx_MAS_Modulator_F16_setMeasurementTime_tick)
    [Anonymous Symbol]                       0x11001aa8   Section        0  lto-llvm-b8cabc.o(.text.Ifx_MAS_Modulator_F16_setMeasurementTime_tick)
    Ifx_MAS_Modulator_F16_setPeriod_tick     0x11001add   Thumb Code     8  lto-llvm-b8cabc.o(.text.Ifx_MAS_Modulator_F16_setPeriod_tick)
    [Anonymous Symbol]                       0x11001adc   Section        0  lto-llvm-b8cabc.o(.text.Ifx_MAS_Modulator_F16_setPeriod_tick)
    Ifx_MAS_Modulator_F16_setRingingTime_tick 0x11001ae5   Thumb Code    62  lto-llvm-b8cabc.o(.text.Ifx_MAS_Modulator_F16_setRingingTime_tick)
    [Anonymous Symbol]                       0x11001ae4   Section        0  lto-llvm-b8cabc.o(.text.Ifx_MAS_Modulator_F16_setRingingTime_tick)
    Ifx_MDA_FluxEstimator_F16_getMode        0x11001b25   Thumb Code     6  lto-llvm-b8cabc.o(.text.Ifx_MDA_FluxEstimator_F16_getMode)
    [Anonymous Symbol]                       0x11001b24   Section        0  lto-llvm-b8cabc.o(.text.Ifx_MDA_FluxEstimator_F16_getMode)
    Ifx_MDA_FluxEstimator_F16_setAlphaTimeConstant 0x11001b2d   Thumb Code    82  lto-llvm-b8cabc.o(.text.Ifx_MDA_FluxEstimator_F16_setAlphaTimeConstant)
    [Anonymous Symbol]                       0x11001b2c   Section        0  lto-llvm-b8cabc.o(.text.Ifx_MDA_FluxEstimator_F16_setAlphaTimeConstant)
    Ifx_MDA_FluxEstimator_F16_setBetaTimeConstant 0x11001b81   Thumb Code    82  lto-llvm-b8cabc.o(.text.Ifx_MDA_FluxEstimator_F16_setBetaTimeConstant)
    [Anonymous Symbol]                       0x11001b80   Section        0  lto-llvm-b8cabc.o(.text.Ifx_MDA_FluxEstimator_F16_setBetaTimeConstant)
    Ifx_MDA_FluxEstimator_F16_setPhaseIndAdjusted 0x11001bd5   Thumb Code    10  lto-llvm-b8cabc.o(.text.Ifx_MDA_FluxEstimator_F16_setPhaseIndAdjusted)
    [Anonymous Symbol]                       0x11001bd4   Section        0  lto-llvm-b8cabc.o(.text.Ifx_MDA_FluxEstimator_F16_setPhaseIndAdjusted)
    Ifx_MDA_FluxEstimator_F16_setPhaseRes    0x11001be1   Thumb Code    10  lto-llvm-b8cabc.o(.text.Ifx_MDA_FluxEstimator_F16_setPhaseRes)
    [Anonymous Symbol]                       0x11001be0   Section        0  lto-llvm-b8cabc.o(.text.Ifx_MDA_FluxEstimator_F16_setPhaseRes)
    Ifx_MDA_FluxEstimator_F16_setPllFilterPropGain 0x11001bed   Thumb Code   138  lto-llvm-b8cabc.o(.text.Ifx_MDA_FluxEstimator_F16_setPllFilterPropGain)
    [Anonymous Symbol]                       0x11001bec   Section        0  lto-llvm-b8cabc.o(.text.Ifx_MDA_FluxEstimator_F16_setPllFilterPropGain)
    Ifx_MDA_FluxEstimator_F16_setSamplingTime 0x11001c79   Thumb Code   226  lto-llvm-b8cabc.o(.text.Ifx_MDA_FluxEstimator_F16_setSamplingTime)
    [Anonymous Symbol]                       0x11001c78   Section        0  lto-llvm-b8cabc.o(.text.Ifx_MDA_FluxEstimator_F16_setSamplingTime)
    Ifx_MDA_FluxEstimator_F16_setSpeedFilterTimeConstant 0x11001d5d   Thumb Code    82  lto-llvm-b8cabc.o(.text.Ifx_MDA_FluxEstimator_F16_setSpeedFilterTimeConstant)
    [Anonymous Symbol]                       0x11001d5c   Section        0  lto-llvm-b8cabc.o(.text.Ifx_MDA_FluxEstimator_F16_setSpeedFilterTimeConstant)
    Ifx_MDA_FocController_F16_setCurrentDPiIntegGainSamplingTime 0x11001db1   Thumb Code    70  lto-llvm-b8cabc.o(.text.Ifx_MDA_FocController_F16_setCurrentDPiIntegGainSamplingTime)
    [Anonymous Symbol]                       0x11001db0   Section        0  lto-llvm-b8cabc.o(.text.Ifx_MDA_FocController_F16_setCurrentDPiIntegGainSamplingTime)
    Ifx_MDA_FocController_F16_setCurrentDPiLowerLimit 0x11001df9   Thumb Code     8  lto-llvm-b8cabc.o(.text.Ifx_MDA_FocController_F16_setCurrentDPiLowerLimit)
    [Anonymous Symbol]                       0x11001df8   Section        0  lto-llvm-b8cabc.o(.text.Ifx_MDA_FocController_F16_setCurrentDPiLowerLimit)
    Ifx_MDA_FocController_F16_setCurrentDPiPropGain 0x11001e01   Thumb Code    60  lto-llvm-b8cabc.o(.text.Ifx_MDA_FocController_F16_setCurrentDPiPropGain)
    [Anonymous Symbol]                       0x11001e00   Section        0  lto-llvm-b8cabc.o(.text.Ifx_MDA_FocController_F16_setCurrentDPiPropGain)
    Ifx_MDA_FocController_F16_setCurrentDPiUpperLimit 0x11001e3d   Thumb Code     8  lto-llvm-b8cabc.o(.text.Ifx_MDA_FocController_F16_setCurrentDPiUpperLimit)
    [Anonymous Symbol]                       0x11001e3c   Section        0  lto-llvm-b8cabc.o(.text.Ifx_MDA_FocController_F16_setCurrentDPiUpperLimit)
    Ifx_MDA_FocController_F16_setCurrentQPiIntegGainSamplingTime 0x11001e45   Thumb Code    76  lto-llvm-b8cabc.o(.text.Ifx_MDA_FocController_F16_setCurrentQPiIntegGainSamplingTime)
    [Anonymous Symbol]                       0x11001e44   Section        0  lto-llvm-b8cabc.o(.text.Ifx_MDA_FocController_F16_setCurrentQPiIntegGainSamplingTime)
    Ifx_MDA_FocController_F16_setCurrentQPiLowerLimit 0x11001e91   Thumb Code     8  lto-llvm-b8cabc.o(.text.Ifx_MDA_FocController_F16_setCurrentQPiLowerLimit)
    [Anonymous Symbol]                       0x11001e90   Section        0  lto-llvm-b8cabc.o(.text.Ifx_MDA_FocController_F16_setCurrentQPiLowerLimit)
    Ifx_MDA_FocController_F16_setCurrentQPiPropGain 0x11001e99   Thumb Code    66  lto-llvm-b8cabc.o(.text.Ifx_MDA_FocController_F16_setCurrentQPiPropGain)
    [Anonymous Symbol]                       0x11001e98   Section        0  lto-llvm-b8cabc.o(.text.Ifx_MDA_FocController_F16_setCurrentQPiPropGain)
    Ifx_MDA_FocController_F16_setCurrentQPiUpperLimit 0x11001edd   Thumb Code     8  lto-llvm-b8cabc.o(.text.Ifx_MDA_FocController_F16_setCurrentQPiUpperLimit)
    [Anonymous Symbol]                       0x11001edc   Section        0  lto-llvm-b8cabc.o(.text.Ifx_MDA_FocController_F16_setCurrentQPiUpperLimit)
    Ifx_MHA_MeasurementADC_F16_TLE987_getCsaGain 0x11001ee5   Thumb Code    16  lto-llvm-b8cabc.o(.text.Ifx_MHA_MeasurementADC_F16_TLE987_getCsaGain)
    [Anonymous Symbol]                       0x11001ee4   Section        0  lto-llvm-b8cabc.o(.text.Ifx_MHA_MeasurementADC_F16_TLE987_getCsaGain)
    Ifx_MHA_MeasurementADC_F16_TLE987_getCsaOffset 0x11001ef5   Thumb Code     4  lto-llvm-b8cabc.o(.text.Ifx_MHA_MeasurementADC_F16_TLE987_getCsaOffset)
    [Anonymous Symbol]                       0x11001ef4   Section        0  lto-llvm-b8cabc.o(.text.Ifx_MHA_MeasurementADC_F16_TLE987_getCsaOffset)
    Ifx_MHA_MeasurementADC_F16_TLE987_setCsaGain 0x11001ef9   Thumb Code    86  lto-llvm-b8cabc.o(.text.Ifx_MHA_MeasurementADC_F16_TLE987_setCsaGain)
    [Anonymous Symbol]                       0x11001ef8   Section        0  lto-llvm-b8cabc.o(.text.Ifx_MHA_MeasurementADC_F16_TLE987_setCsaGain)
    Ifx_MHA_MeasurementADC_F16_TLE987_setCsaOffset 0x11001f51   Thumb Code     4  lto-llvm-b8cabc.o(.text.Ifx_MHA_MeasurementADC_F16_TLE987_setCsaOffset)
    [Anonymous Symbol]                       0x11001f50   Section        0  lto-llvm-b8cabc.o(.text.Ifx_MHA_MeasurementADC_F16_TLE987_setCsaOffset)
    Ifx_MHA_PatternGen_F16_TLE987_getDeadTime_ns 0x11001f55   Thumb Code    18  lto-llvm-b8cabc.o(.text.Ifx_MHA_PatternGen_F16_TLE987_getDeadTime_ns)
    [Anonymous Symbol]                       0x11001f54   Section        0  lto-llvm-b8cabc.o(.text.Ifx_MHA_PatternGen_F16_TLE987_getDeadTime_ns)
    Ifx_MHA_PatternGen_F16_TLE987_setDeadTime_ns 0x11001f69   Thumb Code    38  lto-llvm-b8cabc.o(.text.Ifx_MHA_PatternGen_F16_TLE987_setDeadTime_ns)
    [Anonymous Symbol]                       0x11001f68   Section        0  lto-llvm-b8cabc.o(.text.Ifx_MHA_PatternGen_F16_TLE987_setDeadTime_ns)
    Ifx_MS_FocSolution_F16_getQCurrentAtTransition 0x11001f91   Thumb Code     8  lto-llvm-b8cabc.o(.text.Ifx_MS_FocSolution_F16_getQCurrentAtTransition)
    [Anonymous Symbol]                       0x11001f90   Section        0  lto-llvm-b8cabc.o(.text.Ifx_MS_FocSolution_F16_getQCurrentAtTransition)
    Ifx_MS_FocSolution_F16_getRefSpeedLowerLimit 0x11001f99   Thumb Code     8  lto-llvm-b8cabc.o(.text.Ifx_MS_FocSolution_F16_getRefSpeedLowerLimit)
    [Anonymous Symbol]                       0x11001f98   Section        0  lto-llvm-b8cabc.o(.text.Ifx_MS_FocSolution_F16_getRefSpeedLowerLimit)
    Ifx_MS_FocSolution_F16_getRefSpeedUpperLimit 0x11001fa1   Thumb Code     8  lto-llvm-b8cabc.o(.text.Ifx_MS_FocSolution_F16_getRefSpeedUpperLimit)
    [Anonymous Symbol]                       0x11001fa0   Section        0  lto-llvm-b8cabc.o(.text.Ifx_MS_FocSolution_F16_getRefSpeedUpperLimit)
    Ifx_MS_FocSolution_F16_getSpeedPiIntegGainSamplingTime 0x11001fa9   Thumb Code     6  lto-llvm-b8cabc.o(.text.Ifx_MS_FocSolution_F16_getSpeedPiIntegGainSamplingTime)
    [Anonymous Symbol]                       0x11001fa8   Section        0  lto-llvm-b8cabc.o(.text.Ifx_MS_FocSolution_F16_getSpeedPiIntegGainSamplingTime)
    Ifx_MS_FocSolution_F16_getSpeedPiPropGain 0x11001fb1   Thumb Code     6  lto-llvm-b8cabc.o(.text.Ifx_MS_FocSolution_F16_getSpeedPiPropGain)
    [Anonymous Symbol]                       0x11001fb0   Section        0  lto-llvm-b8cabc.o(.text.Ifx_MS_FocSolution_F16_getSpeedPiPropGain)
    Ifx_MS_FocSolution_F16_getSpeedRampDownRateClosedLoop 0x11001fb9   Thumb Code     6  lto-llvm-b8cabc.o(.text.Ifx_MS_FocSolution_F16_getSpeedRampDownRateClosedLoop)
    [Anonymous Symbol]                       0x11001fb8   Section        0  lto-llvm-b8cabc.o(.text.Ifx_MS_FocSolution_F16_getSpeedRampDownRateClosedLoop)
    Ifx_MS_FocSolution_F16_getSpeedRampDownRateOpenLoop 0x11001fc1   Thumb Code     6  lto-llvm-b8cabc.o(.text.Ifx_MS_FocSolution_F16_getSpeedRampDownRateOpenLoop)
    [Anonymous Symbol]                       0x11001fc0   Section        0  lto-llvm-b8cabc.o(.text.Ifx_MS_FocSolution_F16_getSpeedRampDownRateOpenLoop)
    Ifx_MS_FocSolution_F16_getSpeedRampUpRateClosedLoop 0x11001fc9   Thumb Code     6  lto-llvm-b8cabc.o(.text.Ifx_MS_FocSolution_F16_getSpeedRampUpRateClosedLoop)
    [Anonymous Symbol]                       0x11001fc8   Section        0  lto-llvm-b8cabc.o(.text.Ifx_MS_FocSolution_F16_getSpeedRampUpRateClosedLoop)
    Ifx_MS_FocSolution_F16_getSpeedRampUpRateOpenLoop 0x11001fd1   Thumb Code     6  lto-llvm-b8cabc.o(.text.Ifx_MS_FocSolution_F16_getSpeedRampUpRateOpenLoop)
    [Anonymous Symbol]                       0x11001fd0   Section        0  lto-llvm-b8cabc.o(.text.Ifx_MS_FocSolution_F16_getSpeedRampUpRateOpenLoop)
    Ifx_MS_FocSolution_F16_getStartUpCurrent 0x11001fd9   Thumb Code     8  lto-llvm-b8cabc.o(.text.Ifx_MS_FocSolution_F16_getStartUpCurrent)
    [Anonymous Symbol]                       0x11001fd8   Section        0  lto-llvm-b8cabc.o(.text.Ifx_MS_FocSolution_F16_getStartUpCurrent)
    Ifx_MS_FocSolution_F16_getTransitionAngleTolerance 0x11001fe1   Thumb Code     6  lto-llvm-b8cabc.o(.text.Ifx_MS_FocSolution_F16_getTransitionAngleTolerance)
    [Anonymous Symbol]                       0x11001fe0   Section        0  lto-llvm-b8cabc.o(.text.Ifx_MS_FocSolution_F16_getTransitionAngleTolerance)
    Ifx_MS_FocSolution_F16_getTransitionDownDCurrentScalingQ14 0x11001fe9   Thumb Code     8  lto-llvm-b8cabc.o(.text.Ifx_MS_FocSolution_F16_getTransitionDownDCurrentScalingQ14)
    [Anonymous Symbol]                       0x11001fe8   Section        0  lto-llvm-b8cabc.o(.text.Ifx_MS_FocSolution_F16_getTransitionDownDCurrentScalingQ14)
    Ifx_MS_FocSolution_F16_getTransitionTimeLimit 0x11001ff1   Thumb Code     6  lto-llvm-b8cabc.o(.text.Ifx_MS_FocSolution_F16_getTransitionTimeLimit)
    [Anonymous Symbol]                       0x11001ff0   Section        0  lto-llvm-b8cabc.o(.text.Ifx_MS_FocSolution_F16_getTransitionTimeLimit)
    Ifx_MS_FocSolution_F16_setQCurrentAtTransition 0x11001ff9   Thumb Code     6  lto-llvm-b8cabc.o(.text.Ifx_MS_FocSolution_F16_setQCurrentAtTransition)
    [Anonymous Symbol]                       0x11001ff8   Section        0  lto-llvm-b8cabc.o(.text.Ifx_MS_FocSolution_F16_setQCurrentAtTransition)
    Ifx_MS_FocSolution_F16_setRefCurrentLowerLimit 0x11002001   Thumb Code    14  lto-llvm-b8cabc.o(.text.Ifx_MS_FocSolution_F16_setRefCurrentLowerLimit)
    [Anonymous Symbol]                       0x11002000   Section        0  lto-llvm-b8cabc.o(.text.Ifx_MS_FocSolution_F16_setRefCurrentLowerLimit)
    Ifx_MS_FocSolution_F16_setRefCurrentUpperLimit 0x11002011   Thumb Code    14  lto-llvm-b8cabc.o(.text.Ifx_MS_FocSolution_F16_setRefCurrentUpperLimit)
    [Anonymous Symbol]                       0x11002010   Section        0  lto-llvm-b8cabc.o(.text.Ifx_MS_FocSolution_F16_setRefCurrentUpperLimit)
    Ifx_MS_FocSolution_F16_setRefSpeedLowerLimit 0x11002021   Thumb Code    10  lto-llvm-b8cabc.o(.text.Ifx_MS_FocSolution_F16_setRefSpeedLowerLimit)
    [Anonymous Symbol]                       0x11002020   Section        0  lto-llvm-b8cabc.o(.text.Ifx_MS_FocSolution_F16_setRefSpeedLowerLimit)
    Ifx_MS_FocSolution_F16_setRefSpeedUpperLimit 0x1100202d   Thumb Code    10  lto-llvm-b8cabc.o(.text.Ifx_MS_FocSolution_F16_setRefSpeedUpperLimit)
    [Anonymous Symbol]                       0x1100202c   Section        0  lto-llvm-b8cabc.o(.text.Ifx_MS_FocSolution_F16_setRefSpeedUpperLimit)
    Ifx_MS_FocSolution_F16_setSpeedPiIntegGainSamplingTime 0x11002039   Thumb Code   104  lto-llvm-b8cabc.o(.text.Ifx_MS_FocSolution_F16_setSpeedPiIntegGainSamplingTime)
    [Anonymous Symbol]                       0x11002038   Section        0  lto-llvm-b8cabc.o(.text.Ifx_MS_FocSolution_F16_setSpeedPiIntegGainSamplingTime)
    Ifx_MS_FocSolution_F16_setSpeedPiPropGain 0x110020a1   Thumb Code    94  lto-llvm-b8cabc.o(.text.Ifx_MS_FocSolution_F16_setSpeedPiPropGain)
    [Anonymous Symbol]                       0x110020a0   Section        0  lto-llvm-b8cabc.o(.text.Ifx_MS_FocSolution_F16_setSpeedPiPropGain)
    Ifx_MS_FocSolution_F16_setSpeedRampDownRateClosedLoop 0x11002101   Thumb Code    18  lto-llvm-b8cabc.o(.text.Ifx_MS_FocSolution_F16_setSpeedRampDownRateClosedLoop)
    [Anonymous Symbol]                       0x11002100   Section        0  lto-llvm-b8cabc.o(.text.Ifx_MS_FocSolution_F16_setSpeedRampDownRateClosedLoop)
    Ifx_MS_FocSolution_F16_setSpeedRampDownRateOpenLoop 0x11002115   Thumb Code    30  lto-llvm-b8cabc.o(.text.Ifx_MS_FocSolution_F16_setSpeedRampDownRateOpenLoop)
    [Anonymous Symbol]                       0x11002114   Section        0  lto-llvm-b8cabc.o(.text.Ifx_MS_FocSolution_F16_setSpeedRampDownRateOpenLoop)
    Ifx_MS_FocSolution_F16_setSpeedRampUpRateClosedLoop 0x11002135   Thumb Code    18  lto-llvm-b8cabc.o(.text.Ifx_MS_FocSolution_F16_setSpeedRampUpRateClosedLoop)
    [Anonymous Symbol]                       0x11002134   Section        0  lto-llvm-b8cabc.o(.text.Ifx_MS_FocSolution_F16_setSpeedRampUpRateClosedLoop)
    Ifx_MS_FocSolution_F16_setSpeedRampUpRateOpenLoop 0x11002149   Thumb Code    30  lto-llvm-b8cabc.o(.text.Ifx_MS_FocSolution_F16_setSpeedRampUpRateOpenLoop)
    [Anonymous Symbol]                       0x11002148   Section        0  lto-llvm-b8cabc.o(.text.Ifx_MS_FocSolution_F16_setSpeedRampUpRateOpenLoop)
    Ifx_MS_FocSolution_F16_setStartUpCurrent 0x11002169   Thumb Code    24  lto-llvm-b8cabc.o(.text.Ifx_MS_FocSolution_F16_setStartUpCurrent)
    [Anonymous Symbol]                       0x11002168   Section        0  lto-llvm-b8cabc.o(.text.Ifx_MS_FocSolution_F16_setStartUpCurrent)
    Ifx_MS_FocSolution_F16_setStartUpCurrentRampUpRate 0x11002181   Thumb Code    10  lto-llvm-b8cabc.o(.text.Ifx_MS_FocSolution_F16_setStartUpCurrentRampUpRate)
    [Anonymous Symbol]                       0x11002180   Section        0  lto-llvm-b8cabc.o(.text.Ifx_MS_FocSolution_F16_setStartUpCurrentRampUpRate)
    Ifx_MS_FocSolution_F16_setTransitionAngleTolerance 0x1100218d   Thumb Code     6  lto-llvm-b8cabc.o(.text.Ifx_MS_FocSolution_F16_setTransitionAngleTolerance)
    [Anonymous Symbol]                       0x1100218c   Section        0  lto-llvm-b8cabc.o(.text.Ifx_MS_FocSolution_F16_setTransitionAngleTolerance)
    Ifx_MS_FocSolution_F16_setTransitionDownDCurrentScalingQ14 0x11002195   Thumb Code    32  lto-llvm-b8cabc.o(.text.Ifx_MS_FocSolution_F16_setTransitionDownDCurrentScalingQ14)
    [Anonymous Symbol]                       0x11002194   Section        0  lto-llvm-b8cabc.o(.text.Ifx_MS_FocSolution_F16_setTransitionDownDCurrentScalingQ14)
    Ifx_MS_FocSolution_F16_setTransitionSpeedBand 0x110021b5   Thumb Code    28  lto-llvm-b8cabc.o(.text.Ifx_MS_FocSolution_F16_setTransitionSpeedBand)
    [Anonymous Symbol]                       0x110021b4   Section        0  lto-llvm-b8cabc.o(.text.Ifx_MS_FocSolution_F16_setTransitionSpeedBand)
    Ifx_MS_FocSolution_F16_setTransitionSpeedUp 0x110021d1   Thumb Code    30  lto-llvm-b8cabc.o(.text.Ifx_MS_FocSolution_F16_setTransitionSpeedUp)
    [Anonymous Symbol]                       0x110021d0   Section        0  lto-llvm-b8cabc.o(.text.Ifx_MS_FocSolution_F16_setTransitionSpeedUp)
    Ifx_MS_FocSolution_F16_setTransitionTimeLimit 0x110021f1   Thumb Code    36  lto-llvm-b8cabc.o(.text.Ifx_MS_FocSolution_F16_setTransitionTimeLimit)
    [Anonymous Symbol]                       0x110021f0   Section        0  lto-llvm-b8cabc.o(.text.Ifx_MS_FocSolution_F16_setTransitionTimeLimit)
    Ifx_MS_FocSolution_F16_subStateMachine   0x11002215   Thumb Code  1078  lto-llvm-b8cabc.o(.text.Ifx_MS_FocSolution_F16_subStateMachine)
    [Anonymous Symbol]                       0x11002214   Section        0  lto-llvm-b8cabc.o(.text.Ifx_MS_FocSolution_F16_subStateMachine)
    MapChannels                              0x1100264d   Thumb Code    32  lto-llvm-b8cabc.o(.text.MapChannels)
    [Anonymous Symbol]                       0x1100264c   Section        0  lto-llvm-b8cabc.o(.text.MapChannels)
    MapChannels.154                          0x1100266d   Thumb Code    38  lto-llvm-b8cabc.o(.text.MapChannels.154)
    [Anonymous Symbol]                       0x1100266c   Section        0  lto-llvm-b8cabc.o(.text.MapChannels.154)
    [Anonymous Symbol]                       0x11002694   Section        0  lto-llvm-b8cabc.o(.text.MemManage_Handler)
    ParameterControl                         0x11002699   Thumb Code    98  lto-llvm-b8cabc.o(.text.ParameterControl)
    [Anonymous Symbol]                       0x11002698   Section        0  lto-llvm-b8cabc.o(.text.ParameterControl)
    [Anonymous Symbol]                       0x110026fc   Section        0  lto-llvm-b8cabc.o(.text.PendSV_Handler)
    SDOSERVICE_abort                         0x11002c85   Thumb Code     2  lto-llvm-b8cabc.o(.text.SDOSERVICE_abort)
    [Anonymous Symbol]                       0x11002c84   Section        0  lto-llvm-b8cabc.o(.text.SDOSERVICE_abort)
    SDOSERVICE_download_block                0x11002c89   Thumb Code     2  lto-llvm-b8cabc.o(.text.SDOSERVICE_download_block)
    [Anonymous Symbol]                       0x11002c88   Section        0  lto-llvm-b8cabc.o(.text.SDOSERVICE_download_block)
    SDOSERVICE_download_initiate             0x11002c8d   Thumb Code  1150  lto-llvm-b8cabc.o(.text.SDOSERVICE_download_initiate)
    [Anonymous Symbol]                       0x11002c8c   Section        0  lto-llvm-b8cabc.o(.text.SDOSERVICE_download_initiate)
    SDOSERVICE_download_segment              0x1100310d   Thumb Code   284  lto-llvm-b8cabc.o(.text.SDOSERVICE_download_segment)
    [Anonymous Symbol]                       0x1100310c   Section        0  lto-llvm-b8cabc.o(.text.SDOSERVICE_download_segment)
    SDOSERVICE_error                         0x11003229   Thumb Code     2  lto-llvm-b8cabc.o(.text.SDOSERVICE_error)
    [Anonymous Symbol]                       0x11003228   Section        0  lto-llvm-b8cabc.o(.text.SDOSERVICE_error)
    SDOSERVICE_upload_block                  0x1100322d   Thumb Code     2  lto-llvm-b8cabc.o(.text.SDOSERVICE_upload_block)
    [Anonymous Symbol]                       0x1100322c   Section        0  lto-llvm-b8cabc.o(.text.SDOSERVICE_upload_block)
    SDOSERVICE_upload_initiate               0x11003231   Thumb Code  1084  lto-llvm-b8cabc.o(.text.SDOSERVICE_upload_initiate)
    [Anonymous Symbol]                       0x11003230   Section        0  lto-llvm-b8cabc.o(.text.SDOSERVICE_upload_initiate)
    SDOSERVICE_upload_segment                0x1100366d   Thumb Code   262  lto-llvm-b8cabc.o(.text.SDOSERVICE_upload_segment)
    [Anonymous Symbol]                       0x1100366c   Section        0  lto-llvm-b8cabc.o(.text.SDOSERVICE_upload_segment)
    SamplingControl                          0x11003775   Thumb Code   236  lto-llvm-b8cabc.o(.text.SamplingControl)
    [Anonymous Symbol]                       0x11003774   Section        0  lto-llvm-b8cabc.o(.text.SamplingControl)
    [Anonymous Symbol]                       0x11003860   Section        0  lto-llvm-b8cabc.o(.text.SysTick_Handler)
    [Anonymous Symbol]                       0x11003870   Section        0  lto-llvm-b8cabc.o(.text.SystemInit)
    TRCH_EventService                        0x11003aad   Thumb Code    56  lto-llvm-b8cabc.o(.text.TRCH_EventService)
    [Anonymous Symbol]                       0x11003aac   Section        0  lto-llvm-b8cabc.o(.text.TRCH_EventService)
    TRCH_EventCmd                            0x11003ad4   Number         0  lto-llvm-b8cabc.o(.text.TRCH_EventService)
    TRCH_EventService_deinit                 0x11003ae5   Thumb Code    22  lto-llvm-b8cabc.o(.text.TRCH_EventService_deinit)
    [Anonymous Symbol]                       0x11003ae4   Section        0  lto-llvm-b8cabc.o(.text.TRCH_EventService_deinit)
    TRCH_EventService_init                   0x11003afd   Thumb Code    26  lto-llvm-b8cabc.o(.text.TRCH_EventService_init)
    [Anonymous Symbol]                       0x11003afc   Section        0  lto-llvm-b8cabc.o(.text.TRCH_EventService_init)
    TRCH_ParameterService                    0x11003b19   Thumb Code    56  lto-llvm-b8cabc.o(.text.TRCH_ParameterService)
    [Anonymous Symbol]                       0x11003b18   Section        0  lto-llvm-b8cabc.o(.text.TRCH_ParameterService)
    TRCH_ParameterCmd                        0x11003b40   Number         0  lto-llvm-b8cabc.o(.text.TRCH_ParameterService)
    TRCH_ParameterService_deinit             0x11003b51   Thumb Code    16  lto-llvm-b8cabc.o(.text.TRCH_ParameterService_deinit)
    [Anonymous Symbol]                       0x11003b50   Section        0  lto-llvm-b8cabc.o(.text.TRCH_ParameterService_deinit)
    TRCH_ParameterService_init               0x11003b61   Thumb Code    16  lto-llvm-b8cabc.o(.text.TRCH_ParameterService_init)
    [Anonymous Symbol]                       0x11003b60   Section        0  lto-llvm-b8cabc.o(.text.TRCH_ParameterService_init)
    TRCH_SamplingService                     0x11003b71   Thumb Code    64  lto-llvm-b8cabc.o(.text.TRCH_SamplingService)
    [Anonymous Symbol]                       0x11003b70   Section        0  lto-llvm-b8cabc.o(.text.TRCH_SamplingService)
    TRCH_SamplingCmd                         0x11003b98   Number         0  lto-llvm-b8cabc.o(.text.TRCH_SamplingService)
    TRCH_SamplingService_ProcessSampling     0x11003bb1   Thumb Code   334  lto-llvm-b8cabc.o(.text.TRCH_SamplingService_ProcessSampling)
    [Anonymous Symbol]                       0x11003bb0   Section        0  lto-llvm-b8cabc.o(.text.TRCH_SamplingService_ProcessSampling)
    TRCH_SamplingService_deinit              0x11003d01   Thumb Code    16  lto-llvm-b8cabc.o(.text.TRCH_SamplingService_deinit)
    [Anonymous Symbol]                       0x11003d00   Section        0  lto-llvm-b8cabc.o(.text.TRCH_SamplingService_deinit)
    TRCH_SamplingService_init                0x11003d11   Thumb Code    58  lto-llvm-b8cabc.o(.text.TRCH_SamplingService_init)
    [Anonymous Symbol]                       0x11003d10   Section        0  lto-llvm-b8cabc.o(.text.TRCH_SamplingService_init)
    TRCH_Service_TRCH_EnableDisableServices  0x11003d4d   Thumb Code    86  lto-llvm-b8cabc.o(.text.TRCH_Service_TRCH_EnableDisableServices)
    [Anonymous Symbol]                       0x11003d4c   Section        0  lto-llvm-b8cabc.o(.text.TRCH_Service_TRCH_EnableDisableServices)
    TRCH_Service_TRCH_GetConfiguration       0x11003da5   Thumb Code    32  lto-llvm-b8cabc.o(.text.TRCH_Service_TRCH_GetConfiguration)
    [Anonymous Symbol]                       0x11003da4   Section        0  lto-llvm-b8cabc.o(.text.TRCH_Service_TRCH_GetConfiguration)
    TRCH_Service_TRCH_GetFrameStatistics     0x11003dc5   Thumb Code    58  lto-llvm-b8cabc.o(.text.TRCH_Service_TRCH_GetFrameStatistics)
    [Anonymous Symbol]                       0x11003dc4   Section        0  lto-llvm-b8cabc.o(.text.TRCH_Service_TRCH_GetFrameStatistics)
    TRCH_Service_TRCH_Reset                  0x11003e01   Thumb Code    22  lto-llvm-b8cabc.o(.text.TRCH_Service_TRCH_Reset)
    [Anonymous Symbol]                       0x11003e00   Section        0  lto-llvm-b8cabc.o(.text.TRCH_Service_TRCH_Reset)
    TRCH_Service_TRCH_SetGetTraceId          0x11003e19   Thumb Code    72  lto-llvm-b8cabc.o(.text.TRCH_Service_TRCH_SetGetTraceId)
    [Anonymous Symbol]                       0x11003e18   Section        0  lto-llvm-b8cabc.o(.text.TRCH_Service_TRCH_SetGetTraceId)
    TRCH_Service_TRCH_SyncTargetTime         0x11003e61   Thumb Code    82  lto-llvm-b8cabc.o(.text.TRCH_Service_TRCH_SyncTargetTime)
    [Anonymous Symbol]                       0x11003e60   Section        0  lto-llvm-b8cabc.o(.text.TRCH_Service_TRCH_SyncTargetTime)
    TRCH_Service_TraceHandler                0x11003eb5   Thumb Code    72  lto-llvm-b8cabc.o(.text.TRCH_Service_TraceHandler)
    [Anonymous Symbol]                       0x11003eb4   Section        0  lto-llvm-b8cabc.o(.text.TRCH_Service_TraceHandler)
    TRCH_TraceHandlerCmd                     0x11003edc   Number         0  lto-llvm-b8cabc.o(.text.TRCH_Service_TraceHandler)
    TRCH_StreamingService                    0x11003efd   Thumb Code    56  lto-llvm-b8cabc.o(.text.TRCH_StreamingService)
    [Anonymous Symbol]                       0x11003efc   Section        0  lto-llvm-b8cabc.o(.text.TRCH_StreamingService)
    TRCH_StreamingCmd                        0x11003f24   Number         0  lto-llvm-b8cabc.o(.text.TRCH_StreamingService)
    TRCH_StreamingService_Configure          0x11003f35   Thumb Code   406  lto-llvm-b8cabc.o(.text.TRCH_StreamingService_Configure)
    [Anonymous Symbol]                       0x11003f34   Section        0  lto-llvm-b8cabc.o(.text.TRCH_StreamingService_Configure)
    TRCH_StreamingService_GetConfiguration   0x110040cd   Thumb Code    32  lto-llvm-b8cabc.o(.text.TRCH_StreamingService_GetConfiguration)
    [Anonymous Symbol]                       0x110040cc   Section        0  lto-llvm-b8cabc.o(.text.TRCH_StreamingService_GetConfiguration)
    TRCH_StreamingService_MapChannels        0x110040ed   Thumb Code    26  lto-llvm-b8cabc.o(.text.TRCH_StreamingService_MapChannels)
    [Anonymous Symbol]                       0x110040ec   Section        0  lto-llvm-b8cabc.o(.text.TRCH_StreamingService_MapChannels)
    TRCH_StreamingService_deinit             0x11004109   Thumb Code    70  lto-llvm-b8cabc.o(.text.TRCH_StreamingService_deinit)
    [Anonymous Symbol]                       0x11004108   Section        0  lto-llvm-b8cabc.o(.text.TRCH_StreamingService_deinit)
    TRCH_StreamingService_init               0x11004151   Thumb Code   118  lto-llvm-b8cabc.o(.text.TRCH_StreamingService_init)
    [Anonymous Symbol]                       0x11004150   Section        0  lto-llvm-b8cabc.o(.text.TRCH_StreamingService_init)
    [Anonymous Symbol]                       0x110041c8   Section        0  lto-llvm-b8cabc.o(.text.UsageFault_Handler)
    [Anonymous Symbol]                       0x110041cc   Section        0  lto-llvm-b8cabc.o(.text.main)
    SDOSERVICE_CMD_CCS                       0x1100553c   Number         0  lto-llvm-b8cabc.o(.text.main)
    Long Thumb to Thumb Veneer to Ifx_Math_Pi_F16_execute 0x1100555d   Thumb Code    10  anon$$obj.o(Veneer$$Code)
    Long Thumb to Thumb Veneer to Ifx_MAS_Modulator_F16_updatePolar7SegQ16 0x11005585   Thumb Code    10  anon$$obj.o(Veneer$$Code)
    i.__scatterload_copy                     0x1100558e   Section       14  handlers.o(i.__scatterload_copy)
    i.__scatterload_null                     0x1100559c   Section        2  handlers.o(i.__scatterload_null)
    i.__scatterload_zeroinit                 0x1100559e   Section       14  handlers.o(i.__scatterload_zeroinit)
    Ifx_FRW_ParamTable_Table                 0x110055ac   Data        3880  lto-llvm-b8cabc.o(.rodata.Ifx_FRW_ParamTable_Table)
    [Anonymous Symbol]                       0x110055ac   Section        0  lto-llvm-b8cabc.o(.rodata.Ifx_FRW_ParamTable_Table)
    Ifx_MAS_Modulator_F16_lutSin60Sqrt3      0x110064d4   Data        8192  lto-llvm-b8cabc.o(.rodata.Ifx_MAS_Modulator_F16_lutSin60Sqrt3)
    [Anonymous Symbol]                       0x110064d4   Section        0  lto-llvm-b8cabc.o(.rodata.Ifx_MAS_Modulator_F16_lutSin60Sqrt3)
    Ifx_Math_Lut_Atan_F16_table              0x110084d4   Data        2050  lto-llvm-b8cabc.o(.rodata.Ifx_Math_Lut_Atan_F16_table)
    [Anonymous Symbol]                       0x110084d4   Section        0  lto-llvm-b8cabc.o(.rodata.Ifx_Math_Lut_Atan_F16_table)
    Ifx_Math_Lut_CartToPolar_F16_table       0x11008cd6   Data        2050  lto-llvm-b8cabc.o(.rodata.Ifx_Math_Lut_CartToPolar_F16_table)
    [Anonymous Symbol]                       0x11008cd6   Section        0  lto-llvm-b8cabc.o(.rodata.Ifx_Math_Lut_CartToPolar_F16_table)
    Ifx_Math_Lut_Sincos_F16_table            0x110094d8   Data        2050  lto-llvm-b8cabc.o(.rodata.Ifx_Math_Lut_Sincos_F16_table)
    [Anonymous Symbol]                       0x110094d8   Section        0  lto-llvm-b8cabc.o(.rodata.Ifx_Math_Lut_Sincos_F16_table)
    TRCH_CallService                         0x11009cdc   Data          84  lto-llvm-b8cabc.o(.rodata.TRCH_CallService)
    [Anonymous Symbol]                       0x11009cdc   Section        0  lto-llvm-b8cabc.o(.rodata.TRCH_CallService)
    TRCH_Event_cnf                           0x11009d30   Data          12  lto-llvm-b8cabc.o(.rodata.TRCH_Event_cnf)
    [Anonymous Symbol]                       0x11009d30   Section        0  lto-llvm-b8cabc.o(.rodata.TRCH_Event_cnf)
    TRCH_Streaming_cnf                       0x11009d3c   Data          12  lto-llvm-b8cabc.o(.rodata.TRCH_Streaming_cnf)
    [Anonymous Symbol]                       0x11009d3c   Section        0  lto-llvm-b8cabc.o(.rodata.TRCH_Streaming_cnf)
    TRCH_Sampling_cnf                        0x11009d48   Data          16  lto-llvm-b8cabc.o(.rodata.cst16)
    TRCH_Parameter_cnf                       0x11009d58   Data           8  lto-llvm-b8cabc.o(.rodata.cst8)
    TRCH_cnf                                 0x11009d60   Data           8  lto-llvm-b8cabc.o(.rodata.cst8)
    __tagsym$$used.9                         0x1101effc   Number         0  lto-llvm-b8cabc.o(.ARM.__at_0x1101EFFC)
    __tagsym$$used.4                         0x18000018   Number         0  lto-llvm-b8cabc.o(.text.Ifx_FHA_TbStreaming_tick)
    [Anonymous Symbol]                       0x18000018   Section        0  lto-llvm-b8cabc.o(.text.Ifx_FHA_TbStreaming_tick)
    Ifx_MAS_Modulator_F16_updatePolar7SegQ16 0x180000a5   Thumb Code   708  lto-llvm-b8cabc.o(.text.Ifx_MAS_Modulator_F16_updatePolar7SegQ16)
    __tagsym$$used.0                         0x180000a4   Number         0  lto-llvm-b8cabc.o(.text.Ifx_MAS_Modulator_F16_updatePolar7SegQ16)
    [Anonymous Symbol]                       0x180000a4   Section        0  lto-llvm-b8cabc.o(.text.Ifx_MAS_Modulator_F16_updatePolar7SegQ16)
    __tagsym$$used.1                         0x18000368   Number         0  lto-llvm-b8cabc.o(.text.Ifx_MDA_FluxEstimator_F16_execute)
    [Anonymous Symbol]                       0x18000368   Section        0  lto-llvm-b8cabc.o(.text.Ifx_MDA_FluxEstimator_F16_execute)
    __tagsym$$used.2                         0x180004e8   Number         0  lto-llvm-b8cabc.o(.text.Ifx_MDA_FocController_F16_execute)
    [Anonymous Symbol]                       0x180004e8   Section        0  lto-llvm-b8cabc.o(.text.Ifx_MDA_FocController_F16_execute)
    __tagsym$$used.3                         0x18000728   Number         0  lto-llvm-b8cabc.o(.text.Ifx_MHA_MeasurementADC_F16_TLE987_execute)
    [Anonymous Symbol]                       0x18000728   Section        0  lto-llvm-b8cabc.o(.text.Ifx_MHA_MeasurementADC_F16_TLE987_execute)
    Ifx_Math_Pi_F16_execute                  0x18000875   Thumb Code   202  lto-llvm-b8cabc.o(.text.Ifx_Math_Pi_F16_execute)
    [Anonymous Symbol]                       0x18000874   Section        0  lto-llvm-b8cabc.o(.text.Ifx_Math_Pi_F16_execute)
    DTI_buffer                               0x18000940   Data          64  lto-llvm-b8cabc.o(.data.DTI_buffer)
    [Anonymous Symbol]                       0x18000940   Section        0  lto-llvm-b8cabc.o(.data.DTI_buffer)
    DTI_interface_ProcessStreaming.counter   0x18000980   Data           4  lto-llvm-b8cabc.o(.data.DTI_interface_ProcessStreaming.counter)
    [Anonymous Symbol]                       0x18000980   Section        0  lto-llvm-b8cabc.o(.data.DTI_interface_ProcessStreaming.counter)
    DTI_linklayer_RX.state                   0x18000984   Data           1  lto-llvm-b8cabc.o(.data.DTI_linklayer_RX.state)
    [Anonymous Symbol]                       0x18000984   Section        0  lto-llvm-b8cabc.o(.data.DTI_linklayer_RX.state)
    TRCH_Event_var                           0x18000988   Data          48  lto-llvm-b8cabc.o(.data.TRCH_Event_var)
    [Anonymous Symbol]                       0x18000988   Section        0  lto-llvm-b8cabc.o(.data.TRCH_Event_var)
    TRCH_SamplingService_ProcessSampling.counter 0x180009b8   Data           4  lto-llvm-b8cabc.o(.data.TRCH_SamplingService_ProcessSampling.counter)
    [Anonymous Symbol]                       0x180009b8   Section        0  lto-llvm-b8cabc.o(.data.TRCH_SamplingService_ProcessSampling.counter)
    TRCH_Sampling_var                        0x180009bc   Data          52  lto-llvm-b8cabc.o(.data.TRCH_Sampling_var)
    [Anonymous Symbol]                       0x180009bc   Section        0  lto-llvm-b8cabc.o(.data.TRCH_Sampling_var)
    TRCH_var                                 0x180009f0   Data          12  lto-llvm-b8cabc.o(.data.TRCH_var)
    [Anonymous Symbol]                       0x180009f0   Section        0  lto-llvm-b8cabc.o(.data.TRCH_var)
    g_fluxEstimatorParam                     0x180009fc   Data          32  lto-llvm-b8cabc.o(.data.g_fluxEstimatorParam)
    [Anonymous Symbol]                       0x180009fc   Section        0  lto-llvm-b8cabc.o(.data.g_fluxEstimatorParam)
    g_focControllerParam                     0x18000a1c   Data          32  lto-llvm-b8cabc.o(.data.g_focControllerParam)
    [Anonymous Symbol]                       0x18000a1c   Section        0  lto-llvm-b8cabc.o(.data.g_focControllerParam)
    g_focSolutionParam                       0x18000a3c   Data          68  lto-llvm-b8cabc.o(.data.g_focSolutionParam)
    [Anonymous Symbol]                       0x18000a3c   Section        0  lto-llvm-b8cabc.o(.data.g_focSolutionParam)
    g_iToFParam                              0x18000a80   Data           2  lto-llvm-b8cabc.o(.data.g_iToFParam)
    [Anonymous Symbol]                       0x18000a80   Section        0  lto-llvm-b8cabc.o(.data.g_iToFParam)
    __tagsym$$used.6                         0x18000a84   Number         0  lto-llvm-b8cabc.o(.data.g_mctrlExample)
    g_mctrlExampleParam                      0x18000a8c   Data           8  lto-llvm-b8cabc.o(.data.g_mctrlExampleParam)
    [Anonymous Symbol]                       0x18000a8c   Section        0  lto-llvm-b8cabc.o(.data.g_mctrlExampleParam)
    g_modulatorParam                         0x18000a94   Data          18  lto-llvm-b8cabc.o(.data.g_modulatorParam)
    [Anonymous Symbol]                       0x18000a94   Section        0  lto-llvm-b8cabc.o(.data.g_modulatorParam)
    g_vToFControllerParam                    0x18000aa6   Data          12  lto-llvm-b8cabc.o(.data.g_vToFControllerParam)
    [Anonymous Symbol]                       0x18000aa6   Section        0  lto-llvm-b8cabc.o(.data.g_vToFControllerParam)
    __tagsym$$used.5                         0x18000ab2   Number         0  lto-llvm-b8cabc.o(.data.u8StreamingON)
    DTI_Arbitration_TX.port                  0x18000ab4   Data           4  lto-llvm-b8cabc.o(.bss.DTI_Arbitration_TX.port)
    [Anonymous Symbol]                       0x18000ab4   Section        0  lto-llvm-b8cabc.o(.bss.DTI_Arbitration_TX.port)
    DTI_Arbitration_TX.portnumber            0x18000ab8   Data           1  lto-llvm-b8cabc.o(.bss.DTI_Arbitration_TX.portnumber)
    [Anonymous Symbol]                       0x18000ab8   Section        0  lto-llvm-b8cabc.o(.bss.DTI_Arbitration_TX.portnumber)
    DTI_arbiter                              0x18000abc   Data         120  lto-llvm-b8cabc.o(.bss.DTI_arbiter)
    [Anonymous Symbol]                       0x18000abc   Section        0  lto-llvm-b8cabc.o(.bss.DTI_arbiter)
    DTI_arbiter_DeserializeLong_RX.datalength 0x18000b34   Data           4  lto-llvm-b8cabc.o(.bss.DTI_arbiter_DeserializeLong_RX.datalength)
    [Anonymous Symbol]                       0x18000b34   Section        0  lto-llvm-b8cabc.o(.bss.DTI_arbiter_DeserializeLong_RX.datalength)
    DTI_arbiter_SerializeLong_TX.AO          0x18000b38   Data           1  lto-llvm-b8cabc.o(.bss.DTI_arbiter_SerializeLong_TX.AO)
    [Anonymous Symbol]                       0x18000b38   Section        0  lto-llvm-b8cabc.o(.bss.DTI_arbiter_SerializeLong_TX.AO)
    DTI_arbiter_SerializeShort_TX.AO         0x18000b3c   Data           1  lto-llvm-b8cabc.o(.bss.DTI_arbiter_SerializeShort_TX.AO)
    [Anonymous Symbol]                       0x18000b3c   Section        0  lto-llvm-b8cabc.o(.bss.DTI_arbiter_SerializeShort_TX.AO)
    DTI_linklayer_RX.pointer                 0x18000b40   Data           4  lto-llvm-b8cabc.o(.bss.DTI_linklayer_RX.pointer)
    [Anonymous Symbol]                       0x18000b40   Section        0  lto-llvm-b8cabc.o(.bss.DTI_linklayer_RX.pointer)
    DTI_router                               0x18000b44   Data          96  lto-llvm-b8cabc.o(.bss.DTI_router)
    [Anonymous Symbol]                       0x18000b44   Section        0  lto-llvm-b8cabc.o(.bss.DTI_router)
    DTI_var.2                                0x18000ba4   Data           1  lto-llvm-b8cabc.o(.bss.DTI_var.2)
    [Anonymous Symbol]                       0x18000ba4   Section        0  lto-llvm-b8cabc.o(.bss.DTI_var.2)
    __tagsym$$used.7                         0x18000ba8   Number         0  lto-llvm-b8cabc.o(.bss.FocDemoClosedLoop)
    Ifx_FHA_TbStreaming_TLE987_g_DMAEntryCh2Pri 0x18000dfc   Data           4  lto-llvm-b8cabc.o(.bss.Ifx_FHA_TbStreaming_TLE987_g_DMAEntryCh2Pri)
    [Anonymous Symbol]                       0x18000dfc   Section        0  lto-llvm-b8cabc.o(.bss.Ifx_FHA_TbStreaming_TLE987_g_DMAEntryCh2Pri)
    Ifx_FHA_TbStreaming_TLE987_g_sampleCounter 0x18000e00   Data           2  lto-llvm-b8cabc.o(.bss.Ifx_FHA_TbStreaming_TLE987_g_sampleCounter)
    [Anonymous Symbol]                       0x18000e00   Section        0  lto-llvm-b8cabc.o(.bss.Ifx_FHA_TbStreaming_TLE987_g_sampleCounter)
    Ifx_FHA_TbStreaming_TLE987_txBuffer      0x18000e02   Data          24  lto-llvm-b8cabc.o(.bss.Ifx_FHA_TbStreaming_TLE987_txBuffer)
    [Anonymous Symbol]                       0x18000e02   Section        0  lto-llvm-b8cabc.o(.bss.Ifx_FHA_TbStreaming_TLE987_txBuffer)
    __tagsym$$used.8                         0x18000e1c   Number         0  lto-llvm-b8cabc.o(.bss.Ifx_FHA_TbStreaming_g_txPointers)
    Ifx_FOC_oneMatchCallback.com_counter     0x18000e4c   Data           1  lto-llvm-b8cabc.o(.bss.Ifx_FOC_oneMatchCallback.com_counter)
    [Anonymous Symbol]                       0x18000e4c   Section        0  lto-llvm-b8cabc.o(.bss.Ifx_FOC_oneMatchCallback.com_counter)
    MSGH_SDO_request_buffer                  0x18000e50   Data           8  lto-llvm-b8cabc.o(.bss.MSGH_SDO_request_buffer)
    [Anonymous Symbol]                       0x18000e50   Section        0  lto-llvm-b8cabc.o(.bss.MSGH_SDO_request_buffer)
    MSGH_SDO_response_buffer                 0x18000e58   Data           8  lto-llvm-b8cabc.o(.bss.MSGH_SDO_response_buffer)
    [Anonymous Symbol]                       0x18000e58   Section        0  lto-llvm-b8cabc.o(.bss.MSGH_SDO_response_buffer)
    SDOSERVICE_var                           0x18000e60   Data          12  lto-llvm-b8cabc.o(.bss.SDOSERVICE_var)
    [Anonymous Symbol]                       0x18000e60   Section        0  lto-llvm-b8cabc.o(.bss.SDOSERVICE_var)
    TRCH_Event_EvOut                         0x18000e6c   Data           4  lto-llvm-b8cabc.o(.bss.TRCH_Event_EvOut)
    [Anonymous Symbol]                       0x18000e6c   Section        0  lto-llvm-b8cabc.o(.bss.TRCH_Event_EvOut)
    TRCH_Parameter_var                       0x18000e70   Data          32  lto-llvm-b8cabc.o(.bss.TRCH_Parameter_var)
    [Anonymous Symbol]                       0x18000e70   Section        0  lto-llvm-b8cabc.o(.bss.TRCH_Parameter_var)
    TRCH_ProcessTrace.subblock               0x18000e90   Data           1  lto-llvm-b8cabc.o(.bss.TRCH_ProcessTrace.subblock)
    [Anonymous Symbol]                       0x18000e90   Section        0  lto-llvm-b8cabc.o(.bss.TRCH_ProcessTrace.subblock)
    TRCH_SamplingBuffer                      0x18000e92   Data           2  lto-llvm-b8cabc.o(.bss.TRCH_SamplingBuffer)
    [Anonymous Symbol]                       0x18000e92   Section        0  lto-llvm-b8cabc.o(.bss.TRCH_SamplingBuffer)
    TRCH_SamplingService_ClockCallback       0x18000e94   Data           4  lto-llvm-b8cabc.o(.bss.TRCH_SamplingService_ClockCallback)
    [Anonymous Symbol]                       0x18000e94   Section        0  lto-llvm-b8cabc.o(.bss.TRCH_SamplingService_ClockCallback)
    TRCH_StreamingService_ClockCallback      0x18000e98   Data           4  lto-llvm-b8cabc.o(.bss.TRCH_StreamingService_ClockCallback)
    [Anonymous Symbol]                       0x18000e98   Section        0  lto-llvm-b8cabc.o(.bss.TRCH_StreamingService_ClockCallback)
    TRCH_request_buffer                      0x18000e9c   Data          24  lto-llvm-b8cabc.o(.bss.TRCH_request_buffer)
    [Anonymous Symbol]                       0x18000e9c   Section        0  lto-llvm-b8cabc.o(.bss.TRCH_request_buffer)
    TRCH_response_buffer                     0x18000eb4   Data          24  lto-llvm-b8cabc.o(.bss.TRCH_response_buffer)
    [Anonymous Symbol]                       0x18000eb4   Section        0  lto-llvm-b8cabc.o(.bss.TRCH_response_buffer)
    WD_Counter                               0x18000ecc   Data           4  lto-llvm-b8cabc.o(.bss.WD_Counter)
    [Anonymous Symbol]                       0x18000ecc   Section        0  lto-llvm-b8cabc.o(.bss.WD_Counter)
    com_g_firstPackageReceived               0x18000ed0   Data           1  lto-llvm-b8cabc.o(.bss.com_g_firstPackageReceived)
    [Anonymous Symbol]                       0x18000ed0   Section        0  lto-llvm-b8cabc.o(.bss.com_g_firstPackageReceived)
    com_g_timeoutCounter                     0x18000ed2   Data           2  lto-llvm-b8cabc.o(.bss.com_g_timeoutCounter)
    [Anonymous Symbol]                       0x18000ed2   Section        0  lto-llvm-b8cabc.o(.bss.com_g_timeoutCounter)
    main_fastProcessTimer_50us               0x18000ed4   Data           4  lto-llvm-b8cabc.o(.bss.main_fastProcessTimer_50us)
    [Anonymous Symbol]                       0x18000ed4   Section        0  lto-llvm-b8cabc.o(.bss.main_fastProcessTimer_50us)
    receiveBuffer                            0x18000ed8   Data          68  lto-llvm-b8cabc.o(.bss.receiveBuffer)
    [Anonymous Symbol]                       0x18000ed8   Section        0  lto-llvm-b8cabc.o(.bss.receiveBuffer)
    sendBuffer                               0x18000f1c   Data          68  lto-llvm-b8cabc.o(.bss.sendBuffer)
    [Anonymous Symbol]                       0x18000f1c   Section        0  lto-llvm-b8cabc.o(.bss.sendBuffer)
    STACK                                    0x18000f60   Section      512  startup_tle987x.o(STACK)
    DMA_Entry_Ch2_Pri                        0x18001620   Data          16  lto-llvm-b8cabc.o(.bss.ARM.__at_0x18001620u)
    [Anonymous Symbol]                       0x18001620   Section        0  lto-llvm-b8cabc.o(.bss.ARM.__at_0x18001620u)

    Global Symbols

    Symbol Name                              Value     Ov Type        Size  Object(Section)

    BuildAttributes$$THM_ISAv4$P$D$K$B$S$PE$A:L22UL41UL21$X:L11$S22US41US21$IEEE1$IW$~IW$USESV6$~STKCKD$USESV7$~SHL$OTIME$IEEEF$EBA8$MICROLIB$REQ8$PRES8$EABIv2 0x00000000   Number         0  anon$$obj.o ABSOLUTE
    __cpp_initialize__aeabi_                  - Undefined Weak Reference
    __cxa_finalize                            - Undefined Weak Reference
    _clock_init                               - Undefined Weak Reference
    _microlib_exit                            - Undefined Weak Reference
    __Vectors_Size                           0x00000080   Number         0  startup_tle987x.o ABSOLUTE
    __Vectors                                0x11000000   Data           4  startup_tle987x.o(RESET)
    __Vectors_End                            0x11000080   Data           0  startup_tle987x.o(RESET)
    __main                                   0x11000081   Thumb Code     0  entry.o(.ARM.Collect$$$$00000000)
    _main_stk                                0x11000081   Thumb Code     0  entry2.o(.ARM.Collect$$$$00000001)
    _main_scatterload                        0x11000085   Thumb Code     0  entry5.o(.ARM.Collect$$$$00000004)
    __main_after_scatterload                 0x11000089   Thumb Code     0  entry5.o(.ARM.Collect$$$$00000004)
    _main_clock                              0x11000089   Thumb Code     0  entry7b.o(.ARM.Collect$$$$00000008)
    _main_cpp_init                           0x11000089   Thumb Code     0  entry8b.o(.ARM.Collect$$$$0000000A)
    _main_init                               0x11000089   Thumb Code     0  entry9a.o(.ARM.Collect$$$$0000000B)
    __rt_final_cpp                           0x11000091   Thumb Code     0  entry10a.o(.ARM.Collect$$$$0000000D)
    __rt_final_exit                          0x11000091   Thumb Code     0  entry11a.o(.ARM.Collect$$$$0000000F)
    Reset_Handler                            0x11000095   Thumb Code     8  startup_tle987x.o(.text)
    SVC_Handler_main                         0x1100009d   Thumb Code     2  startup_tle987x.o(.text)
    NMI_Handler                              0x1100009f   Thumb Code     2  startup_tle987x.o(.text)
    DebugMon_Handler                         0x110000c1   Thumb Code     2  startup_tle987x.o(.text)
    ADC1_IRQHandler                          0x110000c7   Thumb Code     0  startup_tle987x.o(.text)
    ADC2_IRQHandler                          0x110000c7   Thumb Code     0  startup_tle987x.o(.text)
    BDRV_IRQHandler                          0x110000c7   Thumb Code     0  startup_tle987x.o(.text)
    CCU6SR0_IRQHandler                       0x110000c7   Thumb Code     0  startup_tle987x.o(.text)
    CCU6SR2_IRQHandler                       0x110000c7   Thumb Code     0  startup_tle987x.o(.text)
    CCU6SR3_IRQHandler                       0x110000c7   Thumb Code     0  startup_tle987x.o(.text)
    DMA_IRQHandler                           0x110000c7   Thumb Code     0  startup_tle987x.o(.text)
    EXINT0_IRQHandler                        0x110000c7   Thumb Code     0  startup_tle987x.o(.text)
    EXINT1_IRQHandler                        0x110000c7   Thumb Code     0  startup_tle987x.o(.text)
    GPT1_IRQHandler                          0x110000c7   Thumb Code     0  startup_tle987x.o(.text)
    SSC1_IRQHandler                          0x110000c7   Thumb Code     0  startup_tle987x.o(.text)
    SSC2_IRQHandler                          0x110000c7   Thumb Code     0  startup_tle987x.o(.text)
    UART1_IRQHandler                         0x110000c7   Thumb Code     0  startup_tle987x.o(.text)
    UART2_IRQHandler                         0x110000c7   Thumb Code     0  startup_tle987x.o(.text)
    __scatterload                            0x110000d5   Thumb Code    28  init.o(.text)
    __scatterload_rt2                        0x110000d5   Thumb Code     0  init.o(.text)
    __aeabi_uldivmod                         0x110000f9   Thumb Code    98  uldiv.o(.text)
    __aeabi_ldivmod                          0x1100015b   Thumb Code    98  ldiv.o(.text)
    __aeabi_memcpy                           0x110001bd   Thumb Code    36  memcpya.o(.text)
    __aeabi_memcpy4                          0x110001bd   Thumb Code     0  memcpya.o(.text)
    __aeabi_memcpy8                          0x110001bd   Thumb Code     0  memcpya.o(.text)
    __aeabi_memset                           0x110001e1   Thumb Code    14  memseta.o(.text)
    __aeabi_memset4                          0x110001e1   Thumb Code     0  memseta.o(.text)
    __aeabi_memset8                          0x110001e1   Thumb Code     0  memseta.o(.text)
    __aeabi_memclr                           0x110001ef   Thumb Code     4  memseta.o(.text)
    __aeabi_memclr4                          0x110001ef   Thumb Code     0  memseta.o(.text)
    __aeabi_memclr8                          0x110001ef   Thumb Code     0  memseta.o(.text)
    _memset$wrapper                          0x110001f3   Thumb Code    18  memseta.o(.text)
    __aeabi_llsl                             0x11000205   Thumb Code    30  llshl.o(.text)
    _ll_shift_l                              0x11000205   Thumb Code     0  llshl.o(.text)
    __aeabi_llsr                             0x11000223   Thumb Code    32  llushr.o(.text)
    _ll_ushift_r                             0x11000223   Thumb Code     0  llushr.o(.text)
    __decompress                             0x11000243   Thumb Code     0  __dczerorl.o(.text)
    __decompress0                            0x11000243   Thumb Code    58  __dczerorl.o(.text)
    BusFault_Handler                         0x1100027d   Thumb Code     2  lto-llvm-b8cabc.o(.text.BusFault_Handler)
    CCU6SR1_IRQHandler                       0x11000281   Thumb Code   540  lto-llvm-b8cabc.o(.text.CCU6SR1_IRQHandler)
    GPT2_IRQHandler                          0x11001239   Thumb Code  1840  lto-llvm-b8cabc.o(.text.GPT2_IRQHandler)
    HardFault_Handler                        0x110019f1   Thumb Code     2  lto-llvm-b8cabc.o(.text.HardFault_Handler)
    MemManage_Handler                        0x11002695   Thumb Code     2  lto-llvm-b8cabc.o(.text.MemManage_Handler)
    PendSV_Handler                           0x110026fd   Thumb Code  1416  lto-llvm-b8cabc.o(.text.PendSV_Handler)
    SysTick_Handler                          0x11003861   Thumb Code    16  lto-llvm-b8cabc.o(.text.SysTick_Handler)
    SystemInit                               0x11003871   Thumb Code   572  lto-llvm-b8cabc.o(.text.SystemInit)
    UsageFault_Handler                       0x110041c9   Thumb Code     2  lto-llvm-b8cabc.o(.text.UsageFault_Handler)
    main                                     0x110041cd   Thumb Code  5008  lto-llvm-b8cabc.o(.text.main)
    Long Thumb to Thumb Veneer to Ifx_MHA_MeasurementADC_F16_TLE987_execute 0x11005567   Thumb Code    10  anon$$obj.o(Veneer$$Code)
    Long Thumb to Thumb Veneer to Ifx_MDA_FluxEstimator_F16_execute 0x11005571   Thumb Code    10  anon$$obj.o(Veneer$$Code)
    Long Thumb to Thumb Veneer to Ifx_MDA_FocController_F16_execute 0x1100557b   Thumb Code    10  anon$$obj.o(Veneer$$Code)
    __scatterload_copy                       0x1100558f   Thumb Code    14  handlers.o(i.__scatterload_copy)
    __scatterload_null                       0x1100559d   Thumb Code     2  handlers.o(i.__scatterload_null)
    __scatterload_zeroinit                   0x1100559f   Thumb Code    14  handlers.o(i.__scatterload_zeroinit)
    Region$$Table$$Base                      0x11009d68   Number         0  anon$$obj.o(Region$$Table)
    Region$$Table$$Limit                     0x11009d98   Number         0  anon$$obj.o(Region$$Table)
    p_NACNAD                                 0x1101effc   Data           4  lto-llvm-b8cabc.o(.ARM.__at_0x1101EFFC)
    Ifx_FHA_TbStreaming_tick                 0x18000019   Thumb Code   140  lto-llvm-b8cabc.o(.text.Ifx_FHA_TbStreaming_tick)
    Ifx_MDA_FluxEstimator_F16_execute        0x18000369   Thumb Code   384  lto-llvm-b8cabc.o(.text.Ifx_MDA_FluxEstimator_F16_execute)
    Ifx_MDA_FocController_F16_execute        0x180004e9   Thumb Code   576  lto-llvm-b8cabc.o(.text.Ifx_MDA_FocController_F16_execute)
    Ifx_MHA_MeasurementADC_F16_TLE987_execute 0x18000729   Thumb Code   330  lto-llvm-b8cabc.o(.text.Ifx_MHA_MeasurementADC_F16_TLE987_execute)
    g_mctrlExample                           0x18000a84   Data           8  lto-llvm-b8cabc.o(.data.g_mctrlExample)
    u8StreamingON                            0x18000ab2   Data           1  lto-llvm-b8cabc.o(.data.u8StreamingON)
    FocDemoClosedLoop                        0x18000ba8   Data         596  lto-llvm-b8cabc.o(.bss.FocDemoClosedLoop)
    Ifx_FHA_TbStreaming_g_txPointers         0x18000e1c   Data          48  lto-llvm-b8cabc.o(.bss.Ifx_FHA_TbStreaming_g_txPointers)
    __initial_sp                             0x18001160   Data           0  startup_tle987x.o(STACK)



==============================================================================

Memory Map of the image

  Image Entry point : 0x11000081

  Load Region LR_IROM1 (Base: 0x11000000, Size: 0x0000a834, Max: 0x0001effc, ABSOLUTE, COMPRESSED[0x0000a770])

    Execution Region ER_IROM1 (Exec base: 0x11000000, Load base: 0x11000000, Size: 0x00009d98, Max: 0x0001effc, ABSOLUTE)

    Exec Addr    Load Addr    Size         Type   Attr      Idx    E Section Name        Object

    0x11000000   0x11000000   0x00000080   Data   RO           82    RESET               startup_tle987x.o
    0x11000080   0x11000080   0x00000000   Code   RO           95  * .ARM.Collect$$$$00000000  mc_w.l(entry.o)
    0x11000080   0x11000080   0x00000004   Code   RO           98    .ARM.Collect$$$$00000001  mc_w.l(entry2.o)
    0x11000084   0x11000084   0x00000004   Code   RO          101    .ARM.Collect$$$$00000004  mc_w.l(entry5.o)
    0x11000088   0x11000088   0x00000000   Code   RO          103    .ARM.Collect$$$$00000008  mc_w.l(entry7b.o)
    0x11000088   0x11000088   0x00000000   Code   RO          105    .ARM.Collect$$$$0000000A  mc_w.l(entry8b.o)
    0x11000088   0x11000088   0x00000008   Code   RO          106    .ARM.Collect$$$$0000000B  mc_w.l(entry9a.o)
    0x11000090   0x11000090   0x00000000   Code   RO          108    .ARM.Collect$$$$0000000D  mc_w.l(entry10a.o)
    0x11000090   0x11000090   0x00000000   Code   RO          110    .ARM.Collect$$$$0000000F  mc_w.l(entry11a.o)
    0x11000090   0x11000090   0x00000004   Code   RO           99    .ARM.Collect$$$$00002712  mc_w.l(entry2.o)
    0x11000094   0x11000094   0x00000040   Code   RO           83    .text               startup_tle987x.o
    0x110000d4   0x110000d4   0x00000024   Code   RO          112    .text               mc_w.l(init.o)
    0x110000f8   0x110000f8   0x00000062   Code   RO          441    .text               mc_w.l(uldiv.o)
    0x1100015a   0x1100015a   0x00000062   Code   RO          443    .text               mc_w.l(ldiv.o)
    0x110001bc   0x110001bc   0x00000024   Code   RO          445    .text               mc_w.l(memcpya.o)
    0x110001e0   0x110001e0   0x00000024   Code   RO          447    .text               mc_w.l(memseta.o)
    0x11000204   0x11000204   0x0000001e   Code   RO          451    .text               mc_w.l(llshl.o)
    0x11000222   0x11000222   0x00000020   Code   RO          453    .text               mc_w.l(llushr.o)
    0x11000242   0x11000242   0x0000003a   Code   RO          463    .text               mc_w.l(__dczerorl.o)
    0x1100027c   0x1100027c   0x00000002   Code   RO          365    .text.BusFault_Handler  lto-llvm-b8cabc.o
    0x1100027e   0x1100027e   0x00000002   PAD
    0x11000280   0x11000280   0x0000021c   Code   RO          359    .text.CCU6SR1_IRQHandler  lto-llvm-b8cabc.o
    0x1100049c   0x1100049c   0x000000e2   Code   RO          267    .text.ConfigureEvent  lto-llvm-b8cabc.o
    0x1100057e   0x1100057e   0x00000002   PAD
    0x11000580   0x11000580   0x0000004c   Code   RO          265    .text.ConfigureService  lto-llvm-b8cabc.o
    0x110005cc   0x110005cc   0x0000006c   Code   RO          297    .text.ConfigureService.153  lto-llvm-b8cabc.o
    0x11000638   0x11000638   0x00000428   Code   RO          293    .text.DTI_Routing_DD  lto-llvm-b8cabc.o
    0x11000a60   0x11000a60   0x00000436   Code   RO          291    .text.DTI_Routing_DU  lto-llvm-b8cabc.o
    0x11000e96   0x11000e96   0x00000002   PAD
    0x11000e98   0x11000e98   0x000000b4   Code   RO          341    .text.DTI_interface_ProcessStreaming  lto-llvm-b8cabc.o
    0x11000f4c   0x11000f4c   0x000001e2   Code   RO          277    .text.DTI_linklayer_RX  lto-llvm-b8cabc.o
    0x1100112e   0x1100112e   0x00000002   PAD
    0x11001130   0x11001130   0x00000108   Code   RO          275    .text.DTI_linklayer_TX  lto-llvm-b8cabc.o
    0x11001238   0x11001238   0x00000730   Code   RO          357    .text.GPT2_IRQHandler  lto-llvm-b8cabc.o
    0x11001968   0x11001968   0x00000026   Code   RO          303    .text.GetClockSourceScaling  lto-llvm-b8cabc.o
    0x1100198e   0x1100198e   0x00000002   PAD
    0x11001990   0x11001990   0x00000020   Code   RO          263    .text.GetConfiguration  lto-llvm-b8cabc.o
    0x110019b0   0x110019b0   0x00000020   Code   RO          279    .text.GetConfiguration.147  lto-llvm-b8cabc.o
    0x110019d0   0x110019d0   0x00000020   Code   RO          295    .text.GetConfiguration.152  lto-llvm-b8cabc.o
    0x110019f0   0x110019f0   0x00000002   Code   RO          361    .text.HardFault_Handler  lto-llvm-b8cabc.o
    0x110019f2   0x110019f2   0x00000002   PAD
    0x110019f4   0x110019f4   0x00000006   Code   RO          131    .text.Ifx_MAS_Modulator_F16_getDeadTime_tick  lto-llvm-b8cabc.o
    0x110019fa   0x110019fa   0x00000002   PAD
    0x110019fc   0x110019fc   0x00000006   Code   RO          135    .text.Ifx_MAS_Modulator_F16_getDriverDelay_tick  lto-llvm-b8cabc.o
    0x11001a02   0x11001a02   0x00000002   PAD
    0x11001a04   0x11001a04   0x00000008   Code   RO          147    .text.Ifx_MAS_Modulator_F16_getMaxAmplitude  lto-llvm-b8cabc.o
    0x11001a0c   0x11001a0c   0x00000006   Code   RO          127    .text.Ifx_MAS_Modulator_F16_getMeasurementTime_tick  lto-llvm-b8cabc.o
    0x11001a12   0x11001a12   0x00000002   PAD
    0x11001a14   0x11001a14   0x00000006   Code   RO          143    .text.Ifx_MAS_Modulator_F16_getPeriod_tick  lto-llvm-b8cabc.o
    0x11001a1a   0x11001a1a   0x00000002   PAD
    0x11001a1c   0x11001a1c   0x00000006   Code   RO          139    .text.Ifx_MAS_Modulator_F16_getRingingTime_tick  lto-llvm-b8cabc.o
    0x11001a22   0x11001a22   0x00000002   PAD
    0x11001a24   0x11001a24   0x00000046   Code   RO          133    .text.Ifx_MAS_Modulator_F16_setDeadTime_tick  lto-llvm-b8cabc.o
    0x11001a6a   0x11001a6a   0x00000002   PAD
    0x11001a6c   0x11001a6c   0x00000034   Code   RO          137    .text.Ifx_MAS_Modulator_F16_setDriverDelay_tick  lto-llvm-b8cabc.o
    0x11001aa0   0x11001aa0   0x00000006   Code   RO          149    .text.Ifx_MAS_Modulator_F16_setMaxAmplitude  lto-llvm-b8cabc.o
    0x11001aa6   0x11001aa6   0x00000002   PAD
    0x11001aa8   0x11001aa8   0x00000034   Code   RO          129    .text.Ifx_MAS_Modulator_F16_setMeasurementTime_tick  lto-llvm-b8cabc.o
    0x11001adc   0x11001adc   0x00000008   Code   RO          145    .text.Ifx_MAS_Modulator_F16_setPeriod_tick  lto-llvm-b8cabc.o
    0x11001ae4   0x11001ae4   0x0000003e   Code   RO          141    .text.Ifx_MAS_Modulator_F16_setRingingTime_tick  lto-llvm-b8cabc.o
    0x11001b22   0x11001b22   0x00000002   PAD
    0x11001b24   0x11001b24   0x00000006   Code   RO          151    .text.Ifx_MDA_FluxEstimator_F16_getMode  lto-llvm-b8cabc.o
    0x11001b2a   0x11001b2a   0x00000002   PAD
    0x11001b2c   0x11001b2c   0x00000052   Code   RO          197    .text.Ifx_MDA_FluxEstimator_F16_setAlphaTimeConstant  lto-llvm-b8cabc.o
    0x11001b7e   0x11001b7e   0x00000002   PAD
    0x11001b80   0x11001b80   0x00000052   Code   RO          199    .text.Ifx_MDA_FluxEstimator_F16_setBetaTimeConstant  lto-llvm-b8cabc.o
    0x11001bd2   0x11001bd2   0x00000002   PAD
    0x11001bd4   0x11001bd4   0x0000000a   Code   RO          207    .text.Ifx_MDA_FluxEstimator_F16_setPhaseIndAdjusted  lto-llvm-b8cabc.o
    0x11001bde   0x11001bde   0x00000002   PAD
    0x11001be0   0x11001be0   0x0000000a   Code   RO          205    .text.Ifx_MDA_FluxEstimator_F16_setPhaseRes  lto-llvm-b8cabc.o
    0x11001bea   0x11001bea   0x00000002   PAD
    0x11001bec   0x11001bec   0x0000008a   Code   RO          203    .text.Ifx_MDA_FluxEstimator_F16_setPllFilterPropGain  lto-llvm-b8cabc.o
    0x11001c76   0x11001c76   0x00000002   PAD
    0x11001c78   0x11001c78   0x000000e2   Code   RO          195    .text.Ifx_MDA_FluxEstimator_F16_setSamplingTime  lto-llvm-b8cabc.o
    0x11001d5a   0x11001d5a   0x00000002   PAD
    0x11001d5c   0x11001d5c   0x00000052   Code   RO          201    .text.Ifx_MDA_FluxEstimator_F16_setSpeedFilterTimeConstant  lto-llvm-b8cabc.o
    0x11001dae   0x11001dae   0x00000002   PAD
    0x11001db0   0x11001db0   0x00000046   Code   RO          221    .text.Ifx_MDA_FocController_F16_setCurrentDPiIntegGainSamplingTime  lto-llvm-b8cabc.o
    0x11001df6   0x11001df6   0x00000002   PAD
    0x11001df8   0x11001df8   0x00000008   Code   RO          211    .text.Ifx_MDA_FocController_F16_setCurrentDPiLowerLimit  lto-llvm-b8cabc.o
    0x11001e00   0x11001e00   0x0000003c   Code   RO          219    .text.Ifx_MDA_FocController_F16_setCurrentDPiPropGain  lto-llvm-b8cabc.o
    0x11001e3c   0x11001e3c   0x00000008   Code   RO          213    .text.Ifx_MDA_FocController_F16_setCurrentDPiUpperLimit  lto-llvm-b8cabc.o
    0x11001e44   0x11001e44   0x0000004c   Code   RO          225    .text.Ifx_MDA_FocController_F16_setCurrentQPiIntegGainSamplingTime  lto-llvm-b8cabc.o
    0x11001e90   0x11001e90   0x00000008   Code   RO          215    .text.Ifx_MDA_FocController_F16_setCurrentQPiLowerLimit  lto-llvm-b8cabc.o
    0x11001e98   0x11001e98   0x00000042   Code   RO          223    .text.Ifx_MDA_FocController_F16_setCurrentQPiPropGain  lto-llvm-b8cabc.o
    0x11001eda   0x11001eda   0x00000002   PAD
    0x11001edc   0x11001edc   0x00000008   Code   RO          217    .text.Ifx_MDA_FocController_F16_setCurrentQPiUpperLimit  lto-llvm-b8cabc.o
    0x11001ee4   0x11001ee4   0x00000010   Code   RO          119    .text.Ifx_MHA_MeasurementADC_F16_TLE987_getCsaGain  lto-llvm-b8cabc.o
    0x11001ef4   0x11001ef4   0x00000004   Code   RO          123    .text.Ifx_MHA_MeasurementADC_F16_TLE987_getCsaOffset  lto-llvm-b8cabc.o
    0x11001ef8   0x11001ef8   0x00000056   Code   RO          121    .text.Ifx_MHA_MeasurementADC_F16_TLE987_setCsaGain  lto-llvm-b8cabc.o
    0x11001f4e   0x11001f4e   0x00000002   PAD
    0x11001f50   0x11001f50   0x00000004   Code   RO          125    .text.Ifx_MHA_MeasurementADC_F16_TLE987_setCsaOffset  lto-llvm-b8cabc.o
    0x11001f54   0x11001f54   0x00000012   Code   RO          231    .text.Ifx_MHA_PatternGen_F16_TLE987_getDeadTime_ns  lto-llvm-b8cabc.o
    0x11001f66   0x11001f66   0x00000002   PAD
    0x11001f68   0x11001f68   0x00000026   Code   RO          229    .text.Ifx_MHA_PatternGen_F16_TLE987_setDeadTime_ns  lto-llvm-b8cabc.o
    0x11001f8e   0x11001f8e   0x00000002   PAD
    0x11001f90   0x11001f90   0x00000008   Code   RO          177    .text.Ifx_MS_FocSolution_F16_getQCurrentAtTransition  lto-llvm-b8cabc.o
    0x11001f98   0x11001f98   0x00000008   Code   RO          241    .text.Ifx_MS_FocSolution_F16_getRefSpeedLowerLimit  lto-llvm-b8cabc.o
    0x11001fa0   0x11001fa0   0x00000008   Code   RO          239    .text.Ifx_MS_FocSolution_F16_getRefSpeedUpperLimit  lto-llvm-b8cabc.o
    0x11001fa8   0x11001fa8   0x00000006   Code   RO          259    .text.Ifx_MS_FocSolution_F16_getSpeedPiIntegGainSamplingTime  lto-llvm-b8cabc.o
    0x11001fae   0x11001fae   0x00000002   PAD
    0x11001fb0   0x11001fb0   0x00000006   Code   RO          255    .text.Ifx_MS_FocSolution_F16_getSpeedPiPropGain  lto-llvm-b8cabc.o
    0x11001fb6   0x11001fb6   0x00000002   PAD
    0x11001fb8   0x11001fb8   0x00000006   Code   RO          173    .text.Ifx_MS_FocSolution_F16_getSpeedRampDownRateClosedLoop  lto-llvm-b8cabc.o
    0x11001fbe   0x11001fbe   0x00000002   PAD
    0x11001fc0   0x11001fc0   0x00000006   Code   RO          165    .text.Ifx_MS_FocSolution_F16_getSpeedRampDownRateOpenLoop  lto-llvm-b8cabc.o
    0x11001fc6   0x11001fc6   0x00000002   PAD
    0x11001fc8   0x11001fc8   0x00000006   Code   RO          169    .text.Ifx_MS_FocSolution_F16_getSpeedRampUpRateClosedLoop  lto-llvm-b8cabc.o
    0x11001fce   0x11001fce   0x00000002   PAD
    0x11001fd0   0x11001fd0   0x00000006   Code   RO          161    .text.Ifx_MS_FocSolution_F16_getSpeedRampUpRateOpenLoop  lto-llvm-b8cabc.o
    0x11001fd6   0x11001fd6   0x00000002   PAD
    0x11001fd8   0x11001fd8   0x00000008   Code   RO          153    .text.Ifx_MS_FocSolution_F16_getStartUpCurrent  lto-llvm-b8cabc.o
    0x11001fe0   0x11001fe0   0x00000006   Code   RO          181    .text.Ifx_MS_FocSolution_F16_getTransitionAngleTolerance  lto-llvm-b8cabc.o
    0x11001fe6   0x11001fe6   0x00000002   PAD
    0x11001fe8   0x11001fe8   0x00000008   Code   RO          187    .text.Ifx_MS_FocSolution_F16_getTransitionDownDCurrentScalingQ14  lto-llvm-b8cabc.o
    0x11001ff0   0x11001ff0   0x00000006   Code   RO          185    .text.Ifx_MS_FocSolution_F16_getTransitionTimeLimit  lto-llvm-b8cabc.o
    0x11001ff6   0x11001ff6   0x00000002   PAD
    0x11001ff8   0x11001ff8   0x00000006   Code   RO          179    .text.Ifx_MS_FocSolution_F16_setQCurrentAtTransition  lto-llvm-b8cabc.o
    0x11001ffe   0x11001ffe   0x00000002   PAD
    0x11002000   0x11002000   0x0000000e   Code   RO          159    .text.Ifx_MS_FocSolution_F16_setRefCurrentLowerLimit  lto-llvm-b8cabc.o
    0x1100200e   0x1100200e   0x00000002   PAD
    0x11002010   0x11002010   0x0000000e   Code   RO          157    .text.Ifx_MS_FocSolution_F16_setRefCurrentUpperLimit  lto-llvm-b8cabc.o
    0x1100201e   0x1100201e   0x00000002   PAD
    0x11002020   0x11002020   0x0000000a   Code   RO          235    .text.Ifx_MS_FocSolution_F16_setRefSpeedLowerLimit  lto-llvm-b8cabc.o
    0x1100202a   0x1100202a   0x00000002   PAD
    0x1100202c   0x1100202c   0x0000000a   Code   RO          237    .text.Ifx_MS_FocSolution_F16_setRefSpeedUpperLimit  lto-llvm-b8cabc.o
    0x11002036   0x11002036   0x00000002   PAD
    0x11002038   0x11002038   0x00000068   Code   RO          257    .text.Ifx_MS_FocSolution_F16_setSpeedPiIntegGainSamplingTime  lto-llvm-b8cabc.o
    0x110020a0   0x110020a0   0x0000005e   Code   RO          253    .text.Ifx_MS_FocSolution_F16_setSpeedPiPropGain  lto-llvm-b8cabc.o
    0x110020fe   0x110020fe   0x00000002   PAD
    0x11002100   0x11002100   0x00000012   Code   RO          175    .text.Ifx_MS_FocSolution_F16_setSpeedRampDownRateClosedLoop  lto-llvm-b8cabc.o
    0x11002112   0x11002112   0x00000002   PAD
    0x11002114   0x11002114   0x0000001e   Code   RO          167    .text.Ifx_MS_FocSolution_F16_setSpeedRampDownRateOpenLoop  lto-llvm-b8cabc.o
    0x11002132   0x11002132   0x00000002   PAD
    0x11002134   0x11002134   0x00000012   Code   RO          171    .text.Ifx_MS_FocSolution_F16_setSpeedRampUpRateClosedLoop  lto-llvm-b8cabc.o
    0x11002146   0x11002146   0x00000002   PAD
    0x11002148   0x11002148   0x0000001e   Code   RO          163    .text.Ifx_MS_FocSolution_F16_setSpeedRampUpRateOpenLoop  lto-llvm-b8cabc.o
    0x11002166   0x11002166   0x00000002   PAD
    0x11002168   0x11002168   0x00000018   Code   RO          249    .text.Ifx_MS_FocSolution_F16_setStartUpCurrent  lto-llvm-b8cabc.o
    0x11002180   0x11002180   0x0000000a   Code   RO          155    .text.Ifx_MS_FocSolution_F16_setStartUpCurrentRampUpRate  lto-llvm-b8cabc.o
    0x1100218a   0x1100218a   0x00000002   PAD
    0x1100218c   0x1100218c   0x00000006   Code   RO          183    .text.Ifx_MS_FocSolution_F16_setTransitionAngleTolerance  lto-llvm-b8cabc.o
    0x11002192   0x11002192   0x00000002   PAD
    0x11002194   0x11002194   0x00000020   Code   RO          251    .text.Ifx_MS_FocSolution_F16_setTransitionDownDCurrentScalingQ14  lto-llvm-b8cabc.o
    0x110021b4   0x110021b4   0x0000001c   Code   RO          247    .text.Ifx_MS_FocSolution_F16_setTransitionSpeedBand  lto-llvm-b8cabc.o
    0x110021d0   0x110021d0   0x0000001e   Code   RO          245    .text.Ifx_MS_FocSolution_F16_setTransitionSpeedUp  lto-llvm-b8cabc.o
    0x110021ee   0x110021ee   0x00000002   PAD
    0x110021f0   0x110021f0   0x00000024   Code   RO          243    .text.Ifx_MS_FocSolution_F16_setTransitionTimeLimit  lto-llvm-b8cabc.o
    0x11002214   0x11002214   0x00000436   Code   RO          233    .text.Ifx_MS_FocSolution_F16_subStateMachine  lto-llvm-b8cabc.o
    0x1100264a   0x1100264a   0x00000002   PAD
    0x1100264c   0x1100264c   0x00000020   Code   RO          281    .text.MapChannels   lto-llvm-b8cabc.o
    0x1100266c   0x1100266c   0x00000026   Code   RO          299    .text.MapChannels.154  lto-llvm-b8cabc.o
    0x11002692   0x11002692   0x00000002   PAD
    0x11002694   0x11002694   0x00000002   Code   RO          363    .text.MemManage_Handler  lto-llvm-b8cabc.o
    0x11002696   0x11002696   0x00000002   PAD
    0x11002698   0x11002698   0x00000062   Code   RO          283    .text.ParameterControl  lto-llvm-b8cabc.o
    0x110026fa   0x110026fa   0x00000002   PAD
    0x110026fc   0x110026fc   0x00000588   Code   RO          115    .text.PendSV_Handler  lto-llvm-b8cabc.o
    0x11002c84   0x11002c84   0x00000002   Code   RO          321    .text.SDOSERVICE_abort  lto-llvm-b8cabc.o
    0x11002c86   0x11002c86   0x00000002   PAD
    0x11002c88   0x11002c88   0x00000002   Code   RO          325    .text.SDOSERVICE_download_block  lto-llvm-b8cabc.o
    0x11002c8a   0x11002c8a   0x00000002   PAD
    0x11002c8c   0x11002c8c   0x0000047e   Code   RO          315    .text.SDOSERVICE_download_initiate  lto-llvm-b8cabc.o
    0x1100310a   0x1100310a   0x00000002   PAD
    0x1100310c   0x1100310c   0x0000011c   Code   RO          313    .text.SDOSERVICE_download_segment  lto-llvm-b8cabc.o
    0x11003228   0x11003228   0x00000002   Code   RO          327    .text.SDOSERVICE_error  lto-llvm-b8cabc.o
    0x1100322a   0x1100322a   0x00000002   PAD
    0x1100322c   0x1100322c   0x00000002   Code   RO          323    .text.SDOSERVICE_upload_block  lto-llvm-b8cabc.o
    0x1100322e   0x1100322e   0x00000002   PAD
    0x11003230   0x11003230   0x0000043c   Code   RO          317    .text.SDOSERVICE_upload_initiate  lto-llvm-b8cabc.o
    0x1100366c   0x1100366c   0x00000106   Code   RO          319    .text.SDOSERVICE_upload_segment  lto-llvm-b8cabc.o
    0x11003772   0x11003772   0x00000002   PAD
    0x11003774   0x11003774   0x000000ec   Code   RO          301    .text.SamplingControl  lto-llvm-b8cabc.o
    0x11003860   0x11003860   0x00000010   Code   RO          369    .text.SysTick_Handler  lto-llvm-b8cabc.o
    0x11003870   0x11003870   0x0000023c   Code   RO          371    .text.SystemInit    lto-llvm-b8cabc.o
    0x11003aac   0x11003aac   0x00000038   Code   RO          269    .text.TRCH_EventService  lto-llvm-b8cabc.o
    0x11003ae4   0x11003ae4   0x00000016   Code   RO          273    .text.TRCH_EventService_deinit  lto-llvm-b8cabc.o
    0x11003afa   0x11003afa   0x00000002   PAD
    0x11003afc   0x11003afc   0x0000001a   Code   RO          271    .text.TRCH_EventService_init  lto-llvm-b8cabc.o
    0x11003b16   0x11003b16   0x00000002   PAD
    0x11003b18   0x11003b18   0x00000038   Code   RO          285    .text.TRCH_ParameterService  lto-llvm-b8cabc.o
    0x11003b50   0x11003b50   0x00000010   Code   RO          289    .text.TRCH_ParameterService_deinit  lto-llvm-b8cabc.o
    0x11003b60   0x11003b60   0x00000010   Code   RO          287    .text.TRCH_ParameterService_init  lto-llvm-b8cabc.o
    0x11003b70   0x11003b70   0x00000040   Code   RO          307    .text.TRCH_SamplingService  lto-llvm-b8cabc.o
    0x11003bb0   0x11003bb0   0x0000014e   Code   RO          305    .text.TRCH_SamplingService_ProcessSampling  lto-llvm-b8cabc.o
    0x11003cfe   0x11003cfe   0x00000002   PAD
    0x11003d00   0x11003d00   0x00000010   Code   RO          311    .text.TRCH_SamplingService_deinit  lto-llvm-b8cabc.o
    0x11003d10   0x11003d10   0x0000003a   Code   RO          309    .text.TRCH_SamplingService_init  lto-llvm-b8cabc.o
    0x11003d4a   0x11003d4a   0x00000002   PAD
    0x11003d4c   0x11003d4c   0x00000056   Code   RO          347    .text.TRCH_Service_TRCH_EnableDisableServices  lto-llvm-b8cabc.o
    0x11003da2   0x11003da2   0x00000002   PAD
    0x11003da4   0x11003da4   0x00000020   Code   RO          345    .text.TRCH_Service_TRCH_GetConfiguration  lto-llvm-b8cabc.o
    0x11003dc4   0x11003dc4   0x0000003a   Code   RO          351    .text.TRCH_Service_TRCH_GetFrameStatistics  lto-llvm-b8cabc.o
    0x11003dfe   0x11003dfe   0x00000002   PAD
    0x11003e00   0x11003e00   0x00000016   Code   RO          353    .text.TRCH_Service_TRCH_Reset  lto-llvm-b8cabc.o
    0x11003e16   0x11003e16   0x00000002   PAD
    0x11003e18   0x11003e18   0x00000048   Code   RO          355    .text.TRCH_Service_TRCH_SetGetTraceId  lto-llvm-b8cabc.o
    0x11003e60   0x11003e60   0x00000052   Code   RO          349    .text.TRCH_Service_TRCH_SyncTargetTime  lto-llvm-b8cabc.o
    0x11003eb2   0x11003eb2   0x00000002   PAD
    0x11003eb4   0x11003eb4   0x00000048   Code   RO          343    .text.TRCH_Service_TraceHandler  lto-llvm-b8cabc.o
    0x11003efc   0x11003efc   0x00000038   Code   RO          335    .text.TRCH_StreamingService  lto-llvm-b8cabc.o
    0x11003f34   0x11003f34   0x00000196   Code   RO          331    .text.TRCH_StreamingService_Configure  lto-llvm-b8cabc.o
    0x110040ca   0x110040ca   0x00000002   PAD
    0x110040cc   0x110040cc   0x00000020   Code   RO          329    .text.TRCH_StreamingService_GetConfiguration  lto-llvm-b8cabc.o
    0x110040ec   0x110040ec   0x0000001a   Code   RO          333    .text.TRCH_StreamingService_MapChannels  lto-llvm-b8cabc.o
    0x11004106   0x11004106   0x00000002   PAD
    0x11004108   0x11004108   0x00000046   Code   RO          339    .text.TRCH_StreamingService_deinit  lto-llvm-b8cabc.o
    0x1100414e   0x1100414e   0x00000002   PAD
    0x11004150   0x11004150   0x00000076   Code   RO          337    .text.TRCH_StreamingService_init  lto-llvm-b8cabc.o
    0x110041c6   0x110041c6   0x00000002   PAD
    0x110041c8   0x110041c8   0x00000002   Code   RO          367    .text.UsageFault_Handler  lto-llvm-b8cabc.o
    0x110041ca   0x110041ca   0x00000002   PAD
    0x110041cc   0x110041cc   0x00001390   Code   RO          117    .text.main          lto-llvm-b8cabc.o
    0x1100555c   0x1100555c   0x0000000a   Ven    RO          465    Veneer$$Code        anon$$obj.o
    0x11005566   0x11005566   0x0000000a   Ven    RO          466    Veneer$$Code        anon$$obj.o
    0x11005570   0x11005570   0x0000000a   Ven    RO          467    Veneer$$Code        anon$$obj.o
    0x1100557a   0x1100557a   0x0000000a   Ven    RO          468    Veneer$$Code        anon$$obj.o
    0x11005584   0x11005584   0x0000000a   Ven    RO          469    Veneer$$Code        anon$$obj.o
    0x1100558e   0x1100558e   0x0000000e   Code   RO          457    i.__scatterload_copy  mc_w.l(handlers.o)
    0x1100559c   0x1100559c   0x00000002   Code   RO          458    i.__scatterload_null  mc_w.l(handlers.o)
    0x1100559e   0x1100559e   0x0000000e   Code   RO          459    i.__scatterload_zeroinit  mc_w.l(handlers.o)
    0x110055ac   0x110055ac   0x00000f28   Data   RO          388    .rodata.Ifx_FRW_ParamTable_Table  lto-llvm-b8cabc.o
    0x110064d4   0x110064d4   0x00002000   Data   RO          389    .rodata.Ifx_MAS_Modulator_F16_lutSin60Sqrt3  lto-llvm-b8cabc.o
    0x110084d4   0x110084d4   0x00000802   Data   RO          390    .rodata.Ifx_Math_Lut_Atan_F16_table  lto-llvm-b8cabc.o
    0x11008cd6   0x11008cd6   0x00000802   Data   RO          391    .rodata.Ifx_Math_Lut_CartToPolar_F16_table  lto-llvm-b8cabc.o
    0x110094d8   0x110094d8   0x00000802   Data   RO          392    .rodata.Ifx_Math_Lut_Sincos_F16_table  lto-llvm-b8cabc.o
    0x11009cda   0x11009cda   0x00000002   PAD
    0x11009cdc   0x11009cdc   0x00000054   Data   RO          428    .rodata.TRCH_CallService  lto-llvm-b8cabc.o
    0x11009d30   0x11009d30   0x0000000c   Data   RO          405    .rodata.TRCH_Event_cnf  lto-llvm-b8cabc.o
    0x11009d3c   0x11009d3c   0x0000000c   Data   RO          421    .rodata.TRCH_Streaming_cnf  lto-llvm-b8cabc.o
    0x11009d48   0x11009d48   0x00000010   Data   RO          415    .rodata.cst16       lto-llvm-b8cabc.o
    0x11009d58   0x11009d58   0x00000010   Data   RO          412    .rodata.cst8        lto-llvm-b8cabc.o
    0x11009d68   0x11009d68   0x00000030   Data   RO          456    Region$$Table       anon$$obj.o


    Execution Region RW_IRAM2 (Exec base: 0x18000000, Load base: 0x1100a770, Size: 0x00000000, Max: 0x00000010, ABSOLUTE)

    **** No section assigned to this execution region ****


    Execution Region RW_IRAM1 (Exec base: 0x18000018, Load base: 0x11009d98, Size: 0x00001618, Max: 0x000017e8, ABSOLUTE, COMPRESSED[0x000000b0])

    Exec Addr    Load Addr    Size         Type   Attr      Idx    E Section Name        Object

    0x18000018   0x11009d98   0x0000008c   Code   RO          261    .text.Ifx_FHA_TbStreaming_tick  lto-llvm-b8cabc.o
    0x180000a4   0x11009e24   0x000002c4   Code   RO          189    .text.Ifx_MAS_Modulator_F16_updatePolar7SegQ16  lto-llvm-b8cabc.o
    0x18000368   0x1100a0e8   0x00000180   Code   RO          193    .text.Ifx_MDA_FluxEstimator_F16_execute  lto-llvm-b8cabc.o
    0x180004e8   0x1100a268   0x00000240   Code   RO          209    .text.Ifx_MDA_FocController_F16_execute  lto-llvm-b8cabc.o
    0x18000728   0x1100a4a8   0x0000014a   Code   RO          227    .text.Ifx_MHA_MeasurementADC_F16_TLE987_execute  lto-llvm-b8cabc.o
    0x18000872   COMPRESSED   0x00000002   PAD
    0x18000874   0x1100a5f4   0x000000ca   Code   RO          191    .text.Ifx_Math_Pi_F16_execute  lto-llvm-b8cabc.o
    0x1800093e   COMPRESSED   0x00000002   PAD
    0x18000940   COMPRESSED   0x00000040   Data   RW          423    .data.DTI_buffer    lto-llvm-b8cabc.o
    0x18000980   COMPRESSED   0x00000004   Data   RW          424    .data.DTI_interface_ProcessStreaming.counter  lto-llvm-b8cabc.o
    0x18000984   COMPRESSED   0x00000001   Data   RW          408    .data.DTI_linklayer_RX.state  lto-llvm-b8cabc.o
    0x18000985   COMPRESSED   0x00000003   PAD
    0x18000988   COMPRESSED   0x00000030   Data   RW          406    .data.TRCH_Event_var  lto-llvm-b8cabc.o
    0x180009b8   COMPRESSED   0x00000004   Data   RW          419    .data.TRCH_SamplingService_ProcessSampling.counter  lto-llvm-b8cabc.o
    0x180009bc   COMPRESSED   0x00000034   Data   RW          417    .data.TRCH_Sampling_var  lto-llvm-b8cabc.o
    0x180009f0   COMPRESSED   0x0000000c   Data   RW          425    .data.TRCH_var      lto-llvm-b8cabc.o
    0x180009fc   COMPRESSED   0x00000020   Data   RW          382    .data.g_fluxEstimatorParam  lto-llvm-b8cabc.o
    0x18000a1c   COMPRESSED   0x00000020   Data   RW          383    .data.g_focControllerParam  lto-llvm-b8cabc.o
    0x18000a3c   COMPRESSED   0x00000044   Data   RW          386    .data.g_focSolutionParam  lto-llvm-b8cabc.o
    0x18000a80   COMPRESSED   0x00000002   Data   RW          384    .data.g_iToFParam   lto-llvm-b8cabc.o
    0x18000a82   COMPRESSED   0x00000002   PAD
    0x18000a84   COMPRESSED   0x00000008   Data   RW          379    .data.g_mctrlExample  lto-llvm-b8cabc.o
    0x18000a8c   COMPRESSED   0x00000008   Data   RW          387    .data.g_mctrlExampleParam  lto-llvm-b8cabc.o
    0x18000a94   COMPRESSED   0x00000012   Data   RW          381    .data.g_modulatorParam  lto-llvm-b8cabc.o
    0x18000aa6   COMPRESSED   0x0000000c   Data   RW          385    .data.g_vToFControllerParam  lto-llvm-b8cabc.o
    0x18000ab2   COMPRESSED   0x00000001   Data   RW          376    .data.u8StreamingON  lto-llvm-b8cabc.o
    0x18000ab3   COMPRESSED   0x00000001   PAD
    0x18000ab4        -       0x00000004   Zero   RW          403    .bss.DTI_Arbitration_TX.port  lto-llvm-b8cabc.o
    0x18000ab8        -       0x00000001   Zero   RW          402    .bss.DTI_Arbitration_TX.portnumber  lto-llvm-b8cabc.o
    0x18000ab9   COMPRESSED   0x00000003   PAD
    0x18000abc        -       0x00000078   Zero   RW          399    .bss.DTI_arbiter    lto-llvm-b8cabc.o
    0x18000b34        -       0x00000004   Zero   RW          404    .bss.DTI_arbiter_DeserializeLong_RX.datalength  lto-llvm-b8cabc.o
    0x18000b38        -       0x00000001   Zero   RW          401    .bss.DTI_arbiter_SerializeLong_TX.AO  lto-llvm-b8cabc.o
    0x18000b39   COMPRESSED   0x00000003   PAD
    0x18000b3c        -       0x00000001   Zero   RW          400    .bss.DTI_arbiter_SerializeShort_TX.AO  lto-llvm-b8cabc.o
    0x18000b3d   COMPRESSED   0x00000003   PAD
    0x18000b40        -       0x00000004   Zero   RW          409    .bss.DTI_linklayer_RX.pointer  lto-llvm-b8cabc.o
    0x18000b44        -       0x00000060   Zero   RW          414    .bss.DTI_router     lto-llvm-b8cabc.o
    0x18000ba4        -       0x00000001   Zero   RW          433    .bss.DTI_var.2      lto-llvm-b8cabc.o
    0x18000ba5   COMPRESSED   0x00000003   PAD
    0x18000ba8        -       0x00000254   Zero   RW          380    .bss.FocDemoClosedLoop  lto-llvm-b8cabc.o
    0x18000dfc        -       0x00000004   Zero   RW          398    .bss.Ifx_FHA_TbStreaming_TLE987_g_DMAEntryCh2Pri  lto-llvm-b8cabc.o
    0x18000e00        -       0x00000002   Zero   RW          397    .bss.Ifx_FHA_TbStreaming_TLE987_g_sampleCounter  lto-llvm-b8cabc.o
    0x18000e02        -       0x00000018   Zero   RW          396    .bss.Ifx_FHA_TbStreaming_TLE987_txBuffer  lto-llvm-b8cabc.o
    0x18000e1a   COMPRESSED   0x00000002   PAD
    0x18000e1c        -       0x00000030   Zero   RW          395    .bss.Ifx_FHA_TbStreaming_g_txPointers  lto-llvm-b8cabc.o
    0x18000e4c        -       0x00000001   Zero   RW          378    .bss.Ifx_FOC_oneMatchCallback.com_counter  lto-llvm-b8cabc.o
    0x18000e4d   COMPRESSED   0x00000003   PAD
    0x18000e50        -       0x00000008   Zero   RW          410    .bss.MSGH_SDO_request_buffer  lto-llvm-b8cabc.o
    0x18000e58        -       0x00000008   Zero   RW          411    .bss.MSGH_SDO_response_buffer  lto-llvm-b8cabc.o
    0x18000e60        -       0x0000000c   Zero   RW          420    .bss.SDOSERVICE_var  lto-llvm-b8cabc.o
    0x18000e6c        -       0x00000004   Zero   RW          407    .bss.TRCH_Event_EvOut  lto-llvm-b8cabc.o
    0x18000e70        -       0x00000020   Zero   RW          413    .bss.TRCH_Parameter_var  lto-llvm-b8cabc.o
    0x18000e90        -       0x00000001   Zero   RW          429    .bss.TRCH_ProcessTrace.subblock  lto-llvm-b8cabc.o
    0x18000e91   COMPRESSED   0x00000001   PAD
    0x18000e92        -       0x00000002   Zero   RW          416    .bss.TRCH_SamplingBuffer  lto-llvm-b8cabc.o
    0x18000e94        -       0x00000004   Zero   RW          418    .bss.TRCH_SamplingService_ClockCallback  lto-llvm-b8cabc.o
    0x18000e98        -       0x00000004   Zero   RW          422    .bss.TRCH_StreamingService_ClockCallback  lto-llvm-b8cabc.o
    0x18000e9c        -       0x00000018   Zero   RW          426    .bss.TRCH_request_buffer  lto-llvm-b8cabc.o
    0x18000eb4        -       0x00000018   Zero   RW          427    .bss.TRCH_response_buffer  lto-llvm-b8cabc.o
    0x18000ecc        -       0x00000004   Zero   RW          432    .bss.WD_Counter     lto-llvm-b8cabc.o
    0x18000ed0        -       0x00000001   Zero   RW          375    .bss.com_g_firstPackageReceived  lto-llvm-b8cabc.o
    0x18000ed1   COMPRESSED   0x00000001   PAD
    0x18000ed2        -       0x00000002   Zero   RW          374    .bss.com_g_timeoutCounter  lto-llvm-b8cabc.o
    0x18000ed4        -       0x00000004   Zero   RW          373    .bss.main_fastProcessTimer_50us  lto-llvm-b8cabc.o
    0x18000ed8        -       0x00000044   Zero   RW          394    .bss.receiveBuffer  lto-llvm-b8cabc.o
    0x18000f1c        -       0x00000044   Zero   RW          393    .bss.sendBuffer     lto-llvm-b8cabc.o
    0x18000f60        -       0x00000200   Zero   RW           80    STACK               startup_tle987x.o
    0x18001160   COMPRESSED   0x000004c0   PAD
    0x18001620        -       0x00000010   Zero   RW          430    .bss.ARM.__at_0x18001620u  lto-llvm-b8cabc.o



  Load Region LR_IROM2 (Base: 0x1101effc, Size: 0x00000004, Max: 0x00001004, ABSOLUTE)

    Execution Region ER_IROM2 (Exec base: 0x1101effc, Load base: 0x1101effc, Size: 0x00000004, Max: 0x00001004, ABSOLUTE)

    Exec Addr    Load Addr    Size         Type   Attr      Idx    E Section Name        Object

    0x1101effc   0x1101effc   0x00000004   Data   RO          431    .ARM.__at_0x1101EFFC  lto-llvm-b8cabc.o


==============================================================================

Image component sizes


      Code (inc. data)   RO Data    RW Data    ZI Data      Debug   Object Name

     23414        226      18366        366       1193     511949   lto-llvm-b8cabc.o
        64         12        128          0        512        896   startup_tle987x.o

    ----------------------------------------------------------------------
     23674        238      18544        372       2940     512845   Object Totals
        50          0         48          0          0          0   (incl. Generated)
       146          0          2          6       1235          0   (incl. Padding)

    ----------------------------------------------------------------------

      Code (inc. data)   RO Data    RW Data    ZI Data      Debug   Library Member Name

        58          0          0          0          0          0   __dczerorl.o
         0          0          0          0          0          0   entry.o
         0          0          0          0          0          0   entry10a.o
         0          0          0          0          0          0   entry11a.o
         8          4          0          0          0          0   entry2.o
         4          0          0          0          0          0   entry5.o
         0          0          0          0          0          0   entry7b.o
         0          0          0          0          0          0   entry8b.o
         8          4          0          0          0          0   entry9a.o
        30          0          0          0          0          0   handlers.o
        36          8          0          0          0         68   init.o
        98          0          0          0          0         84   ldiv.o
        30          0          0          0          0         68   llshl.o
        32          0          0          0          0         68   llushr.o
        36          0          0          0          0         68   memcpya.o
        36          0          0          0          0        108   memseta.o
        98          0          0          0          0         92   uldiv.o

    ----------------------------------------------------------------------
       474         16          0          0          0        556   Library Totals
         0          0          0          0          0          0   (incl. Padding)

    ----------------------------------------------------------------------

      Code (inc. data)   RO Data    RW Data    ZI Data      Debug   Library Name

       474         16          0          0          0        556   mc_w.l

    ----------------------------------------------------------------------
       474         16          0          0          0        556   Library Totals

    ----------------------------------------------------------------------

==============================================================================


      Code (inc. data)   RO Data    RW Data    ZI Data      Debug   

     24148        254      18544        372       2940     513425   Grand Totals
     24148        254      18544        176       2940     513425   ELF Image Totals (compressed)
     24148        254      18544        176          0          0   ROM Totals

==============================================================================

    Total RO  Size (Code + RO Data)                42692 (  41.69kB)
    Total RW  Size (RW Data + ZI Data)              3312 (   3.23kB)
    Total ROM Size (Code + RO Data + RW Data)      42868 (  41.86kB)

==============================================================================

