<!doctype html public "-//w3c//dtd html 4.0 transitional//en">
<html><head>
<title>Static Call Graph - [.\Objects\FOC.axf]</title></head>
<body><HR>
<H1>Static Call Graph for image .\Objects\FOC.axf</H1><HR>
<BR><P>#&#060CALLGRAPH&#062# ARM Linker, 6150002: Last Updated: Sun Aug 31 17:19:03 2025
<BR><P>
<H3>Maximum Stack Usage =        168 bytes + Unknown(Cycles, Untraceable Function Pointers)</H3><H3>
Call chain for Maximum Stack Depth:</H3>
SDOSERVICE_download_initiate &rArr; __aeabi_ldivmod &rArr; __aeabi_uldivmod
<P>
<H3>
Mutually Recursive functions
</H3> <LI><a href="#[1d]">SVC_Handler_main</a>&nbsp;&nbsp;&nbsp;&rArr;&nbsp;&nbsp;&nbsp;<a href="#[1d]">SVC_Handler_main</a><BR>
 <LI><a href="#[1]">NMI_Handler</a>&nbsp;&nbsp;&nbsp;&rArr;&nbsp;&nbsp;&nbsp;<a href="#[1]">NMI_Handler</a><BR>
 <LI><a href="#[7]">DebugMon_Handler</a>&nbsp;&nbsp;&nbsp;&rArr;&nbsp;&nbsp;&nbsp;<a href="#[7]">DebugMon_Handler</a><BR>
 <LI><a href="#[d]">ADC1_IRQHandler</a>&nbsp;&nbsp;&nbsp;&rArr;&nbsp;&nbsp;&nbsp;<a href="#[d]">ADC1_IRQHandler</a><BR>
</UL>
<P>
<H3>
Function Pointers
</H3><UL>
 <LI><a href="#[d]">ADC1_IRQHandler</a> from startup_tle987x.o(.text) referenced from startup_tle987x.o(RESET)
 <LI><a href="#[c]">ADC2_IRQHandler</a> from startup_tle987x.o(.text) referenced from startup_tle987x.o(RESET)
 <LI><a href="#[18]">BDRV_IRQHandler</a> from startup_tle987x.o(.text) referenced from startup_tle987x.o(RESET)
 <LI><a href="#[4]">BusFault_Handler</a> from lto-llvm-b8cabc.o(.text.BusFault_Handler) referenced from startup_tle987x.o(RESET)
 <LI><a href="#[e]">CCU6SR0_IRQHandler</a> from startup_tle987x.o(.text) referenced from startup_tle987x.o(RESET)
 <LI><a href="#[f]">CCU6SR1_IRQHandler</a> from lto-llvm-b8cabc.o(.text.CCU6SR1_IRQHandler) referenced from startup_tle987x.o(RESET)
 <LI><a href="#[10]">CCU6SR2_IRQHandler</a> from startup_tle987x.o(.text) referenced from startup_tle987x.o(RESET)
 <LI><a href="#[11]">CCU6SR3_IRQHandler</a> from startup_tle987x.o(.text) referenced from startup_tle987x.o(RESET)
 <LI><a href="#[21]">ConfigureEvent</a> from lto-llvm-b8cabc.o(.text.ConfigureEvent) referenced from lto-llvm-b8cabc.o(.text.TRCH_EventService)
 <LI><a href="#[20]">ConfigureService</a> from lto-llvm-b8cabc.o(.text.ConfigureService) referenced from lto-llvm-b8cabc.o(.text.TRCH_EventService)
 <LI><a href="#[26]">ConfigureService.153</a> from lto-llvm-b8cabc.o(.text.ConfigureService.153) referenced from lto-llvm-b8cabc.o(.text.TRCH_SamplingService)
 <LI><a href="#[19]">DMA_IRQHandler</a> from startup_tle987x.o(.text) referenced from startup_tle987x.o(RESET)
 <LI><a href="#[33]">DTI_interface_ProcessStreaming</a> from lto-llvm-b8cabc.o(.text.DTI_interface_ProcessStreaming) referenced 2 times from lto-llvm-b8cabc.o(.text.TRCH_StreamingService_Configure)
 <LI><a href="#[33]">DTI_interface_ProcessStreaming</a> from lto-llvm-b8cabc.o(.text.DTI_interface_ProcessStreaming) referenced 2 times from lto-llvm-b8cabc.o(.text.TRCH_StreamingService_init)
 <LI><a href="#[7]">DebugMon_Handler</a> from startup_tle987x.o(.text) referenced from startup_tle987x.o(RESET)
 <LI><a href="#[16]">EXINT0_IRQHandler</a> from startup_tle987x.o(.text) referenced from startup_tle987x.o(RESET)
 <LI><a href="#[17]">EXINT1_IRQHandler</a> from startup_tle987x.o(.text) referenced from startup_tle987x.o(RESET)
 <LI><a href="#[a]">GPT1_IRQHandler</a> from startup_tle987x.o(.text) referenced from startup_tle987x.o(RESET)
 <LI><a href="#[b]">GPT2_IRQHandler</a> from lto-llvm-b8cabc.o(.text.GPT2_IRQHandler) referenced from startup_tle987x.o(RESET)
 <LI><a href="#[29]">GetClockSourceScaling</a> from lto-llvm-b8cabc.o(.text.GetClockSourceScaling) referenced from lto-llvm-b8cabc.o(.text.TRCH_SamplingService)
 <LI><a href="#[1f]">GetConfiguration</a> from lto-llvm-b8cabc.o(.text.GetConfiguration) referenced 2 times from lto-llvm-b8cabc.o(.text.TRCH_EventService)
 <LI><a href="#[22]">GetConfiguration.147</a> from lto-llvm-b8cabc.o(.text.GetConfiguration.147) referenced 2 times from lto-llvm-b8cabc.o(.text.TRCH_ParameterService)
 <LI><a href="#[25]">GetConfiguration.152</a> from lto-llvm-b8cabc.o(.text.GetConfiguration.152) referenced 2 times from lto-llvm-b8cabc.o(.text.TRCH_SamplingService)
 <LI><a href="#[2]">HardFault_Handler</a> from lto-llvm-b8cabc.o(.text.HardFault_Handler) referenced from startup_tle987x.o(RESET)
 <LI><a href="#[44]">Ifx_MAS_Modulator_F16_getDeadTime_tick</a> from lto-llvm-b8cabc.o(.text.Ifx_MAS_Modulator_F16_getDeadTime_tick) referenced from lto-llvm-b8cabc.o(.rodata.Ifx_FRW_ParamTable_Table)
 <LI><a href="#[46]">Ifx_MAS_Modulator_F16_getDriverDelay_tick</a> from lto-llvm-b8cabc.o(.text.Ifx_MAS_Modulator_F16_getDriverDelay_tick) referenced from lto-llvm-b8cabc.o(.rodata.Ifx_FRW_ParamTable_Table)
 <LI><a href="#[4c]">Ifx_MAS_Modulator_F16_getMaxAmplitude</a> from lto-llvm-b8cabc.o(.text.Ifx_MAS_Modulator_F16_getMaxAmplitude) referenced from lto-llvm-b8cabc.o(.rodata.Ifx_FRW_ParamTable_Table)
 <LI><a href="#[42]">Ifx_MAS_Modulator_F16_getMeasurementTime_tick</a> from lto-llvm-b8cabc.o(.text.Ifx_MAS_Modulator_F16_getMeasurementTime_tick) referenced from lto-llvm-b8cabc.o(.rodata.Ifx_FRW_ParamTable_Table)
 <LI><a href="#[4a]">Ifx_MAS_Modulator_F16_getPeriod_tick</a> from lto-llvm-b8cabc.o(.text.Ifx_MAS_Modulator_F16_getPeriod_tick) referenced from lto-llvm-b8cabc.o(.rodata.Ifx_FRW_ParamTable_Table)
 <LI><a href="#[48]">Ifx_MAS_Modulator_F16_getRingingTime_tick</a> from lto-llvm-b8cabc.o(.text.Ifx_MAS_Modulator_F16_getRingingTime_tick) referenced from lto-llvm-b8cabc.o(.rodata.Ifx_FRW_ParamTable_Table)
 <LI><a href="#[45]">Ifx_MAS_Modulator_F16_setDeadTime_tick</a> from lto-llvm-b8cabc.o(.text.Ifx_MAS_Modulator_F16_setDeadTime_tick) referenced from lto-llvm-b8cabc.o(.rodata.Ifx_FRW_ParamTable_Table)
 <LI><a href="#[47]">Ifx_MAS_Modulator_F16_setDriverDelay_tick</a> from lto-llvm-b8cabc.o(.text.Ifx_MAS_Modulator_F16_setDriverDelay_tick) referenced from lto-llvm-b8cabc.o(.rodata.Ifx_FRW_ParamTable_Table)
 <LI><a href="#[4d]">Ifx_MAS_Modulator_F16_setMaxAmplitude</a> from lto-llvm-b8cabc.o(.text.Ifx_MAS_Modulator_F16_setMaxAmplitude) referenced from lto-llvm-b8cabc.o(.rodata.Ifx_FRW_ParamTable_Table)
 <LI><a href="#[43]">Ifx_MAS_Modulator_F16_setMeasurementTime_tick</a> from lto-llvm-b8cabc.o(.text.Ifx_MAS_Modulator_F16_setMeasurementTime_tick) referenced from lto-llvm-b8cabc.o(.rodata.Ifx_FRW_ParamTable_Table)
 <LI><a href="#[4b]">Ifx_MAS_Modulator_F16_setPeriod_tick</a> from lto-llvm-b8cabc.o(.text.Ifx_MAS_Modulator_F16_setPeriod_tick) referenced from lto-llvm-b8cabc.o(.rodata.Ifx_FRW_ParamTable_Table)
 <LI><a href="#[49]">Ifx_MAS_Modulator_F16_setRingingTime_tick</a> from lto-llvm-b8cabc.o(.text.Ifx_MAS_Modulator_F16_setRingingTime_tick) referenced from lto-llvm-b8cabc.o(.rodata.Ifx_FRW_ParamTable_Table)
 <LI><a href="#[55]">Ifx_MDA_FluxEstimator_F16_getMode</a> from lto-llvm-b8cabc.o(.text.Ifx_MDA_FluxEstimator_F16_getMode) referenced from lto-llvm-b8cabc.o(.rodata.Ifx_FRW_ParamTable_Table)
 <LI><a href="#[4f]">Ifx_MDA_FluxEstimator_F16_setAlphaTimeConstant</a> from lto-llvm-b8cabc.o(.text.Ifx_MDA_FluxEstimator_F16_setAlphaTimeConstant) referenced from lto-llvm-b8cabc.o(.rodata.Ifx_FRW_ParamTable_Table)
 <LI><a href="#[50]">Ifx_MDA_FluxEstimator_F16_setBetaTimeConstant</a> from lto-llvm-b8cabc.o(.text.Ifx_MDA_FluxEstimator_F16_setBetaTimeConstant) referenced from lto-llvm-b8cabc.o(.rodata.Ifx_FRW_ParamTable_Table)
 <LI><a href="#[54]">Ifx_MDA_FluxEstimator_F16_setPhaseIndAdjusted</a> from lto-llvm-b8cabc.o(.text.Ifx_MDA_FluxEstimator_F16_setPhaseIndAdjusted) referenced from lto-llvm-b8cabc.o(.rodata.Ifx_FRW_ParamTable_Table)
 <LI><a href="#[53]">Ifx_MDA_FluxEstimator_F16_setPhaseRes</a> from lto-llvm-b8cabc.o(.text.Ifx_MDA_FluxEstimator_F16_setPhaseRes) referenced from lto-llvm-b8cabc.o(.rodata.Ifx_FRW_ParamTable_Table)
 <LI><a href="#[52]">Ifx_MDA_FluxEstimator_F16_setPllFilterPropGain</a> from lto-llvm-b8cabc.o(.text.Ifx_MDA_FluxEstimator_F16_setPllFilterPropGain) referenced from lto-llvm-b8cabc.o(.rodata.Ifx_FRW_ParamTable_Table)
 <LI><a href="#[4e]">Ifx_MDA_FluxEstimator_F16_setSamplingTime</a> from lto-llvm-b8cabc.o(.text.Ifx_MDA_FluxEstimator_F16_setSamplingTime) referenced from lto-llvm-b8cabc.o(.rodata.Ifx_FRW_ParamTable_Table)
 <LI><a href="#[51]">Ifx_MDA_FluxEstimator_F16_setSpeedFilterTimeConstant</a> from lto-llvm-b8cabc.o(.text.Ifx_MDA_FluxEstimator_F16_setSpeedFilterTimeConstant) referenced from lto-llvm-b8cabc.o(.rodata.Ifx_FRW_ParamTable_Table)
 <LI><a href="#[56]">Ifx_MDA_FocController_F16_setCurrentDPiIntegGainSamplingTime</a> from lto-llvm-b8cabc.o(.text.Ifx_MDA_FocController_F16_setCurrentDPiIntegGainSamplingTime) referenced from lto-llvm-b8cabc.o(.rodata.Ifx_FRW_ParamTable_Table)
 <LI><a href="#[57]">Ifx_MDA_FocController_F16_setCurrentDPiLowerLimit</a> from lto-llvm-b8cabc.o(.text.Ifx_MDA_FocController_F16_setCurrentDPiLowerLimit) referenced from lto-llvm-b8cabc.o(.rodata.Ifx_FRW_ParamTable_Table)
 <LI><a href="#[59]">Ifx_MDA_FocController_F16_setCurrentDPiPropGain</a> from lto-llvm-b8cabc.o(.text.Ifx_MDA_FocController_F16_setCurrentDPiPropGain) referenced from lto-llvm-b8cabc.o(.rodata.Ifx_FRW_ParamTable_Table)
 <LI><a href="#[58]">Ifx_MDA_FocController_F16_setCurrentDPiUpperLimit</a> from lto-llvm-b8cabc.o(.text.Ifx_MDA_FocController_F16_setCurrentDPiUpperLimit) referenced from lto-llvm-b8cabc.o(.rodata.Ifx_FRW_ParamTable_Table)
 <LI><a href="#[5a]">Ifx_MDA_FocController_F16_setCurrentQPiIntegGainSamplingTime</a> from lto-llvm-b8cabc.o(.text.Ifx_MDA_FocController_F16_setCurrentQPiIntegGainSamplingTime) referenced from lto-llvm-b8cabc.o(.rodata.Ifx_FRW_ParamTable_Table)
 <LI><a href="#[5b]">Ifx_MDA_FocController_F16_setCurrentQPiLowerLimit</a> from lto-llvm-b8cabc.o(.text.Ifx_MDA_FocController_F16_setCurrentQPiLowerLimit) referenced from lto-llvm-b8cabc.o(.rodata.Ifx_FRW_ParamTable_Table)
 <LI><a href="#[5d]">Ifx_MDA_FocController_F16_setCurrentQPiPropGain</a> from lto-llvm-b8cabc.o(.text.Ifx_MDA_FocController_F16_setCurrentQPiPropGain) referenced from lto-llvm-b8cabc.o(.rodata.Ifx_FRW_ParamTable_Table)
 <LI><a href="#[5c]">Ifx_MDA_FocController_F16_setCurrentQPiUpperLimit</a> from lto-llvm-b8cabc.o(.text.Ifx_MDA_FocController_F16_setCurrentQPiUpperLimit) referenced from lto-llvm-b8cabc.o(.rodata.Ifx_FRW_ParamTable_Table)
 <LI><a href="#[3e]">Ifx_MHA_MeasurementADC_F16_TLE987_getCsaGain</a> from lto-llvm-b8cabc.o(.text.Ifx_MHA_MeasurementADC_F16_TLE987_getCsaGain) referenced from lto-llvm-b8cabc.o(.rodata.Ifx_FRW_ParamTable_Table)
 <LI><a href="#[40]">Ifx_MHA_MeasurementADC_F16_TLE987_getCsaOffset</a> from lto-llvm-b8cabc.o(.text.Ifx_MHA_MeasurementADC_F16_TLE987_getCsaOffset) referenced 2 times from lto-llvm-b8cabc.o(.rodata.Ifx_FRW_ParamTable_Table)
 <LI><a href="#[3f]">Ifx_MHA_MeasurementADC_F16_TLE987_setCsaGain</a> from lto-llvm-b8cabc.o(.text.Ifx_MHA_MeasurementADC_F16_TLE987_setCsaGain) referenced from lto-llvm-b8cabc.o(.rodata.Ifx_FRW_ParamTable_Table)
 <LI><a href="#[41]">Ifx_MHA_MeasurementADC_F16_TLE987_setCsaOffset</a> from lto-llvm-b8cabc.o(.text.Ifx_MHA_MeasurementADC_F16_TLE987_setCsaOffset) referenced 2 times from lto-llvm-b8cabc.o(.rodata.Ifx_FRW_ParamTable_Table)
 <LI><a href="#[3c]">Ifx_MHA_PatternGen_F16_TLE987_getDeadTime_ns</a> from lto-llvm-b8cabc.o(.text.Ifx_MHA_PatternGen_F16_TLE987_getDeadTime_ns) referenced from lto-llvm-b8cabc.o(.rodata.Ifx_FRW_ParamTable_Table)
 <LI><a href="#[3d]">Ifx_MHA_PatternGen_F16_TLE987_setDeadTime_ns</a> from lto-llvm-b8cabc.o(.text.Ifx_MHA_PatternGen_F16_TLE987_setDeadTime_ns) referenced from lto-llvm-b8cabc.o(.rodata.Ifx_FRW_ParamTable_Table)
 <LI><a href="#[73]">Ifx_MS_FocSolution_F16_getQCurrentAtTransition</a> from lto-llvm-b8cabc.o(.text.Ifx_MS_FocSolution_F16_getQCurrentAtTransition) referenced from lto-llvm-b8cabc.o(.rodata.Ifx_FRW_ParamTable_Table)
 <LI><a href="#[69]">Ifx_MS_FocSolution_F16_getRefSpeedLowerLimit</a> from lto-llvm-b8cabc.o(.text.Ifx_MS_FocSolution_F16_getRefSpeedLowerLimit) referenced from lto-llvm-b8cabc.o(.rodata.Ifx_FRW_ParamTable_Table)
 <LI><a href="#[67]">Ifx_MS_FocSolution_F16_getRefSpeedUpperLimit</a> from lto-llvm-b8cabc.o(.text.Ifx_MS_FocSolution_F16_getRefSpeedUpperLimit) referenced from lto-llvm-b8cabc.o(.rodata.Ifx_FRW_ParamTable_Table)
 <LI><a href="#[63]">Ifx_MS_FocSolution_F16_getSpeedPiIntegGainSamplingTime</a> from lto-llvm-b8cabc.o(.text.Ifx_MS_FocSolution_F16_getSpeedPiIntegGainSamplingTime) referenced from lto-llvm-b8cabc.o(.rodata.Ifx_FRW_ParamTable_Table)
 <LI><a href="#[61]">Ifx_MS_FocSolution_F16_getSpeedPiPropGain</a> from lto-llvm-b8cabc.o(.text.Ifx_MS_FocSolution_F16_getSpeedPiPropGain) referenced from lto-llvm-b8cabc.o(.rodata.Ifx_FRW_ParamTable_Table)
 <LI><a href="#[71]">Ifx_MS_FocSolution_F16_getSpeedRampDownRateClosedLoop</a> from lto-llvm-b8cabc.o(.text.Ifx_MS_FocSolution_F16_getSpeedRampDownRateClosedLoop) referenced from lto-llvm-b8cabc.o(.rodata.Ifx_FRW_ParamTable_Table)
 <LI><a href="#[6d]">Ifx_MS_FocSolution_F16_getSpeedRampDownRateOpenLoop</a> from lto-llvm-b8cabc.o(.text.Ifx_MS_FocSolution_F16_getSpeedRampDownRateOpenLoop) referenced from lto-llvm-b8cabc.o(.rodata.Ifx_FRW_ParamTable_Table)
 <LI><a href="#[6f]">Ifx_MS_FocSolution_F16_getSpeedRampUpRateClosedLoop</a> from lto-llvm-b8cabc.o(.text.Ifx_MS_FocSolution_F16_getSpeedRampUpRateClosedLoop) referenced from lto-llvm-b8cabc.o(.rodata.Ifx_FRW_ParamTable_Table)
 <LI><a href="#[6b]">Ifx_MS_FocSolution_F16_getSpeedRampUpRateOpenLoop</a> from lto-llvm-b8cabc.o(.text.Ifx_MS_FocSolution_F16_getSpeedRampUpRateOpenLoop) referenced from lto-llvm-b8cabc.o(.rodata.Ifx_FRW_ParamTable_Table)
 <LI><a href="#[5e]">Ifx_MS_FocSolution_F16_getStartUpCurrent</a> from lto-llvm-b8cabc.o(.text.Ifx_MS_FocSolution_F16_getStartUpCurrent) referenced from lto-llvm-b8cabc.o(.rodata.Ifx_FRW_ParamTable_Table)
 <LI><a href="#[75]">Ifx_MS_FocSolution_F16_getTransitionAngleTolerance</a> from lto-llvm-b8cabc.o(.text.Ifx_MS_FocSolution_F16_getTransitionAngleTolerance) referenced from lto-llvm-b8cabc.o(.rodata.Ifx_FRW_ParamTable_Table)
 <LI><a href="#[79]">Ifx_MS_FocSolution_F16_getTransitionDownDCurrentScalingQ14</a> from lto-llvm-b8cabc.o(.text.Ifx_MS_FocSolution_F16_getTransitionDownDCurrentScalingQ14) referenced from lto-llvm-b8cabc.o(.rodata.Ifx_FRW_ParamTable_Table)
 <LI><a href="#[77]">Ifx_MS_FocSolution_F16_getTransitionTimeLimit</a> from lto-llvm-b8cabc.o(.text.Ifx_MS_FocSolution_F16_getTransitionTimeLimit) referenced from lto-llvm-b8cabc.o(.rodata.Ifx_FRW_ParamTable_Table)
 <LI><a href="#[74]">Ifx_MS_FocSolution_F16_setQCurrentAtTransition</a> from lto-llvm-b8cabc.o(.text.Ifx_MS_FocSolution_F16_setQCurrentAtTransition) referenced from lto-llvm-b8cabc.o(.rodata.Ifx_FRW_ParamTable_Table)
 <LI><a href="#[66]">Ifx_MS_FocSolution_F16_setRefCurrentLowerLimit</a> from lto-llvm-b8cabc.o(.text.Ifx_MS_FocSolution_F16_setRefCurrentLowerLimit) referenced from lto-llvm-b8cabc.o(.rodata.Ifx_FRW_ParamTable_Table)
 <LI><a href="#[65]">Ifx_MS_FocSolution_F16_setRefCurrentUpperLimit</a> from lto-llvm-b8cabc.o(.text.Ifx_MS_FocSolution_F16_setRefCurrentUpperLimit) referenced from lto-llvm-b8cabc.o(.rodata.Ifx_FRW_ParamTable_Table)
 <LI><a href="#[6a]">Ifx_MS_FocSolution_F16_setRefSpeedLowerLimit</a> from lto-llvm-b8cabc.o(.text.Ifx_MS_FocSolution_F16_setRefSpeedLowerLimit) referenced from lto-llvm-b8cabc.o(.rodata.Ifx_FRW_ParamTable_Table)
 <LI><a href="#[68]">Ifx_MS_FocSolution_F16_setRefSpeedUpperLimit</a> from lto-llvm-b8cabc.o(.text.Ifx_MS_FocSolution_F16_setRefSpeedUpperLimit) referenced from lto-llvm-b8cabc.o(.rodata.Ifx_FRW_ParamTable_Table)
 <LI><a href="#[64]">Ifx_MS_FocSolution_F16_setSpeedPiIntegGainSamplingTime</a> from lto-llvm-b8cabc.o(.text.Ifx_MS_FocSolution_F16_setSpeedPiIntegGainSamplingTime) referenced from lto-llvm-b8cabc.o(.rodata.Ifx_FRW_ParamTable_Table)
 <LI><a href="#[62]">Ifx_MS_FocSolution_F16_setSpeedPiPropGain</a> from lto-llvm-b8cabc.o(.text.Ifx_MS_FocSolution_F16_setSpeedPiPropGain) referenced from lto-llvm-b8cabc.o(.rodata.Ifx_FRW_ParamTable_Table)
 <LI><a href="#[72]">Ifx_MS_FocSolution_F16_setSpeedRampDownRateClosedLoop</a> from lto-llvm-b8cabc.o(.text.Ifx_MS_FocSolution_F16_setSpeedRampDownRateClosedLoop) referenced from lto-llvm-b8cabc.o(.rodata.Ifx_FRW_ParamTable_Table)
 <LI><a href="#[6e]">Ifx_MS_FocSolution_F16_setSpeedRampDownRateOpenLoop</a> from lto-llvm-b8cabc.o(.text.Ifx_MS_FocSolution_F16_setSpeedRampDownRateOpenLoop) referenced from lto-llvm-b8cabc.o(.rodata.Ifx_FRW_ParamTable_Table)
 <LI><a href="#[70]">Ifx_MS_FocSolution_F16_setSpeedRampUpRateClosedLoop</a> from lto-llvm-b8cabc.o(.text.Ifx_MS_FocSolution_F16_setSpeedRampUpRateClosedLoop) referenced from lto-llvm-b8cabc.o(.rodata.Ifx_FRW_ParamTable_Table)
 <LI><a href="#[6c]">Ifx_MS_FocSolution_F16_setSpeedRampUpRateOpenLoop</a> from lto-llvm-b8cabc.o(.text.Ifx_MS_FocSolution_F16_setSpeedRampUpRateOpenLoop) referenced from lto-llvm-b8cabc.o(.rodata.Ifx_FRW_ParamTable_Table)
 <LI><a href="#[5f]">Ifx_MS_FocSolution_F16_setStartUpCurrent</a> from lto-llvm-b8cabc.o(.text.Ifx_MS_FocSolution_F16_setStartUpCurrent) referenced from lto-llvm-b8cabc.o(.rodata.Ifx_FRW_ParamTable_Table)
 <LI><a href="#[60]">Ifx_MS_FocSolution_F16_setStartUpCurrentRampUpRate</a> from lto-llvm-b8cabc.o(.text.Ifx_MS_FocSolution_F16_setStartUpCurrentRampUpRate) referenced from lto-llvm-b8cabc.o(.rodata.Ifx_FRW_ParamTable_Table)
 <LI><a href="#[76]">Ifx_MS_FocSolution_F16_setTransitionAngleTolerance</a> from lto-llvm-b8cabc.o(.text.Ifx_MS_FocSolution_F16_setTransitionAngleTolerance) referenced from lto-llvm-b8cabc.o(.rodata.Ifx_FRW_ParamTable_Table)
 <LI><a href="#[7a]">Ifx_MS_FocSolution_F16_setTransitionDownDCurrentScalingQ14</a> from lto-llvm-b8cabc.o(.text.Ifx_MS_FocSolution_F16_setTransitionDownDCurrentScalingQ14) referenced from lto-llvm-b8cabc.o(.rodata.Ifx_FRW_ParamTable_Table)
 <LI><a href="#[7c]">Ifx_MS_FocSolution_F16_setTransitionSpeedBand</a> from lto-llvm-b8cabc.o(.text.Ifx_MS_FocSolution_F16_setTransitionSpeedBand) referenced from lto-llvm-b8cabc.o(.rodata.Ifx_FRW_ParamTable_Table)
 <LI><a href="#[7b]">Ifx_MS_FocSolution_F16_setTransitionSpeedUp</a> from lto-llvm-b8cabc.o(.text.Ifx_MS_FocSolution_F16_setTransitionSpeedUp) referenced from lto-llvm-b8cabc.o(.rodata.Ifx_FRW_ParamTable_Table)
 <LI><a href="#[78]">Ifx_MS_FocSolution_F16_setTransitionTimeLimit</a> from lto-llvm-b8cabc.o(.text.Ifx_MS_FocSolution_F16_setTransitionTimeLimit) referenced from lto-llvm-b8cabc.o(.rodata.Ifx_FRW_ParamTable_Table)
 <LI><a href="#[23]">MapChannels</a> from lto-llvm-b8cabc.o(.text.MapChannels) referenced from lto-llvm-b8cabc.o(.text.TRCH_ParameterService)
 <LI><a href="#[27]">MapChannels.154</a> from lto-llvm-b8cabc.o(.text.MapChannels.154) referenced from lto-llvm-b8cabc.o(.text.TRCH_SamplingService)
 <LI><a href="#[3]">MemManage_Handler</a> from lto-llvm-b8cabc.o(.text.MemManage_Handler) referenced from startup_tle987x.o(RESET)
 <LI><a href="#[1]">NMI_Handler</a> from startup_tle987x.o(.text) referenced from startup_tle987x.o(RESET)
 <LI><a href="#[24]">ParameterControl</a> from lto-llvm-b8cabc.o(.text.ParameterControl) referenced from lto-llvm-b8cabc.o(.text.TRCH_ParameterService)
 <LI><a href="#[8]">PendSV_Handler</a> from lto-llvm-b8cabc.o(.text.PendSV_Handler) referenced from startup_tle987x.o(RESET)
 <LI><a href="#[0]">Reset_Handler</a> from startup_tle987x.o(.text) referenced from startup_tle987x.o(RESET)
 <LI><a href="#[38]">SDOSERVICE_abort</a> from lto-llvm-b8cabc.o(.text.SDOSERVICE_abort) referenced from lto-llvm-b8cabc.o(.text.main)
 <LI><a href="#[3a]">SDOSERVICE_download_block</a> from lto-llvm-b8cabc.o(.text.SDOSERVICE_download_block) referenced from lto-llvm-b8cabc.o(.text.main)
 <LI><a href="#[35]">SDOSERVICE_download_initiate</a> from lto-llvm-b8cabc.o(.text.SDOSERVICE_download_initiate) referenced from lto-llvm-b8cabc.o(.text.main)
 <LI><a href="#[34]">SDOSERVICE_download_segment</a> from lto-llvm-b8cabc.o(.text.SDOSERVICE_download_segment) referenced from lto-llvm-b8cabc.o(.text.main)
 <LI><a href="#[3b]">SDOSERVICE_error</a> from lto-llvm-b8cabc.o(.text.SDOSERVICE_error) referenced from lto-llvm-b8cabc.o(.text.main)
 <LI><a href="#[39]">SDOSERVICE_upload_block</a> from lto-llvm-b8cabc.o(.text.SDOSERVICE_upload_block) referenced from lto-llvm-b8cabc.o(.text.main)
 <LI><a href="#[36]">SDOSERVICE_upload_initiate</a> from lto-llvm-b8cabc.o(.text.SDOSERVICE_upload_initiate) referenced from lto-llvm-b8cabc.o(.text.main)
 <LI><a href="#[37]">SDOSERVICE_upload_segment</a> from lto-llvm-b8cabc.o(.text.SDOSERVICE_upload_segment) referenced from lto-llvm-b8cabc.o(.text.main)
 <LI><a href="#[12]">SSC1_IRQHandler</a> from startup_tle987x.o(.text) referenced from startup_tle987x.o(RESET)
 <LI><a href="#[13]">SSC2_IRQHandler</a> from startup_tle987x.o(.text) referenced from startup_tle987x.o(RESET)
 <LI><a href="#[6]">SVC_Handler</a> from startup_tle987x.o(.text) referenced from startup_tle987x.o(RESET)
 <LI><a href="#[1d]">SVC_Handler_main</a> from startup_tle987x.o(.text) referenced from startup_tle987x.o(.text)
 <LI><a href="#[28]">SamplingControl</a> from lto-llvm-b8cabc.o(.text.SamplingControl) referenced from lto-llvm-b8cabc.o(.text.TRCH_SamplingService)
 <LI><a href="#[9]">SysTick_Handler</a> from lto-llvm-b8cabc.o(.text.SysTick_Handler) referenced from startup_tle987x.o(RESET)
 <LI><a href="#[1b]">SystemInit</a> from lto-llvm-b8cabc.o(.text.SystemInit) referenced from startup_tle987x.o(.text)
 <LI><a href="#[81]">TRCH_EventService</a> from lto-llvm-b8cabc.o(.text.TRCH_EventService) referenced from lto-llvm-b8cabc.o(.rodata.TRCH_CallService)
 <LI><a href="#[83]">TRCH_EventService_deinit</a> from lto-llvm-b8cabc.o(.text.TRCH_EventService_deinit) referenced from lto-llvm-b8cabc.o(.rodata.TRCH_CallService)
 <LI><a href="#[82]">TRCH_EventService_init</a> from lto-llvm-b8cabc.o(.text.TRCH_EventService_init) referenced from lto-llvm-b8cabc.o(.rodata.TRCH_CallService)
 <LI><a href="#[87]">TRCH_ParameterService</a> from lto-llvm-b8cabc.o(.text.TRCH_ParameterService) referenced from lto-llvm-b8cabc.o(.rodata.TRCH_CallService)
 <LI><a href="#[89]">TRCH_ParameterService_deinit</a> from lto-llvm-b8cabc.o(.text.TRCH_ParameterService_deinit) referenced from lto-llvm-b8cabc.o(.rodata.TRCH_CallService)
 <LI><a href="#[88]">TRCH_ParameterService_init</a> from lto-llvm-b8cabc.o(.text.TRCH_ParameterService_init) referenced from lto-llvm-b8cabc.o(.rodata.TRCH_CallService)
 <LI><a href="#[84]">TRCH_SamplingService</a> from lto-llvm-b8cabc.o(.text.TRCH_SamplingService) referenced from lto-llvm-b8cabc.o(.rodata.TRCH_CallService)
 <LI><a href="#[1e]">TRCH_SamplingService_ProcessSampling</a> from lto-llvm-b8cabc.o(.text.TRCH_SamplingService_ProcessSampling) referenced 2 times from lto-llvm-b8cabc.o(.text.SamplingControl)
 <LI><a href="#[1e]">TRCH_SamplingService_ProcessSampling</a> from lto-llvm-b8cabc.o(.text.TRCH_SamplingService_ProcessSampling) referenced 4 times from lto-llvm-b8cabc.o(.text.main)
 <LI><a href="#[86]">TRCH_SamplingService_deinit</a> from lto-llvm-b8cabc.o(.text.TRCH_SamplingService_deinit) referenced from lto-llvm-b8cabc.o(.rodata.TRCH_CallService)
 <LI><a href="#[85]">TRCH_SamplingService_init</a> from lto-llvm-b8cabc.o(.text.TRCH_SamplingService_init) referenced from lto-llvm-b8cabc.o(.rodata.TRCH_CallService)
 <LI><a href="#[2b]">TRCH_Service_TRCH_EnableDisableServices</a> from lto-llvm-b8cabc.o(.text.TRCH_Service_TRCH_EnableDisableServices) referenced 2 times from lto-llvm-b8cabc.o(.text.TRCH_Service_TraceHandler)
 <LI><a href="#[2a]">TRCH_Service_TRCH_GetConfiguration</a> from lto-llvm-b8cabc.o(.text.TRCH_Service_TRCH_GetConfiguration) referenced 2 times from lto-llvm-b8cabc.o(.text.TRCH_Service_TraceHandler)
 <LI><a href="#[2d]">TRCH_Service_TRCH_GetFrameStatistics</a> from lto-llvm-b8cabc.o(.text.TRCH_Service_TRCH_GetFrameStatistics) referenced from lto-llvm-b8cabc.o(.text.TRCH_Service_TraceHandler)
 <LI><a href="#[2e]">TRCH_Service_TRCH_Reset</a> from lto-llvm-b8cabc.o(.text.TRCH_Service_TRCH_Reset) referenced from lto-llvm-b8cabc.o(.text.TRCH_Service_TraceHandler)
 <LI><a href="#[2f]">TRCH_Service_TRCH_SetGetTraceId</a> from lto-llvm-b8cabc.o(.text.TRCH_Service_TRCH_SetGetTraceId) referenced from lto-llvm-b8cabc.o(.text.TRCH_Service_TraceHandler)
 <LI><a href="#[2c]">TRCH_Service_TRCH_SyncTargetTime</a> from lto-llvm-b8cabc.o(.text.TRCH_Service_TRCH_SyncTargetTime) referenced from lto-llvm-b8cabc.o(.text.TRCH_Service_TraceHandler)
 <LI><a href="#[7d]">TRCH_Service_TraceHandler</a> from lto-llvm-b8cabc.o(.text.TRCH_Service_TraceHandler) referenced from lto-llvm-b8cabc.o(.rodata.TRCH_CallService)
 <LI><a href="#[7e]">TRCH_StreamingService</a> from lto-llvm-b8cabc.o(.text.TRCH_StreamingService) referenced from lto-llvm-b8cabc.o(.rodata.TRCH_CallService)
 <LI><a href="#[31]">TRCH_StreamingService_Configure</a> from lto-llvm-b8cabc.o(.text.TRCH_StreamingService_Configure) referenced from lto-llvm-b8cabc.o(.text.TRCH_StreamingService)
 <LI><a href="#[30]">TRCH_StreamingService_GetConfiguration</a> from lto-llvm-b8cabc.o(.text.TRCH_StreamingService_GetConfiguration) referenced 2 times from lto-llvm-b8cabc.o(.text.TRCH_StreamingService)
 <LI><a href="#[32]">TRCH_StreamingService_MapChannels</a> from lto-llvm-b8cabc.o(.text.TRCH_StreamingService_MapChannels) referenced from lto-llvm-b8cabc.o(.text.TRCH_StreamingService)
 <LI><a href="#[80]">TRCH_StreamingService_deinit</a> from lto-llvm-b8cabc.o(.text.TRCH_StreamingService_deinit) referenced from lto-llvm-b8cabc.o(.rodata.TRCH_CallService)
 <LI><a href="#[7f]">TRCH_StreamingService_init</a> from lto-llvm-b8cabc.o(.text.TRCH_StreamingService_init) referenced from lto-llvm-b8cabc.o(.rodata.TRCH_CallService)
 <LI><a href="#[14]">UART1_IRQHandler</a> from startup_tle987x.o(.text) referenced from startup_tle987x.o(RESET)
 <LI><a href="#[15]">UART2_IRQHandler</a> from startup_tle987x.o(.text) referenced from startup_tle987x.o(RESET)
 <LI><a href="#[5]">UsageFault_Handler</a> from lto-llvm-b8cabc.o(.text.UsageFault_Handler) referenced from startup_tle987x.o(RESET)
 <LI><a href="#[1c]">__main</a> from entry.o(.ARM.Collect$$$$00000000) referenced from startup_tle987x.o(.text)
 <LI><a href="#[1a]">main</a> from lto-llvm-b8cabc.o(.text.main) referenced from entry9a.o(.ARM.Collect$$$$0000000B)
</UL>
<P>
<H3>
Global Symbols
</H3>
<P><STRONG><a name="[1c]"></a>__main</STRONG> (Thumb, 0 bytes, Stack size unknown bytes, entry.o(.ARM.Collect$$$$00000000))
<BR>[Address Reference Count : 1]<UL><LI> startup_tle987x.o(.text)
</UL>
<P><STRONG><a name="[a2]"></a>_main_stk</STRONG> (Thumb, 0 bytes, Stack size unknown bytes, entry2.o(.ARM.Collect$$$$00000001))

<P><STRONG><a name="[8f]"></a>_main_scatterload</STRONG> (Thumb, 0 bytes, Stack size unknown bytes, entry5.o(.ARM.Collect$$$$00000004))
<BR><BR>[Calls]<UL><LI><a href="#[90]">&gt;&gt;</a>&nbsp;&nbsp;&nbsp;__scatterload
</UL>

<P><STRONG><a name="[91]"></a>__main_after_scatterload</STRONG> (Thumb, 0 bytes, Stack size unknown bytes, entry5.o(.ARM.Collect$$$$00000004))
<BR><BR>[Called By]<UL><LI><a href="#[90]">&gt;&gt;</a>&nbsp;&nbsp;&nbsp;__scatterload
</UL>

<P><STRONG><a name="[a3]"></a>_main_clock</STRONG> (Thumb, 0 bytes, Stack size unknown bytes, entry7b.o(.ARM.Collect$$$$00000008))

<P><STRONG><a name="[a4]"></a>_main_cpp_init</STRONG> (Thumb, 0 bytes, Stack size unknown bytes, entry8b.o(.ARM.Collect$$$$0000000A))

<P><STRONG><a name="[a5]"></a>_main_init</STRONG> (Thumb, 0 bytes, Stack size unknown bytes, entry9a.o(.ARM.Collect$$$$0000000B))

<P><STRONG><a name="[a6]"></a>__rt_final_cpp</STRONG> (Thumb, 0 bytes, Stack size unknown bytes, entry10a.o(.ARM.Collect$$$$0000000D))

<P><STRONG><a name="[a7]"></a>__rt_final_exit</STRONG> (Thumb, 0 bytes, Stack size unknown bytes, entry11a.o(.ARM.Collect$$$$0000000F))

<P><STRONG><a name="[0]"></a>Reset_Handler</STRONG> (Thumb, 8 bytes, Stack size 0 bytes, startup_tle987x.o(.text))
<BR>[Address Reference Count : 1]<UL><LI> startup_tle987x.o(RESET)
</UL>
<P><STRONG><a name="[1d]"></a>SVC_Handler_main</STRONG> (Thumb, 2 bytes, Stack size 0 bytes, startup_tle987x.o(.text))
<BR><BR>[Calls]<UL><LI><a href="#[1d]">&gt;&gt;</a>&nbsp;&nbsp;&nbsp;SVC_Handler_main
</UL>
<BR>[Called By]<UL><LI><a href="#[1d]">&gt;&gt;</a>&nbsp;&nbsp;&nbsp;SVC_Handler_main
</UL>
<BR>[Address Reference Count : 1]<UL><LI> startup_tle987x.o(.text)
</UL>
<P><STRONG><a name="[1]"></a>NMI_Handler</STRONG> (Thumb, 2 bytes, Stack size 0 bytes, startup_tle987x.o(.text))
<BR><BR>[Calls]<UL><LI><a href="#[1]">&gt;&gt;</a>&nbsp;&nbsp;&nbsp;NMI_Handler
</UL>
<BR>[Called By]<UL><LI><a href="#[1]">&gt;&gt;</a>&nbsp;&nbsp;&nbsp;NMI_Handler
</UL>
<BR>[Address Reference Count : 1]<UL><LI> startup_tle987x.o(RESET)
</UL>
<P><STRONG><a name="[7]"></a>DebugMon_Handler</STRONG> (Thumb, 2 bytes, Stack size 0 bytes, startup_tle987x.o(.text))
<BR><BR>[Calls]<UL><LI><a href="#[7]">&gt;&gt;</a>&nbsp;&nbsp;&nbsp;DebugMon_Handler
</UL>
<BR>[Called By]<UL><LI><a href="#[7]">&gt;&gt;</a>&nbsp;&nbsp;&nbsp;DebugMon_Handler
</UL>
<BR>[Address Reference Count : 1]<UL><LI> startup_tle987x.o(RESET)
</UL>
<P><STRONG><a name="[d]"></a>ADC1_IRQHandler</STRONG> (Thumb, 0 bytes, Stack size 0 bytes, startup_tle987x.o(.text))
<BR><BR>[Calls]<UL><LI><a href="#[d]">&gt;&gt;</a>&nbsp;&nbsp;&nbsp;ADC1_IRQHandler
</UL>
<BR>[Called By]<UL><LI><a href="#[d]">&gt;&gt;</a>&nbsp;&nbsp;&nbsp;ADC1_IRQHandler
</UL>
<BR>[Address Reference Count : 1]<UL><LI> startup_tle987x.o(RESET)
</UL>
<P><STRONG><a name="[c]"></a>ADC2_IRQHandler</STRONG> (Thumb, 0 bytes, Stack size 0 bytes, startup_tle987x.o(.text))
<BR>[Address Reference Count : 1]<UL><LI> startup_tle987x.o(RESET)
</UL>
<P><STRONG><a name="[18]"></a>BDRV_IRQHandler</STRONG> (Thumb, 0 bytes, Stack size 0 bytes, startup_tle987x.o(.text))
<BR>[Address Reference Count : 1]<UL><LI> startup_tle987x.o(RESET)
</UL>
<P><STRONG><a name="[e]"></a>CCU6SR0_IRQHandler</STRONG> (Thumb, 0 bytes, Stack size 0 bytes, startup_tle987x.o(.text))
<BR>[Address Reference Count : 1]<UL><LI> startup_tle987x.o(RESET)
</UL>
<P><STRONG><a name="[10]"></a>CCU6SR2_IRQHandler</STRONG> (Thumb, 0 bytes, Stack size 0 bytes, startup_tle987x.o(.text))
<BR>[Address Reference Count : 1]<UL><LI> startup_tle987x.o(RESET)
</UL>
<P><STRONG><a name="[11]"></a>CCU6SR3_IRQHandler</STRONG> (Thumb, 0 bytes, Stack size 0 bytes, startup_tle987x.o(.text))
<BR>[Address Reference Count : 1]<UL><LI> startup_tle987x.o(RESET)
</UL>
<P><STRONG><a name="[19]"></a>DMA_IRQHandler</STRONG> (Thumb, 0 bytes, Stack size 0 bytes, startup_tle987x.o(.text))
<BR>[Address Reference Count : 1]<UL><LI> startup_tle987x.o(RESET)
</UL>
<P><STRONG><a name="[16]"></a>EXINT0_IRQHandler</STRONG> (Thumb, 0 bytes, Stack size 0 bytes, startup_tle987x.o(.text))
<BR>[Address Reference Count : 1]<UL><LI> startup_tle987x.o(RESET)
</UL>
<P><STRONG><a name="[17]"></a>EXINT1_IRQHandler</STRONG> (Thumb, 0 bytes, Stack size 0 bytes, startup_tle987x.o(.text))
<BR>[Address Reference Count : 1]<UL><LI> startup_tle987x.o(RESET)
</UL>
<P><STRONG><a name="[a]"></a>GPT1_IRQHandler</STRONG> (Thumb, 0 bytes, Stack size 0 bytes, startup_tle987x.o(.text))
<BR>[Address Reference Count : 1]<UL><LI> startup_tle987x.o(RESET)
</UL>
<P><STRONG><a name="[12]"></a>SSC1_IRQHandler</STRONG> (Thumb, 0 bytes, Stack size 0 bytes, startup_tle987x.o(.text))
<BR>[Address Reference Count : 1]<UL><LI> startup_tle987x.o(RESET)
</UL>
<P><STRONG><a name="[13]"></a>SSC2_IRQHandler</STRONG> (Thumb, 0 bytes, Stack size 0 bytes, startup_tle987x.o(.text))
<BR>[Address Reference Count : 1]<UL><LI> startup_tle987x.o(RESET)
</UL>
<P><STRONG><a name="[14]"></a>UART1_IRQHandler</STRONG> (Thumb, 0 bytes, Stack size 0 bytes, startup_tle987x.o(.text))
<BR>[Address Reference Count : 1]<UL><LI> startup_tle987x.o(RESET)
</UL>
<P><STRONG><a name="[15]"></a>UART2_IRQHandler</STRONG> (Thumb, 0 bytes, Stack size 0 bytes, startup_tle987x.o(.text))
<BR>[Address Reference Count : 1]<UL><LI> startup_tle987x.o(RESET)
</UL>
<P><STRONG><a name="[90]"></a>__scatterload</STRONG> (Thumb, 28 bytes, Stack size 0 bytes, init.o(.text))
<BR><BR>[Calls]<UL><LI><a href="#[91]">&gt;&gt;</a>&nbsp;&nbsp;&nbsp;__main_after_scatterload
</UL>
<BR>[Called By]<UL><LI><a href="#[8f]">&gt;&gt;</a>&nbsp;&nbsp;&nbsp;_main_scatterload
</UL>

<P><STRONG><a name="[a8]"></a>__scatterload_rt2</STRONG> (Thumb, 0 bytes, Stack size 0 bytes, init.o(.text), UNUSED)

<P><STRONG><a name="[92]"></a>__aeabi_uldivmod</STRONG> (Thumb, 98 bytes, Stack size 40 bytes, uldiv.o(.text))
<BR><BR>[Stack]<UL><LI>Max Depth = 40<LI>Call Chain = __aeabi_uldivmod
</UL>
<BR>[Calls]<UL><LI><a href="#[93]">&gt;&gt;</a>&nbsp;&nbsp;&nbsp;__aeabi_llsr
<LI><a href="#[94]">&gt;&gt;</a>&nbsp;&nbsp;&nbsp;__aeabi_llsl
</UL>
<BR>[Called By]<UL><LI><a href="#[4e]">&gt;&gt;</a>&nbsp;&nbsp;&nbsp;Ifx_MDA_FluxEstimator_F16_setSamplingTime
<LI><a href="#[52]">&gt;&gt;</a>&nbsp;&nbsp;&nbsp;Ifx_MDA_FluxEstimator_F16_setPllFilterPropGain
<LI><a href="#[95]">&gt;&gt;</a>&nbsp;&nbsp;&nbsp;__aeabi_ldivmod
</UL>

<P><STRONG><a name="[95]"></a>__aeabi_ldivmod</STRONG> (Thumb, 98 bytes, Stack size 24 bytes, ldiv.o(.text))
<BR><BR>[Stack]<UL><LI>Max Depth = 64<LI>Call Chain = __aeabi_ldivmod &rArr; __aeabi_uldivmod
</UL>
<BR>[Calls]<UL><LI><a href="#[92]">&gt;&gt;</a>&nbsp;&nbsp;&nbsp;__aeabi_uldivmod
</UL>
<BR>[Called By]<UL><LI><a href="#[36]">&gt;&gt;</a>&nbsp;&nbsp;&nbsp;SDOSERVICE_upload_initiate
<LI><a href="#[35]">&gt;&gt;</a>&nbsp;&nbsp;&nbsp;SDOSERVICE_download_initiate
<LI><a href="#[4e]">&gt;&gt;</a>&nbsp;&nbsp;&nbsp;Ifx_MDA_FluxEstimator_F16_setSamplingTime
</UL>

<P><STRONG><a name="[9f]"></a>__aeabi_memcpy</STRONG> (Thumb, 36 bytes, Stack size 0 bytes, memcpya.o(.text))
<BR><BR>[Called By]<UL><LI><a href="#[35]">&gt;&gt;</a>&nbsp;&nbsp;&nbsp;SDOSERVICE_download_initiate
</UL>

<P><STRONG><a name="[a0]"></a>__aeabi_memcpy4</STRONG> (Thumb, 0 bytes, Stack size 0 bytes, memcpya.o(.text))
<BR><BR>[Called By]<UL><LI><a href="#[36]">&gt;&gt;</a>&nbsp;&nbsp;&nbsp;SDOSERVICE_upload_initiate
</UL>

<P><STRONG><a name="[a9]"></a>__aeabi_memcpy8</STRONG> (Thumb, 0 bytes, Stack size 0 bytes, memcpya.o(.text), UNUSED)

<P><STRONG><a name="[97]"></a>__aeabi_memset</STRONG> (Thumb, 14 bytes, Stack size 0 bytes, memseta.o(.text))
<BR><BR>[Called By]<UL><LI><a href="#[98]">&gt;&gt;</a>&nbsp;&nbsp;&nbsp;_memset$wrapper
<LI><a href="#[96]">&gt;&gt;</a>&nbsp;&nbsp;&nbsp;__aeabi_memclr
</UL>

<P><STRONG><a name="[aa]"></a>__aeabi_memset4</STRONG> (Thumb, 0 bytes, Stack size 0 bytes, memseta.o(.text), UNUSED)

<P><STRONG><a name="[ab]"></a>__aeabi_memset8</STRONG> (Thumb, 0 bytes, Stack size 0 bytes, memseta.o(.text), UNUSED)

<P><STRONG><a name="[96]"></a>__aeabi_memclr</STRONG> (Thumb, 4 bytes, Stack size 0 bytes, memseta.o(.text))
<BR><BR>[Calls]<UL><LI><a href="#[97]">&gt;&gt;</a>&nbsp;&nbsp;&nbsp;__aeabi_memset
</UL>
<BR>[Called By]<UL><LI><a href="#[37]">&gt;&gt;</a>&nbsp;&nbsp;&nbsp;SDOSERVICE_upload_segment
</UL>

<P><STRONG><a name="[a1]"></a>__aeabi_memclr4</STRONG> (Thumb, 0 bytes, Stack size 0 bytes, memseta.o(.text))
<BR><BR>[Called By]<UL><LI><a href="#[1a]">&gt;&gt;</a>&nbsp;&nbsp;&nbsp;main
</UL>

<P><STRONG><a name="[ac]"></a>__aeabi_memclr8</STRONG> (Thumb, 0 bytes, Stack size 0 bytes, memseta.o(.text), UNUSED)

<P><STRONG><a name="[98]"></a>_memset$wrapper</STRONG> (Thumb, 18 bytes, Stack size 8 bytes, memseta.o(.text), UNUSED)
<BR><BR>[Calls]<UL><LI><a href="#[97]">&gt;&gt;</a>&nbsp;&nbsp;&nbsp;__aeabi_memset
</UL>

<P><STRONG><a name="[94]"></a>__aeabi_llsl</STRONG> (Thumb, 30 bytes, Stack size 0 bytes, llshl.o(.text))
<BR><BR>[Called By]<UL><LI><a href="#[92]">&gt;&gt;</a>&nbsp;&nbsp;&nbsp;__aeabi_uldivmod
</UL>

<P><STRONG><a name="[ad]"></a>_ll_shift_l</STRONG> (Thumb, 0 bytes, Stack size 0 bytes, llshl.o(.text), UNUSED)

<P><STRONG><a name="[93]"></a>__aeabi_llsr</STRONG> (Thumb, 32 bytes, Stack size 0 bytes, llushr.o(.text))
<BR><BR>[Called By]<UL><LI><a href="#[92]">&gt;&gt;</a>&nbsp;&nbsp;&nbsp;__aeabi_uldivmod
</UL>

<P><STRONG><a name="[ae]"></a>_ll_ushift_r</STRONG> (Thumb, 0 bytes, Stack size 0 bytes, llushr.o(.text), UNUSED)

<P><STRONG><a name="[af]"></a>__decompress</STRONG> (Thumb, 0 bytes, Stack size unknown bytes, __dczerorl.o(.text), UNUSED)

<P><STRONG><a name="[b0]"></a>__decompress0</STRONG> (Thumb, 58 bytes, Stack size unknown bytes, __dczerorl.o(.text), UNUSED)

<P><STRONG><a name="[4]"></a>BusFault_Handler</STRONG> (Thumb, 2 bytes, Stack size 0 bytes, lto-llvm-b8cabc.o(.text.BusFault_Handler))
<BR>[Address Reference Count : 1]<UL><LI> startup_tle987x.o(RESET)
</UL>
<P><STRONG><a name="[f]"></a>CCU6SR1_IRQHandler</STRONG> (Thumb, 540 bytes, Stack size 8 bytes, lto-llvm-b8cabc.o(.text.CCU6SR1_IRQHandler))
<BR><BR>[Stack]<UL><LI>Max Depth = 8<LI>Call Chain = CCU6SR1_IRQHandler
</UL>
<BR>[Address Reference Count : 1]<UL><LI> startup_tle987x.o(RESET)
</UL>
<P><STRONG><a name="[b]"></a>GPT2_IRQHandler</STRONG> (Thumb, 1840 bytes, Stack size 32 bytes, lto-llvm-b8cabc.o(.text.GPT2_IRQHandler))
<BR><BR>[Stack]<UL><LI>Max Depth = 72<LI>Call Chain = GPT2_IRQHandler &rArr; Ifx_MS_FocSolution_F16_subStateMachine &rArr; Ifx_Math_Pi_F16_execute
</UL>
<BR>[Calls]<UL><LI><a href="#[9d]">&gt;&gt;</a>&nbsp;&nbsp;&nbsp;Ifx_MS_FocSolution_F16_subStateMachine
</UL>
<BR>[Address Reference Count : 1]<UL><LI> startup_tle987x.o(RESET)
</UL>
<P><STRONG><a name="[2]"></a>HardFault_Handler</STRONG> (Thumb, 2 bytes, Stack size 0 bytes, lto-llvm-b8cabc.o(.text.HardFault_Handler))
<BR>[Address Reference Count : 1]<UL><LI> startup_tle987x.o(RESET)
</UL>
<P><STRONG><a name="[3]"></a>MemManage_Handler</STRONG> (Thumb, 2 bytes, Stack size 0 bytes, lto-llvm-b8cabc.o(.text.MemManage_Handler))
<BR>[Address Reference Count : 1]<UL><LI> startup_tle987x.o(RESET)
</UL>
<P><STRONG><a name="[8]"></a>PendSV_Handler</STRONG> (Thumb, 1416 bytes, Stack size 32 bytes, lto-llvm-b8cabc.o(.text.PendSV_Handler))
<BR><BR>[Stack]<UL><LI>Max Depth = 80<LI>Call Chain = PendSV_Handler &rArr; Ifx_MDA_FocController_F16_execute &rArr; Ifx_Math_Pi_F16_execute
</UL>
<BR>[Calls]<UL><LI><a href="#[8a]">&gt;&gt;</a>&nbsp;&nbsp;&nbsp;Ifx_MAS_Modulator_F16_updatePolar7SegQ16 (via Veneer)
<LI><a href="#[8d]">&gt;&gt;</a>&nbsp;&nbsp;&nbsp;Ifx_MHA_MeasurementADC_F16_TLE987_execute (via Veneer)
<LI><a href="#[8c]">&gt;&gt;</a>&nbsp;&nbsp;&nbsp;Ifx_MDA_FocController_F16_execute (via Veneer)
<LI><a href="#[8b]">&gt;&gt;</a>&nbsp;&nbsp;&nbsp;Ifx_MDA_FluxEstimator_F16_execute (via Veneer)
</UL>
<BR>[Address Reference Count : 1]<UL><LI> startup_tle987x.o(RESET)
</UL>
<P><STRONG><a name="[9]"></a>SysTick_Handler</STRONG> (Thumb, 16 bytes, Stack size 0 bytes, lto-llvm-b8cabc.o(.text.SysTick_Handler))
<BR>[Address Reference Count : 1]<UL><LI> startup_tle987x.o(RESET)
</UL>
<P><STRONG><a name="[1b]"></a>SystemInit</STRONG> (Thumb, 572 bytes, Stack size 16 bytes, lto-llvm-b8cabc.o(.text.SystemInit))
<BR><BR>[Stack]<UL><LI>Max Depth = 16<LI>Call Chain = SystemInit
</UL>
<BR>[Address Reference Count : 1]<UL><LI> startup_tle987x.o(.text)
</UL>
<P><STRONG><a name="[5]"></a>UsageFault_Handler</STRONG> (Thumb, 2 bytes, Stack size 0 bytes, lto-llvm-b8cabc.o(.text.UsageFault_Handler))
<BR>[Address Reference Count : 1]<UL><LI> startup_tle987x.o(RESET)
</UL>
<P><STRONG><a name="[1a]"></a>main</STRONG> (Thumb, 5008 bytes, Stack size 16 bytes, lto-llvm-b8cabc.o(.text.main))
<BR><BR>[Stack]<UL><LI>Max Depth = 96<LI>Call Chain = main &rArr; Ifx_MDA_FluxEstimator_F16_setSamplingTime &rArr; __aeabi_ldivmod &rArr; __aeabi_uldivmod
</UL>
<BR>[Calls]<UL><LI><a href="#[4e]">&gt;&gt;</a>&nbsp;&nbsp;&nbsp;Ifx_MDA_FluxEstimator_F16_setSamplingTime
<LI><a href="#[9a]">&gt;&gt;</a>&nbsp;&nbsp;&nbsp;DTI_linklayer_TX
<LI><a href="#[9b]">&gt;&gt;</a>&nbsp;&nbsp;&nbsp;DTI_linklayer_RX
<LI><a href="#[99]">&gt;&gt;</a>&nbsp;&nbsp;&nbsp;DTI_Routing_DU
<LI><a href="#[9c]">&gt;&gt;</a>&nbsp;&nbsp;&nbsp;DTI_Routing_DD
<LI><a href="#[a1]">&gt;&gt;</a>&nbsp;&nbsp;&nbsp;__aeabi_memclr4
</UL>
<BR>[Address Reference Count : 1]<UL><LI> entry9a.o(.ARM.Collect$$$$0000000B)
</UL>
<P><STRONG><a name="[b1]"></a>__scatterload_copy</STRONG> (Thumb, 14 bytes, Stack size unknown bytes, handlers.o(i.__scatterload_copy), UNUSED)

<P><STRONG><a name="[b2]"></a>__scatterload_null</STRONG> (Thumb, 2 bytes, Stack size unknown bytes, handlers.o(i.__scatterload_null), UNUSED)

<P><STRONG><a name="[b3]"></a>__scatterload_zeroinit</STRONG> (Thumb, 14 bytes, Stack size unknown bytes, handlers.o(i.__scatterload_zeroinit), UNUSED)

<P><STRONG><a name="[8e]"></a>Ifx_FHA_TbStreaming_tick</STRONG> (Thumb, 140 bytes, Stack size 20 bytes, lto-llvm-b8cabc.o(.text.Ifx_FHA_TbStreaming_tick), UNUSED, KEPT)
<BR><BR>[Stack]<UL><LI>Max Depth = 20<LI>Call Chain = Ifx_FHA_TbStreaming_tick
</UL>

<P><STRONG><a name="[8b]"></a>Ifx_MDA_FluxEstimator_F16_execute</STRONG> (Thumb, 384 bytes, Stack size 16 bytes, lto-llvm-b8cabc.o(.text.Ifx_MDA_FluxEstimator_F16_execute))
<BR><BR>[Stack]<UL><LI>Max Depth = 16<LI>Call Chain = Ifx_MDA_FluxEstimator_F16_execute
</UL>
<BR>[Called By]<UL><LI><a href="#[8]">&gt;&gt;</a>&nbsp;&nbsp;&nbsp;PendSV_Handler (via Veneer)
</UL>

<P><STRONG><a name="[8c]"></a>Ifx_MDA_FocController_F16_execute</STRONG> (Thumb, 576 bytes, Stack size 32 bytes, lto-llvm-b8cabc.o(.text.Ifx_MDA_FocController_F16_execute))
<BR><BR>[Stack]<UL><LI>Max Depth = 48<LI>Call Chain = Ifx_MDA_FocController_F16_execute &rArr; Ifx_Math_Pi_F16_execute
</UL>
<BR>[Calls]<UL><LI><a href="#[9e]">&gt;&gt;</a>&nbsp;&nbsp;&nbsp;Ifx_Math_Pi_F16_execute
</UL>
<BR>[Called By]<UL><LI><a href="#[8]">&gt;&gt;</a>&nbsp;&nbsp;&nbsp;PendSV_Handler (via Veneer)
</UL>

<P><STRONG><a name="[8d]"></a>Ifx_MHA_MeasurementADC_F16_TLE987_execute</STRONG> (Thumb, 330 bytes, Stack size 16 bytes, lto-llvm-b8cabc.o(.text.Ifx_MHA_MeasurementADC_F16_TLE987_execute))
<BR><BR>[Stack]<UL><LI>Max Depth = 16<LI>Call Chain = Ifx_MHA_MeasurementADC_F16_TLE987_execute
</UL>
<BR>[Called By]<UL><LI><a href="#[8]">&gt;&gt;</a>&nbsp;&nbsp;&nbsp;PendSV_Handler (via Veneer)
</UL>
<P>
<H3>
Local Symbols
</H3>
<P><STRONG><a name="[6]"></a>SVC_Handler</STRONG> (Thumb, 24 bytes, Stack size 0 bytes, startup_tle987x.o(.text))
<BR>[Address Reference Count : 1]<UL><LI> startup_tle987x.o(RESET)
</UL>
<P><STRONG><a name="[21]"></a>ConfigureEvent</STRONG> (Thumb, 226 bytes, Stack size 20 bytes, lto-llvm-b8cabc.o(.text.ConfigureEvent))
<BR><BR>[Stack]<UL><LI>Max Depth = 20<LI>Call Chain = ConfigureEvent
</UL>
<BR>[Address Reference Count : 1]<UL><LI> lto-llvm-b8cabc.o(.text.TRCH_EventService)
</UL>
<P><STRONG><a name="[20]"></a>ConfigureService</STRONG> (Thumb, 76 bytes, Stack size 0 bytes, lto-llvm-b8cabc.o(.text.ConfigureService))
<BR>[Address Reference Count : 1]<UL><LI> lto-llvm-b8cabc.o(.text.TRCH_EventService)
</UL>
<P><STRONG><a name="[26]"></a>ConfigureService.153</STRONG> (Thumb, 108 bytes, Stack size 8 bytes, lto-llvm-b8cabc.o(.text.ConfigureService.153))
<BR><BR>[Stack]<UL><LI>Max Depth = 8<LI>Call Chain = ConfigureService.153
</UL>
<BR>[Address Reference Count : 1]<UL><LI> lto-llvm-b8cabc.o(.text.TRCH_SamplingService)
</UL>
<P><STRONG><a name="[9c]"></a>DTI_Routing_DD</STRONG> (Thumb, 1064 bytes, Stack size 32 bytes, lto-llvm-b8cabc.o(.text.DTI_Routing_DD))
<BR><BR>[Stack]<UL><LI>Max Depth = 32<LI>Call Chain = DTI_Routing_DD
</UL>
<BR>[Called By]<UL><LI><a href="#[33]">&gt;&gt;</a>&nbsp;&nbsp;&nbsp;DTI_interface_ProcessStreaming
<LI><a href="#[1a]">&gt;&gt;</a>&nbsp;&nbsp;&nbsp;main
</UL>

<P><STRONG><a name="[99]"></a>DTI_Routing_DU</STRONG> (Thumb, 1078 bytes, Stack size 32 bytes, lto-llvm-b8cabc.o(.text.DTI_Routing_DU))
<BR><BR>[Stack]<UL><LI>Max Depth = 32<LI>Call Chain = DTI_Routing_DU
</UL>
<BR>[Called By]<UL><LI><a href="#[33]">&gt;&gt;</a>&nbsp;&nbsp;&nbsp;DTI_interface_ProcessStreaming
<LI><a href="#[1a]">&gt;&gt;</a>&nbsp;&nbsp;&nbsp;main
</UL>

<P><STRONG><a name="[33]"></a>DTI_interface_ProcessStreaming</STRONG> (Thumb, 180 bytes, Stack size 24 bytes, lto-llvm-b8cabc.o(.text.DTI_interface_ProcessStreaming))
<BR><BR>[Stack]<UL><LI>Max Depth = 56<LI>Call Chain = DTI_interface_ProcessStreaming &rArr; DTI_linklayer_RX
</UL>
<BR>[Calls]<UL><LI><a href="#[9a]">&gt;&gt;</a>&nbsp;&nbsp;&nbsp;DTI_linklayer_TX
<LI><a href="#[9b]">&gt;&gt;</a>&nbsp;&nbsp;&nbsp;DTI_linklayer_RX
<LI><a href="#[99]">&gt;&gt;</a>&nbsp;&nbsp;&nbsp;DTI_Routing_DU
<LI><a href="#[9c]">&gt;&gt;</a>&nbsp;&nbsp;&nbsp;DTI_Routing_DD
</UL>
<BR>[Address Reference Count : 2]<UL><LI> lto-llvm-b8cabc.o(.text.TRCH_StreamingService_Configure)
<LI> lto-llvm-b8cabc.o(.text.TRCH_StreamingService_init)
</UL>
<P><STRONG><a name="[9b]"></a>DTI_linklayer_RX</STRONG> (Thumb, 482 bytes, Stack size 32 bytes, lto-llvm-b8cabc.o(.text.DTI_linklayer_RX))
<BR><BR>[Stack]<UL><LI>Max Depth = 32<LI>Call Chain = DTI_linklayer_RX
</UL>
<BR>[Called By]<UL><LI><a href="#[33]">&gt;&gt;</a>&nbsp;&nbsp;&nbsp;DTI_interface_ProcessStreaming
<LI><a href="#[1a]">&gt;&gt;</a>&nbsp;&nbsp;&nbsp;main
</UL>

<P><STRONG><a name="[9a]"></a>DTI_linklayer_TX</STRONG> (Thumb, 264 bytes, Stack size 24 bytes, lto-llvm-b8cabc.o(.text.DTI_linklayer_TX))
<BR><BR>[Stack]<UL><LI>Max Depth = 24<LI>Call Chain = DTI_linklayer_TX
</UL>
<BR>[Called By]<UL><LI><a href="#[7f]">&gt;&gt;</a>&nbsp;&nbsp;&nbsp;TRCH_StreamingService_init
<LI><a href="#[2c]">&gt;&gt;</a>&nbsp;&nbsp;&nbsp;TRCH_Service_TRCH_SyncTargetTime
<LI><a href="#[33]">&gt;&gt;</a>&nbsp;&nbsp;&nbsp;DTI_interface_ProcessStreaming
<LI><a href="#[1a]">&gt;&gt;</a>&nbsp;&nbsp;&nbsp;main
</UL>

<P><STRONG><a name="[29]"></a>GetClockSourceScaling</STRONG> (Thumb, 38 bytes, Stack size 0 bytes, lto-llvm-b8cabc.o(.text.GetClockSourceScaling))
<BR>[Address Reference Count : 1]<UL><LI> lto-llvm-b8cabc.o(.text.TRCH_SamplingService)
</UL>
<P><STRONG><a name="[1f]"></a>GetConfiguration</STRONG> (Thumb, 32 bytes, Stack size 0 bytes, lto-llvm-b8cabc.o(.text.GetConfiguration))
<BR>[Address Reference Count : 1]<UL><LI> lto-llvm-b8cabc.o(.text.TRCH_EventService)
</UL>
<P><STRONG><a name="[22]"></a>GetConfiguration.147</STRONG> (Thumb, 32 bytes, Stack size 0 bytes, lto-llvm-b8cabc.o(.text.GetConfiguration.147))
<BR>[Address Reference Count : 1]<UL><LI> lto-llvm-b8cabc.o(.text.TRCH_ParameterService)
</UL>
<P><STRONG><a name="[25]"></a>GetConfiguration.152</STRONG> (Thumb, 32 bytes, Stack size 0 bytes, lto-llvm-b8cabc.o(.text.GetConfiguration.152))
<BR>[Address Reference Count : 1]<UL><LI> lto-llvm-b8cabc.o(.text.TRCH_SamplingService)
</UL>
<P><STRONG><a name="[44]"></a>Ifx_MAS_Modulator_F16_getDeadTime_tick</STRONG> (Thumb, 6 bytes, Stack size 0 bytes, lto-llvm-b8cabc.o(.text.Ifx_MAS_Modulator_F16_getDeadTime_tick))
<BR>[Address Reference Count : 1]<UL><LI> lto-llvm-b8cabc.o(.rodata.Ifx_FRW_ParamTable_Table)
</UL>
<P><STRONG><a name="[46]"></a>Ifx_MAS_Modulator_F16_getDriverDelay_tick</STRONG> (Thumb, 6 bytes, Stack size 0 bytes, lto-llvm-b8cabc.o(.text.Ifx_MAS_Modulator_F16_getDriverDelay_tick))
<BR>[Address Reference Count : 1]<UL><LI> lto-llvm-b8cabc.o(.rodata.Ifx_FRW_ParamTable_Table)
</UL>
<P><STRONG><a name="[4c]"></a>Ifx_MAS_Modulator_F16_getMaxAmplitude</STRONG> (Thumb, 8 bytes, Stack size 0 bytes, lto-llvm-b8cabc.o(.text.Ifx_MAS_Modulator_F16_getMaxAmplitude))
<BR>[Address Reference Count : 1]<UL><LI> lto-llvm-b8cabc.o(.rodata.Ifx_FRW_ParamTable_Table)
</UL>
<P><STRONG><a name="[42]"></a>Ifx_MAS_Modulator_F16_getMeasurementTime_tick</STRONG> (Thumb, 6 bytes, Stack size 0 bytes, lto-llvm-b8cabc.o(.text.Ifx_MAS_Modulator_F16_getMeasurementTime_tick))
<BR>[Address Reference Count : 1]<UL><LI> lto-llvm-b8cabc.o(.rodata.Ifx_FRW_ParamTable_Table)
</UL>
<P><STRONG><a name="[4a]"></a>Ifx_MAS_Modulator_F16_getPeriod_tick</STRONG> (Thumb, 6 bytes, Stack size 0 bytes, lto-llvm-b8cabc.o(.text.Ifx_MAS_Modulator_F16_getPeriod_tick))
<BR>[Address Reference Count : 1]<UL><LI> lto-llvm-b8cabc.o(.rodata.Ifx_FRW_ParamTable_Table)
</UL>
<P><STRONG><a name="[48]"></a>Ifx_MAS_Modulator_F16_getRingingTime_tick</STRONG> (Thumb, 6 bytes, Stack size 0 bytes, lto-llvm-b8cabc.o(.text.Ifx_MAS_Modulator_F16_getRingingTime_tick))
<BR>[Address Reference Count : 1]<UL><LI> lto-llvm-b8cabc.o(.rodata.Ifx_FRW_ParamTable_Table)
</UL>
<P><STRONG><a name="[45]"></a>Ifx_MAS_Modulator_F16_setDeadTime_tick</STRONG> (Thumb, 70 bytes, Stack size 0 bytes, lto-llvm-b8cabc.o(.text.Ifx_MAS_Modulator_F16_setDeadTime_tick))
<BR>[Address Reference Count : 1]<UL><LI> lto-llvm-b8cabc.o(.rodata.Ifx_FRW_ParamTable_Table)
</UL>
<P><STRONG><a name="[47]"></a>Ifx_MAS_Modulator_F16_setDriverDelay_tick</STRONG> (Thumb, 52 bytes, Stack size 0 bytes, lto-llvm-b8cabc.o(.text.Ifx_MAS_Modulator_F16_setDriverDelay_tick))
<BR>[Address Reference Count : 1]<UL><LI> lto-llvm-b8cabc.o(.rodata.Ifx_FRW_ParamTable_Table)
</UL>
<P><STRONG><a name="[4d]"></a>Ifx_MAS_Modulator_F16_setMaxAmplitude</STRONG> (Thumb, 6 bytes, Stack size 0 bytes, lto-llvm-b8cabc.o(.text.Ifx_MAS_Modulator_F16_setMaxAmplitude))
<BR>[Address Reference Count : 1]<UL><LI> lto-llvm-b8cabc.o(.rodata.Ifx_FRW_ParamTable_Table)
</UL>
<P><STRONG><a name="[43]"></a>Ifx_MAS_Modulator_F16_setMeasurementTime_tick</STRONG> (Thumb, 52 bytes, Stack size 0 bytes, lto-llvm-b8cabc.o(.text.Ifx_MAS_Modulator_F16_setMeasurementTime_tick))
<BR>[Address Reference Count : 1]<UL><LI> lto-llvm-b8cabc.o(.rodata.Ifx_FRW_ParamTable_Table)
</UL>
<P><STRONG><a name="[4b]"></a>Ifx_MAS_Modulator_F16_setPeriod_tick</STRONG> (Thumb, 8 bytes, Stack size 0 bytes, lto-llvm-b8cabc.o(.text.Ifx_MAS_Modulator_F16_setPeriod_tick))
<BR>[Address Reference Count : 1]<UL><LI> lto-llvm-b8cabc.o(.rodata.Ifx_FRW_ParamTable_Table)
</UL>
<P><STRONG><a name="[49]"></a>Ifx_MAS_Modulator_F16_setRingingTime_tick</STRONG> (Thumb, 62 bytes, Stack size 0 bytes, lto-llvm-b8cabc.o(.text.Ifx_MAS_Modulator_F16_setRingingTime_tick))
<BR>[Address Reference Count : 1]<UL><LI> lto-llvm-b8cabc.o(.rodata.Ifx_FRW_ParamTable_Table)
</UL>
<P><STRONG><a name="[8a]"></a>Ifx_MAS_Modulator_F16_updatePolar7SegQ16</STRONG> (Thumb, 708 bytes, Stack size 40 bytes, lto-llvm-b8cabc.o(.text.Ifx_MAS_Modulator_F16_updatePolar7SegQ16))
<BR><BR>[Stack]<UL><LI>Max Depth = 40<LI>Call Chain = Ifx_MAS_Modulator_F16_updatePolar7SegQ16
</UL>
<BR>[Called By]<UL><LI><a href="#[8]">&gt;&gt;</a>&nbsp;&nbsp;&nbsp;PendSV_Handler (via Veneer)
</UL>

<P><STRONG><a name="[55]"></a>Ifx_MDA_FluxEstimator_F16_getMode</STRONG> (Thumb, 6 bytes, Stack size 0 bytes, lto-llvm-b8cabc.o(.text.Ifx_MDA_FluxEstimator_F16_getMode))
<BR>[Address Reference Count : 1]<UL><LI> lto-llvm-b8cabc.o(.rodata.Ifx_FRW_ParamTable_Table)
</UL>
<P><STRONG><a name="[4f]"></a>Ifx_MDA_FluxEstimator_F16_setAlphaTimeConstant</STRONG> (Thumb, 82 bytes, Stack size 8 bytes, lto-llvm-b8cabc.o(.text.Ifx_MDA_FluxEstimator_F16_setAlphaTimeConstant))
<BR><BR>[Stack]<UL><LI>Max Depth = 8<LI>Call Chain = Ifx_MDA_FluxEstimator_F16_setAlphaTimeConstant
</UL>
<BR>[Address Reference Count : 1]<UL><LI> lto-llvm-b8cabc.o(.rodata.Ifx_FRW_ParamTable_Table)
</UL>
<P><STRONG><a name="[50]"></a>Ifx_MDA_FluxEstimator_F16_setBetaTimeConstant</STRONG> (Thumb, 82 bytes, Stack size 8 bytes, lto-llvm-b8cabc.o(.text.Ifx_MDA_FluxEstimator_F16_setBetaTimeConstant))
<BR><BR>[Stack]<UL><LI>Max Depth = 8<LI>Call Chain = Ifx_MDA_FluxEstimator_F16_setBetaTimeConstant
</UL>
<BR>[Address Reference Count : 1]<UL><LI> lto-llvm-b8cabc.o(.rodata.Ifx_FRW_ParamTable_Table)
</UL>
<P><STRONG><a name="[54]"></a>Ifx_MDA_FluxEstimator_F16_setPhaseIndAdjusted</STRONG> (Thumb, 10 bytes, Stack size 0 bytes, lto-llvm-b8cabc.o(.text.Ifx_MDA_FluxEstimator_F16_setPhaseIndAdjusted))
<BR>[Address Reference Count : 1]<UL><LI> lto-llvm-b8cabc.o(.rodata.Ifx_FRW_ParamTable_Table)
</UL>
<P><STRONG><a name="[53]"></a>Ifx_MDA_FluxEstimator_F16_setPhaseRes</STRONG> (Thumb, 10 bytes, Stack size 0 bytes, lto-llvm-b8cabc.o(.text.Ifx_MDA_FluxEstimator_F16_setPhaseRes))
<BR>[Address Reference Count : 1]<UL><LI> lto-llvm-b8cabc.o(.rodata.Ifx_FRW_ParamTable_Table)
</UL>
<P><STRONG><a name="[52]"></a>Ifx_MDA_FluxEstimator_F16_setPllFilterPropGain</STRONG> (Thumb, 138 bytes, Stack size 24 bytes, lto-llvm-b8cabc.o(.text.Ifx_MDA_FluxEstimator_F16_setPllFilterPropGain))
<BR><BR>[Stack]<UL><LI>Max Depth = 64<LI>Call Chain = Ifx_MDA_FluxEstimator_F16_setPllFilterPropGain &rArr; __aeabi_uldivmod
</UL>
<BR>[Calls]<UL><LI><a href="#[92]">&gt;&gt;</a>&nbsp;&nbsp;&nbsp;__aeabi_uldivmod
</UL>
<BR>[Address Reference Count : 1]<UL><LI> lto-llvm-b8cabc.o(.rodata.Ifx_FRW_ParamTable_Table)
</UL>
<P><STRONG><a name="[4e]"></a>Ifx_MDA_FluxEstimator_F16_setSamplingTime</STRONG> (Thumb, 226 bytes, Stack size 16 bytes, lto-llvm-b8cabc.o(.text.Ifx_MDA_FluxEstimator_F16_setSamplingTime))
<BR><BR>[Stack]<UL><LI>Max Depth = 80<LI>Call Chain = Ifx_MDA_FluxEstimator_F16_setSamplingTime &rArr; __aeabi_ldivmod &rArr; __aeabi_uldivmod
</UL>
<BR>[Calls]<UL><LI><a href="#[95]">&gt;&gt;</a>&nbsp;&nbsp;&nbsp;__aeabi_ldivmod
<LI><a href="#[92]">&gt;&gt;</a>&nbsp;&nbsp;&nbsp;__aeabi_uldivmod
</UL>
<BR>[Called By]<UL><LI><a href="#[1a]">&gt;&gt;</a>&nbsp;&nbsp;&nbsp;main
</UL>
<BR>[Address Reference Count : 1]<UL><LI> lto-llvm-b8cabc.o(.rodata.Ifx_FRW_ParamTable_Table)
</UL>
<P><STRONG><a name="[51]"></a>Ifx_MDA_FluxEstimator_F16_setSpeedFilterTimeConstant</STRONG> (Thumb, 82 bytes, Stack size 8 bytes, lto-llvm-b8cabc.o(.text.Ifx_MDA_FluxEstimator_F16_setSpeedFilterTimeConstant))
<BR><BR>[Stack]<UL><LI>Max Depth = 8<LI>Call Chain = Ifx_MDA_FluxEstimator_F16_setSpeedFilterTimeConstant
</UL>
<BR>[Address Reference Count : 1]<UL><LI> lto-llvm-b8cabc.o(.rodata.Ifx_FRW_ParamTable_Table)
</UL>
<P><STRONG><a name="[56]"></a>Ifx_MDA_FocController_F16_setCurrentDPiIntegGainSamplingTime</STRONG> (Thumb, 70 bytes, Stack size 0 bytes, lto-llvm-b8cabc.o(.text.Ifx_MDA_FocController_F16_setCurrentDPiIntegGainSamplingTime))
<BR>[Address Reference Count : 1]<UL><LI> lto-llvm-b8cabc.o(.rodata.Ifx_FRW_ParamTable_Table)
</UL>
<P><STRONG><a name="[57]"></a>Ifx_MDA_FocController_F16_setCurrentDPiLowerLimit</STRONG> (Thumb, 8 bytes, Stack size 0 bytes, lto-llvm-b8cabc.o(.text.Ifx_MDA_FocController_F16_setCurrentDPiLowerLimit))
<BR>[Address Reference Count : 1]<UL><LI> lto-llvm-b8cabc.o(.rodata.Ifx_FRW_ParamTable_Table)
</UL>
<P><STRONG><a name="[59]"></a>Ifx_MDA_FocController_F16_setCurrentDPiPropGain</STRONG> (Thumb, 60 bytes, Stack size 0 bytes, lto-llvm-b8cabc.o(.text.Ifx_MDA_FocController_F16_setCurrentDPiPropGain))
<BR>[Address Reference Count : 1]<UL><LI> lto-llvm-b8cabc.o(.rodata.Ifx_FRW_ParamTable_Table)
</UL>
<P><STRONG><a name="[58]"></a>Ifx_MDA_FocController_F16_setCurrentDPiUpperLimit</STRONG> (Thumb, 8 bytes, Stack size 0 bytes, lto-llvm-b8cabc.o(.text.Ifx_MDA_FocController_F16_setCurrentDPiUpperLimit))
<BR>[Address Reference Count : 1]<UL><LI> lto-llvm-b8cabc.o(.rodata.Ifx_FRW_ParamTable_Table)
</UL>
<P><STRONG><a name="[5a]"></a>Ifx_MDA_FocController_F16_setCurrentQPiIntegGainSamplingTime</STRONG> (Thumb, 76 bytes, Stack size 0 bytes, lto-llvm-b8cabc.o(.text.Ifx_MDA_FocController_F16_setCurrentQPiIntegGainSamplingTime))
<BR>[Address Reference Count : 1]<UL><LI> lto-llvm-b8cabc.o(.rodata.Ifx_FRW_ParamTable_Table)
</UL>
<P><STRONG><a name="[5b]"></a>Ifx_MDA_FocController_F16_setCurrentQPiLowerLimit</STRONG> (Thumb, 8 bytes, Stack size 0 bytes, lto-llvm-b8cabc.o(.text.Ifx_MDA_FocController_F16_setCurrentQPiLowerLimit))
<BR>[Address Reference Count : 1]<UL><LI> lto-llvm-b8cabc.o(.rodata.Ifx_FRW_ParamTable_Table)
</UL>
<P><STRONG><a name="[5d]"></a>Ifx_MDA_FocController_F16_setCurrentQPiPropGain</STRONG> (Thumb, 66 bytes, Stack size 0 bytes, lto-llvm-b8cabc.o(.text.Ifx_MDA_FocController_F16_setCurrentQPiPropGain))
<BR>[Address Reference Count : 1]<UL><LI> lto-llvm-b8cabc.o(.rodata.Ifx_FRW_ParamTable_Table)
</UL>
<P><STRONG><a name="[5c]"></a>Ifx_MDA_FocController_F16_setCurrentQPiUpperLimit</STRONG> (Thumb, 8 bytes, Stack size 0 bytes, lto-llvm-b8cabc.o(.text.Ifx_MDA_FocController_F16_setCurrentQPiUpperLimit))
<BR>[Address Reference Count : 1]<UL><LI> lto-llvm-b8cabc.o(.rodata.Ifx_FRW_ParamTable_Table)
</UL>
<P><STRONG><a name="[3e]"></a>Ifx_MHA_MeasurementADC_F16_TLE987_getCsaGain</STRONG> (Thumb, 16 bytes, Stack size 0 bytes, lto-llvm-b8cabc.o(.text.Ifx_MHA_MeasurementADC_F16_TLE987_getCsaGain))
<BR>[Address Reference Count : 1]<UL><LI> lto-llvm-b8cabc.o(.rodata.Ifx_FRW_ParamTable_Table)
</UL>
<P><STRONG><a name="[40]"></a>Ifx_MHA_MeasurementADC_F16_TLE987_getCsaOffset</STRONG> (Thumb, 4 bytes, Stack size 0 bytes, lto-llvm-b8cabc.o(.text.Ifx_MHA_MeasurementADC_F16_TLE987_getCsaOffset))
<BR>[Address Reference Count : 1]<UL><LI> lto-llvm-b8cabc.o(.rodata.Ifx_FRW_ParamTable_Table)
</UL>
<P><STRONG><a name="[3f]"></a>Ifx_MHA_MeasurementADC_F16_TLE987_setCsaGain</STRONG> (Thumb, 86 bytes, Stack size 8 bytes, lto-llvm-b8cabc.o(.text.Ifx_MHA_MeasurementADC_F16_TLE987_setCsaGain))
<BR><BR>[Stack]<UL><LI>Max Depth = 8<LI>Call Chain = Ifx_MHA_MeasurementADC_F16_TLE987_setCsaGain
</UL>
<BR>[Address Reference Count : 1]<UL><LI> lto-llvm-b8cabc.o(.rodata.Ifx_FRW_ParamTable_Table)
</UL>
<P><STRONG><a name="[41]"></a>Ifx_MHA_MeasurementADC_F16_TLE987_setCsaOffset</STRONG> (Thumb, 4 bytes, Stack size 0 bytes, lto-llvm-b8cabc.o(.text.Ifx_MHA_MeasurementADC_F16_TLE987_setCsaOffset))
<BR>[Address Reference Count : 1]<UL><LI> lto-llvm-b8cabc.o(.rodata.Ifx_FRW_ParamTable_Table)
</UL>
<P><STRONG><a name="[3c]"></a>Ifx_MHA_PatternGen_F16_TLE987_getDeadTime_ns</STRONG> (Thumb, 18 bytes, Stack size 0 bytes, lto-llvm-b8cabc.o(.text.Ifx_MHA_PatternGen_F16_TLE987_getDeadTime_ns))
<BR>[Address Reference Count : 1]<UL><LI> lto-llvm-b8cabc.o(.rodata.Ifx_FRW_ParamTable_Table)
</UL>
<P><STRONG><a name="[3d]"></a>Ifx_MHA_PatternGen_F16_TLE987_setDeadTime_ns</STRONG> (Thumb, 38 bytes, Stack size 0 bytes, lto-llvm-b8cabc.o(.text.Ifx_MHA_PatternGen_F16_TLE987_setDeadTime_ns))
<BR>[Address Reference Count : 1]<UL><LI> lto-llvm-b8cabc.o(.rodata.Ifx_FRW_ParamTable_Table)
</UL>
<P><STRONG><a name="[73]"></a>Ifx_MS_FocSolution_F16_getQCurrentAtTransition</STRONG> (Thumb, 8 bytes, Stack size 0 bytes, lto-llvm-b8cabc.o(.text.Ifx_MS_FocSolution_F16_getQCurrentAtTransition))
<BR>[Address Reference Count : 1]<UL><LI> lto-llvm-b8cabc.o(.rodata.Ifx_FRW_ParamTable_Table)
</UL>
<P><STRONG><a name="[69]"></a>Ifx_MS_FocSolution_F16_getRefSpeedLowerLimit</STRONG> (Thumb, 8 bytes, Stack size 0 bytes, lto-llvm-b8cabc.o(.text.Ifx_MS_FocSolution_F16_getRefSpeedLowerLimit))
<BR>[Address Reference Count : 1]<UL><LI> lto-llvm-b8cabc.o(.rodata.Ifx_FRW_ParamTable_Table)
</UL>
<P><STRONG><a name="[67]"></a>Ifx_MS_FocSolution_F16_getRefSpeedUpperLimit</STRONG> (Thumb, 8 bytes, Stack size 0 bytes, lto-llvm-b8cabc.o(.text.Ifx_MS_FocSolution_F16_getRefSpeedUpperLimit))
<BR>[Address Reference Count : 1]<UL><LI> lto-llvm-b8cabc.o(.rodata.Ifx_FRW_ParamTable_Table)
</UL>
<P><STRONG><a name="[63]"></a>Ifx_MS_FocSolution_F16_getSpeedPiIntegGainSamplingTime</STRONG> (Thumb, 6 bytes, Stack size 0 bytes, lto-llvm-b8cabc.o(.text.Ifx_MS_FocSolution_F16_getSpeedPiIntegGainSamplingTime))
<BR>[Address Reference Count : 1]<UL><LI> lto-llvm-b8cabc.o(.rodata.Ifx_FRW_ParamTable_Table)
</UL>
<P><STRONG><a name="[61]"></a>Ifx_MS_FocSolution_F16_getSpeedPiPropGain</STRONG> (Thumb, 6 bytes, Stack size 0 bytes, lto-llvm-b8cabc.o(.text.Ifx_MS_FocSolution_F16_getSpeedPiPropGain))
<BR>[Address Reference Count : 1]<UL><LI> lto-llvm-b8cabc.o(.rodata.Ifx_FRW_ParamTable_Table)
</UL>
<P><STRONG><a name="[71]"></a>Ifx_MS_FocSolution_F16_getSpeedRampDownRateClosedLoop</STRONG> (Thumb, 6 bytes, Stack size 0 bytes, lto-llvm-b8cabc.o(.text.Ifx_MS_FocSolution_F16_getSpeedRampDownRateClosedLoop))
<BR>[Address Reference Count : 1]<UL><LI> lto-llvm-b8cabc.o(.rodata.Ifx_FRW_ParamTable_Table)
</UL>
<P><STRONG><a name="[6d]"></a>Ifx_MS_FocSolution_F16_getSpeedRampDownRateOpenLoop</STRONG> (Thumb, 6 bytes, Stack size 0 bytes, lto-llvm-b8cabc.o(.text.Ifx_MS_FocSolution_F16_getSpeedRampDownRateOpenLoop))
<BR>[Address Reference Count : 1]<UL><LI> lto-llvm-b8cabc.o(.rodata.Ifx_FRW_ParamTable_Table)
</UL>
<P><STRONG><a name="[6f]"></a>Ifx_MS_FocSolution_F16_getSpeedRampUpRateClosedLoop</STRONG> (Thumb, 6 bytes, Stack size 0 bytes, lto-llvm-b8cabc.o(.text.Ifx_MS_FocSolution_F16_getSpeedRampUpRateClosedLoop))
<BR>[Address Reference Count : 1]<UL><LI> lto-llvm-b8cabc.o(.rodata.Ifx_FRW_ParamTable_Table)
</UL>
<P><STRONG><a name="[6b]"></a>Ifx_MS_FocSolution_F16_getSpeedRampUpRateOpenLoop</STRONG> (Thumb, 6 bytes, Stack size 0 bytes, lto-llvm-b8cabc.o(.text.Ifx_MS_FocSolution_F16_getSpeedRampUpRateOpenLoop))
<BR>[Address Reference Count : 1]<UL><LI> lto-llvm-b8cabc.o(.rodata.Ifx_FRW_ParamTable_Table)
</UL>
<P><STRONG><a name="[5e]"></a>Ifx_MS_FocSolution_F16_getStartUpCurrent</STRONG> (Thumb, 8 bytes, Stack size 0 bytes, lto-llvm-b8cabc.o(.text.Ifx_MS_FocSolution_F16_getStartUpCurrent))
<BR>[Address Reference Count : 1]<UL><LI> lto-llvm-b8cabc.o(.rodata.Ifx_FRW_ParamTable_Table)
</UL>
<P><STRONG><a name="[75]"></a>Ifx_MS_FocSolution_F16_getTransitionAngleTolerance</STRONG> (Thumb, 6 bytes, Stack size 0 bytes, lto-llvm-b8cabc.o(.text.Ifx_MS_FocSolution_F16_getTransitionAngleTolerance))
<BR>[Address Reference Count : 1]<UL><LI> lto-llvm-b8cabc.o(.rodata.Ifx_FRW_ParamTable_Table)
</UL>
<P><STRONG><a name="[79]"></a>Ifx_MS_FocSolution_F16_getTransitionDownDCurrentScalingQ14</STRONG> (Thumb, 8 bytes, Stack size 0 bytes, lto-llvm-b8cabc.o(.text.Ifx_MS_FocSolution_F16_getTransitionDownDCurrentScalingQ14))
<BR>[Address Reference Count : 1]<UL><LI> lto-llvm-b8cabc.o(.rodata.Ifx_FRW_ParamTable_Table)
</UL>
<P><STRONG><a name="[77]"></a>Ifx_MS_FocSolution_F16_getTransitionTimeLimit</STRONG> (Thumb, 6 bytes, Stack size 0 bytes, lto-llvm-b8cabc.o(.text.Ifx_MS_FocSolution_F16_getTransitionTimeLimit))
<BR>[Address Reference Count : 1]<UL><LI> lto-llvm-b8cabc.o(.rodata.Ifx_FRW_ParamTable_Table)
</UL>
<P><STRONG><a name="[74]"></a>Ifx_MS_FocSolution_F16_setQCurrentAtTransition</STRONG> (Thumb, 6 bytes, Stack size 0 bytes, lto-llvm-b8cabc.o(.text.Ifx_MS_FocSolution_F16_setQCurrentAtTransition))
<BR>[Address Reference Count : 1]<UL><LI> lto-llvm-b8cabc.o(.rodata.Ifx_FRW_ParamTable_Table)
</UL>
<P><STRONG><a name="[66]"></a>Ifx_MS_FocSolution_F16_setRefCurrentLowerLimit</STRONG> (Thumb, 14 bytes, Stack size 0 bytes, lto-llvm-b8cabc.o(.text.Ifx_MS_FocSolution_F16_setRefCurrentLowerLimit))
<BR>[Address Reference Count : 1]<UL><LI> lto-llvm-b8cabc.o(.rodata.Ifx_FRW_ParamTable_Table)
</UL>
<P><STRONG><a name="[65]"></a>Ifx_MS_FocSolution_F16_setRefCurrentUpperLimit</STRONG> (Thumb, 14 bytes, Stack size 0 bytes, lto-llvm-b8cabc.o(.text.Ifx_MS_FocSolution_F16_setRefCurrentUpperLimit))
<BR>[Address Reference Count : 1]<UL><LI> lto-llvm-b8cabc.o(.rodata.Ifx_FRW_ParamTable_Table)
</UL>
<P><STRONG><a name="[6a]"></a>Ifx_MS_FocSolution_F16_setRefSpeedLowerLimit</STRONG> (Thumb, 10 bytes, Stack size 0 bytes, lto-llvm-b8cabc.o(.text.Ifx_MS_FocSolution_F16_setRefSpeedLowerLimit))
<BR>[Address Reference Count : 1]<UL><LI> lto-llvm-b8cabc.o(.rodata.Ifx_FRW_ParamTable_Table)
</UL>
<P><STRONG><a name="[68]"></a>Ifx_MS_FocSolution_F16_setRefSpeedUpperLimit</STRONG> (Thumb, 10 bytes, Stack size 0 bytes, lto-llvm-b8cabc.o(.text.Ifx_MS_FocSolution_F16_setRefSpeedUpperLimit))
<BR>[Address Reference Count : 1]<UL><LI> lto-llvm-b8cabc.o(.rodata.Ifx_FRW_ParamTable_Table)
</UL>
<P><STRONG><a name="[64]"></a>Ifx_MS_FocSolution_F16_setSpeedPiIntegGainSamplingTime</STRONG> (Thumb, 104 bytes, Stack size 0 bytes, lto-llvm-b8cabc.o(.text.Ifx_MS_FocSolution_F16_setSpeedPiIntegGainSamplingTime))
<BR>[Address Reference Count : 1]<UL><LI> lto-llvm-b8cabc.o(.rodata.Ifx_FRW_ParamTable_Table)
</UL>
<P><STRONG><a name="[62]"></a>Ifx_MS_FocSolution_F16_setSpeedPiPropGain</STRONG> (Thumb, 94 bytes, Stack size 0 bytes, lto-llvm-b8cabc.o(.text.Ifx_MS_FocSolution_F16_setSpeedPiPropGain))
<BR>[Address Reference Count : 1]<UL><LI> lto-llvm-b8cabc.o(.rodata.Ifx_FRW_ParamTable_Table)
</UL>
<P><STRONG><a name="[72]"></a>Ifx_MS_FocSolution_F16_setSpeedRampDownRateClosedLoop</STRONG> (Thumb, 18 bytes, Stack size 0 bytes, lto-llvm-b8cabc.o(.text.Ifx_MS_FocSolution_F16_setSpeedRampDownRateClosedLoop))
<BR>[Address Reference Count : 1]<UL><LI> lto-llvm-b8cabc.o(.rodata.Ifx_FRW_ParamTable_Table)
</UL>
<P><STRONG><a name="[6e]"></a>Ifx_MS_FocSolution_F16_setSpeedRampDownRateOpenLoop</STRONG> (Thumb, 30 bytes, Stack size 0 bytes, lto-llvm-b8cabc.o(.text.Ifx_MS_FocSolution_F16_setSpeedRampDownRateOpenLoop))
<BR>[Address Reference Count : 1]<UL><LI> lto-llvm-b8cabc.o(.rodata.Ifx_FRW_ParamTable_Table)
</UL>
<P><STRONG><a name="[70]"></a>Ifx_MS_FocSolution_F16_setSpeedRampUpRateClosedLoop</STRONG> (Thumb, 18 bytes, Stack size 0 bytes, lto-llvm-b8cabc.o(.text.Ifx_MS_FocSolution_F16_setSpeedRampUpRateClosedLoop))
<BR>[Address Reference Count : 1]<UL><LI> lto-llvm-b8cabc.o(.rodata.Ifx_FRW_ParamTable_Table)
</UL>
<P><STRONG><a name="[6c]"></a>Ifx_MS_FocSolution_F16_setSpeedRampUpRateOpenLoop</STRONG> (Thumb, 30 bytes, Stack size 0 bytes, lto-llvm-b8cabc.o(.text.Ifx_MS_FocSolution_F16_setSpeedRampUpRateOpenLoop))
<BR>[Address Reference Count : 1]<UL><LI> lto-llvm-b8cabc.o(.rodata.Ifx_FRW_ParamTable_Table)
</UL>
<P><STRONG><a name="[5f]"></a>Ifx_MS_FocSolution_F16_setStartUpCurrent</STRONG> (Thumb, 24 bytes, Stack size 0 bytes, lto-llvm-b8cabc.o(.text.Ifx_MS_FocSolution_F16_setStartUpCurrent))
<BR>[Address Reference Count : 1]<UL><LI> lto-llvm-b8cabc.o(.rodata.Ifx_FRW_ParamTable_Table)
</UL>
<P><STRONG><a name="[60]"></a>Ifx_MS_FocSolution_F16_setStartUpCurrentRampUpRate</STRONG> (Thumb, 10 bytes, Stack size 0 bytes, lto-llvm-b8cabc.o(.text.Ifx_MS_FocSolution_F16_setStartUpCurrentRampUpRate))
<BR>[Address Reference Count : 1]<UL><LI> lto-llvm-b8cabc.o(.rodata.Ifx_FRW_ParamTable_Table)
</UL>
<P><STRONG><a name="[76]"></a>Ifx_MS_FocSolution_F16_setTransitionAngleTolerance</STRONG> (Thumb, 6 bytes, Stack size 0 bytes, lto-llvm-b8cabc.o(.text.Ifx_MS_FocSolution_F16_setTransitionAngleTolerance))
<BR>[Address Reference Count : 1]<UL><LI> lto-llvm-b8cabc.o(.rodata.Ifx_FRW_ParamTable_Table)
</UL>
<P><STRONG><a name="[7a]"></a>Ifx_MS_FocSolution_F16_setTransitionDownDCurrentScalingQ14</STRONG> (Thumb, 32 bytes, Stack size 0 bytes, lto-llvm-b8cabc.o(.text.Ifx_MS_FocSolution_F16_setTransitionDownDCurrentScalingQ14))
<BR>[Address Reference Count : 1]<UL><LI> lto-llvm-b8cabc.o(.rodata.Ifx_FRW_ParamTable_Table)
</UL>
<P><STRONG><a name="[7c]"></a>Ifx_MS_FocSolution_F16_setTransitionSpeedBand</STRONG> (Thumb, 28 bytes, Stack size 0 bytes, lto-llvm-b8cabc.o(.text.Ifx_MS_FocSolution_F16_setTransitionSpeedBand))
<BR>[Address Reference Count : 1]<UL><LI> lto-llvm-b8cabc.o(.rodata.Ifx_FRW_ParamTable_Table)
</UL>
<P><STRONG><a name="[7b]"></a>Ifx_MS_FocSolution_F16_setTransitionSpeedUp</STRONG> (Thumb, 30 bytes, Stack size 0 bytes, lto-llvm-b8cabc.o(.text.Ifx_MS_FocSolution_F16_setTransitionSpeedUp))
<BR>[Address Reference Count : 1]<UL><LI> lto-llvm-b8cabc.o(.rodata.Ifx_FRW_ParamTable_Table)
</UL>
<P><STRONG><a name="[78]"></a>Ifx_MS_FocSolution_F16_setTransitionTimeLimit</STRONG> (Thumb, 36 bytes, Stack size 0 bytes, lto-llvm-b8cabc.o(.text.Ifx_MS_FocSolution_F16_setTransitionTimeLimit))
<BR>[Address Reference Count : 1]<UL><LI> lto-llvm-b8cabc.o(.rodata.Ifx_FRW_ParamTable_Table)
</UL>
<P><STRONG><a name="[9d]"></a>Ifx_MS_FocSolution_F16_subStateMachine</STRONG> (Thumb, 1078 bytes, Stack size 24 bytes, lto-llvm-b8cabc.o(.text.Ifx_MS_FocSolution_F16_subStateMachine))
<BR><BR>[Stack]<UL><LI>Max Depth = 40<LI>Call Chain = Ifx_MS_FocSolution_F16_subStateMachine &rArr; Ifx_Math_Pi_F16_execute
</UL>
<BR>[Calls]<UL><LI><a href="#[9e]">&gt;&gt;</a>&nbsp;&nbsp;&nbsp;Ifx_Math_Pi_F16_execute (via Veneer)
</UL>
<BR>[Called By]<UL><LI><a href="#[b]">&gt;&gt;</a>&nbsp;&nbsp;&nbsp;GPT2_IRQHandler
</UL>

<P><STRONG><a name="[9e]"></a>Ifx_Math_Pi_F16_execute</STRONG> (Thumb, 202 bytes, Stack size 16 bytes, lto-llvm-b8cabc.o(.text.Ifx_Math_Pi_F16_execute))
<BR><BR>[Stack]<UL><LI>Max Depth = 16<LI>Call Chain = Ifx_Math_Pi_F16_execute
</UL>
<BR>[Called By]<UL><LI><a href="#[9d]">&gt;&gt;</a>&nbsp;&nbsp;&nbsp;Ifx_MS_FocSolution_F16_subStateMachine (via Veneer)
<LI><a href="#[8c]">&gt;&gt;</a>&nbsp;&nbsp;&nbsp;Ifx_MDA_FocController_F16_execute
</UL>

<P><STRONG><a name="[23]"></a>MapChannels</STRONG> (Thumb, 32 bytes, Stack size 0 bytes, lto-llvm-b8cabc.o(.text.MapChannels))
<BR>[Address Reference Count : 1]<UL><LI> lto-llvm-b8cabc.o(.text.TRCH_ParameterService)
</UL>
<P><STRONG><a name="[27]"></a>MapChannels.154</STRONG> (Thumb, 38 bytes, Stack size 0 bytes, lto-llvm-b8cabc.o(.text.MapChannels.154))
<BR>[Address Reference Count : 1]<UL><LI> lto-llvm-b8cabc.o(.text.TRCH_SamplingService)
</UL>
<P><STRONG><a name="[24]"></a>ParameterControl</STRONG> (Thumb, 98 bytes, Stack size 0 bytes, lto-llvm-b8cabc.o(.text.ParameterControl))
<BR>[Address Reference Count : 1]<UL><LI> lto-llvm-b8cabc.o(.text.TRCH_ParameterService)
</UL>
<P><STRONG><a name="[38]"></a>SDOSERVICE_abort</STRONG> (Thumb, 2 bytes, Stack size 0 bytes, lto-llvm-b8cabc.o(.text.SDOSERVICE_abort))
<BR>[Address Reference Count : 1]<UL><LI> lto-llvm-b8cabc.o(.text.main)
</UL>
<P><STRONG><a name="[3a]"></a>SDOSERVICE_download_block</STRONG> (Thumb, 2 bytes, Stack size 0 bytes, lto-llvm-b8cabc.o(.text.SDOSERVICE_download_block))
<BR>[Address Reference Count : 1]<UL><LI> lto-llvm-b8cabc.o(.text.main)
</UL>
<P><STRONG><a name="[35]"></a>SDOSERVICE_download_initiate</STRONG> (Thumb, 1150 bytes, Stack size 104 bytes, lto-llvm-b8cabc.o(.text.SDOSERVICE_download_initiate))
<BR><BR>[Stack]<UL><LI>Max Depth = 168<LI>Call Chain = SDOSERVICE_download_initiate &rArr; __aeabi_ldivmod &rArr; __aeabi_uldivmod
</UL>
<BR>[Calls]<UL><LI><a href="#[9f]">&gt;&gt;</a>&nbsp;&nbsp;&nbsp;__aeabi_memcpy
<LI><a href="#[95]">&gt;&gt;</a>&nbsp;&nbsp;&nbsp;__aeabi_ldivmod
</UL>
<BR>[Address Reference Count : 1]<UL><LI> lto-llvm-b8cabc.o(.text.main)
</UL>
<P><STRONG><a name="[34]"></a>SDOSERVICE_download_segment</STRONG> (Thumb, 284 bytes, Stack size 16 bytes, lto-llvm-b8cabc.o(.text.SDOSERVICE_download_segment))
<BR><BR>[Stack]<UL><LI>Max Depth = 16<LI>Call Chain = SDOSERVICE_download_segment
</UL>
<BR>[Address Reference Count : 1]<UL><LI> lto-llvm-b8cabc.o(.text.main)
</UL>
<P><STRONG><a name="[3b]"></a>SDOSERVICE_error</STRONG> (Thumb, 2 bytes, Stack size 0 bytes, lto-llvm-b8cabc.o(.text.SDOSERVICE_error))
<BR>[Address Reference Count : 1]<UL><LI> lto-llvm-b8cabc.o(.text.main)
</UL>
<P><STRONG><a name="[39]"></a>SDOSERVICE_upload_block</STRONG> (Thumb, 2 bytes, Stack size 0 bytes, lto-llvm-b8cabc.o(.text.SDOSERVICE_upload_block))
<BR>[Address Reference Count : 1]<UL><LI> lto-llvm-b8cabc.o(.text.main)
</UL>
<P><STRONG><a name="[36]"></a>SDOSERVICE_upload_initiate</STRONG> (Thumb, 1084 bytes, Stack size 72 bytes, lto-llvm-b8cabc.o(.text.SDOSERVICE_upload_initiate))
<BR><BR>[Stack]<UL><LI>Max Depth = 136<LI>Call Chain = SDOSERVICE_upload_initiate &rArr; __aeabi_ldivmod &rArr; __aeabi_uldivmod
</UL>
<BR>[Calls]<UL><LI><a href="#[a0]">&gt;&gt;</a>&nbsp;&nbsp;&nbsp;__aeabi_memcpy4
<LI><a href="#[95]">&gt;&gt;</a>&nbsp;&nbsp;&nbsp;__aeabi_ldivmod
</UL>
<BR>[Address Reference Count : 1]<UL><LI> lto-llvm-b8cabc.o(.text.main)
</UL>
<P><STRONG><a name="[37]"></a>SDOSERVICE_upload_segment</STRONG> (Thumb, 262 bytes, Stack size 16 bytes, lto-llvm-b8cabc.o(.text.SDOSERVICE_upload_segment))
<BR><BR>[Stack]<UL><LI>Max Depth = 16<LI>Call Chain = SDOSERVICE_upload_segment
</UL>
<BR>[Calls]<UL><LI><a href="#[96]">&gt;&gt;</a>&nbsp;&nbsp;&nbsp;__aeabi_memclr
</UL>
<BR>[Address Reference Count : 1]<UL><LI> lto-llvm-b8cabc.o(.text.main)
</UL>
<P><STRONG><a name="[28]"></a>SamplingControl</STRONG> (Thumb, 236 bytes, Stack size 16 bytes, lto-llvm-b8cabc.o(.text.SamplingControl))
<BR><BR>[Stack]<UL><LI>Max Depth = 16<LI>Call Chain = SamplingControl
</UL>
<BR>[Address Reference Count : 1]<UL><LI> lto-llvm-b8cabc.o(.text.TRCH_SamplingService)
</UL>
<P><STRONG><a name="[81]"></a>TRCH_EventService</STRONG> (Thumb, 56 bytes, Stack size 8 bytes, lto-llvm-b8cabc.o(.text.TRCH_EventService))
<BR><BR>[Stack]<UL><LI>Max Depth = 8<LI>Call Chain = TRCH_EventService
</UL>
<BR>[Address Reference Count : 1]<UL><LI> lto-llvm-b8cabc.o(.rodata.TRCH_CallService)
</UL>
<P><STRONG><a name="[83]"></a>TRCH_EventService_deinit</STRONG> (Thumb, 22 bytes, Stack size 0 bytes, lto-llvm-b8cabc.o(.text.TRCH_EventService_deinit))
<BR>[Address Reference Count : 1]<UL><LI> lto-llvm-b8cabc.o(.rodata.TRCH_CallService)
</UL>
<P><STRONG><a name="[82]"></a>TRCH_EventService_init</STRONG> (Thumb, 26 bytes, Stack size 0 bytes, lto-llvm-b8cabc.o(.text.TRCH_EventService_init))
<BR>[Address Reference Count : 1]<UL><LI> lto-llvm-b8cabc.o(.rodata.TRCH_CallService)
</UL>
<P><STRONG><a name="[87]"></a>TRCH_ParameterService</STRONG> (Thumb, 56 bytes, Stack size 8 bytes, lto-llvm-b8cabc.o(.text.TRCH_ParameterService))
<BR><BR>[Stack]<UL><LI>Max Depth = 8<LI>Call Chain = TRCH_ParameterService
</UL>
<BR>[Address Reference Count : 1]<UL><LI> lto-llvm-b8cabc.o(.rodata.TRCH_CallService)
</UL>
<P><STRONG><a name="[89]"></a>TRCH_ParameterService_deinit</STRONG> (Thumb, 16 bytes, Stack size 0 bytes, lto-llvm-b8cabc.o(.text.TRCH_ParameterService_deinit))
<BR>[Address Reference Count : 1]<UL><LI> lto-llvm-b8cabc.o(.rodata.TRCH_CallService)
</UL>
<P><STRONG><a name="[88]"></a>TRCH_ParameterService_init</STRONG> (Thumb, 16 bytes, Stack size 0 bytes, lto-llvm-b8cabc.o(.text.TRCH_ParameterService_init))
<BR>[Address Reference Count : 1]<UL><LI> lto-llvm-b8cabc.o(.rodata.TRCH_CallService)
</UL>
<P><STRONG><a name="[84]"></a>TRCH_SamplingService</STRONG> (Thumb, 64 bytes, Stack size 8 bytes, lto-llvm-b8cabc.o(.text.TRCH_SamplingService))
<BR><BR>[Stack]<UL><LI>Max Depth = 8<LI>Call Chain = TRCH_SamplingService
</UL>
<BR>[Address Reference Count : 1]<UL><LI> lto-llvm-b8cabc.o(.rodata.TRCH_CallService)
</UL>
<P><STRONG><a name="[1e]"></a>TRCH_SamplingService_ProcessSampling</STRONG> (Thumb, 334 bytes, Stack size 16 bytes, lto-llvm-b8cabc.o(.text.TRCH_SamplingService_ProcessSampling))
<BR><BR>[Stack]<UL><LI>Max Depth = 16<LI>Call Chain = TRCH_SamplingService_ProcessSampling
</UL>
<BR>[Address Reference Count : 2]<UL><LI> lto-llvm-b8cabc.o(.text.main)
<LI> lto-llvm-b8cabc.o(.text.SamplingControl)
</UL>
<P><STRONG><a name="[86]"></a>TRCH_SamplingService_deinit</STRONG> (Thumb, 16 bytes, Stack size 0 bytes, lto-llvm-b8cabc.o(.text.TRCH_SamplingService_deinit))
<BR>[Address Reference Count : 1]<UL><LI> lto-llvm-b8cabc.o(.rodata.TRCH_CallService)
</UL>
<P><STRONG><a name="[85]"></a>TRCH_SamplingService_init</STRONG> (Thumb, 58 bytes, Stack size 0 bytes, lto-llvm-b8cabc.o(.text.TRCH_SamplingService_init))
<BR>[Address Reference Count : 1]<UL><LI> lto-llvm-b8cabc.o(.rodata.TRCH_CallService)
</UL>
<P><STRONG><a name="[2b]"></a>TRCH_Service_TRCH_EnableDisableServices</STRONG> (Thumb, 86 bytes, Stack size 0 bytes, lto-llvm-b8cabc.o(.text.TRCH_Service_TRCH_EnableDisableServices))
<BR>[Address Reference Count : 1]<UL><LI> lto-llvm-b8cabc.o(.text.TRCH_Service_TraceHandler)
</UL>
<P><STRONG><a name="[2a]"></a>TRCH_Service_TRCH_GetConfiguration</STRONG> (Thumb, 32 bytes, Stack size 0 bytes, lto-llvm-b8cabc.o(.text.TRCH_Service_TRCH_GetConfiguration))
<BR>[Address Reference Count : 1]<UL><LI> lto-llvm-b8cabc.o(.text.TRCH_Service_TraceHandler)
</UL>
<P><STRONG><a name="[2d]"></a>TRCH_Service_TRCH_GetFrameStatistics</STRONG> (Thumb, 58 bytes, Stack size 0 bytes, lto-llvm-b8cabc.o(.text.TRCH_Service_TRCH_GetFrameStatistics))
<BR>[Address Reference Count : 1]<UL><LI> lto-llvm-b8cabc.o(.text.TRCH_Service_TraceHandler)
</UL>
<P><STRONG><a name="[2e]"></a>TRCH_Service_TRCH_Reset</STRONG> (Thumb, 22 bytes, Stack size 0 bytes, lto-llvm-b8cabc.o(.text.TRCH_Service_TRCH_Reset))
<BR>[Address Reference Count : 1]<UL><LI> lto-llvm-b8cabc.o(.text.TRCH_Service_TraceHandler)
</UL>
<P><STRONG><a name="[2f]"></a>TRCH_Service_TRCH_SetGetTraceId</STRONG> (Thumb, 72 bytes, Stack size 0 bytes, lto-llvm-b8cabc.o(.text.TRCH_Service_TRCH_SetGetTraceId))
<BR>[Address Reference Count : 1]<UL><LI> lto-llvm-b8cabc.o(.text.TRCH_Service_TraceHandler)
</UL>
<P><STRONG><a name="[2c]"></a>TRCH_Service_TRCH_SyncTargetTime</STRONG> (Thumb, 82 bytes, Stack size 24 bytes, lto-llvm-b8cabc.o(.text.TRCH_Service_TRCH_SyncTargetTime))
<BR><BR>[Stack]<UL><LI>Max Depth = 48<LI>Call Chain = TRCH_Service_TRCH_SyncTargetTime &rArr; DTI_linklayer_TX
</UL>
<BR>[Calls]<UL><LI><a href="#[9a]">&gt;&gt;</a>&nbsp;&nbsp;&nbsp;DTI_linklayer_TX
</UL>
<BR>[Address Reference Count : 1]<UL><LI> lto-llvm-b8cabc.o(.text.TRCH_Service_TraceHandler)
</UL>
<P><STRONG><a name="[7d]"></a>TRCH_Service_TraceHandler</STRONG> (Thumb, 72 bytes, Stack size 8 bytes, lto-llvm-b8cabc.o(.text.TRCH_Service_TraceHandler))
<BR><BR>[Stack]<UL><LI>Max Depth = 8<LI>Call Chain = TRCH_Service_TraceHandler
</UL>
<BR>[Address Reference Count : 1]<UL><LI> lto-llvm-b8cabc.o(.rodata.TRCH_CallService)
</UL>
<P><STRONG><a name="[7e]"></a>TRCH_StreamingService</STRONG> (Thumb, 56 bytes, Stack size 8 bytes, lto-llvm-b8cabc.o(.text.TRCH_StreamingService))
<BR><BR>[Stack]<UL><LI>Max Depth = 8<LI>Call Chain = TRCH_StreamingService
</UL>
<BR>[Address Reference Count : 1]<UL><LI> lto-llvm-b8cabc.o(.rodata.TRCH_CallService)
</UL>
<P><STRONG><a name="[31]"></a>TRCH_StreamingService_Configure</STRONG> (Thumb, 406 bytes, Stack size 8 bytes, lto-llvm-b8cabc.o(.text.TRCH_StreamingService_Configure))
<BR><BR>[Stack]<UL><LI>Max Depth = 8<LI>Call Chain = TRCH_StreamingService_Configure
</UL>
<BR>[Address Reference Count : 1]<UL><LI> lto-llvm-b8cabc.o(.text.TRCH_StreamingService)
</UL>
<P><STRONG><a name="[30]"></a>TRCH_StreamingService_GetConfiguration</STRONG> (Thumb, 32 bytes, Stack size 0 bytes, lto-llvm-b8cabc.o(.text.TRCH_StreamingService_GetConfiguration))
<BR>[Address Reference Count : 1]<UL><LI> lto-llvm-b8cabc.o(.text.TRCH_StreamingService)
</UL>
<P><STRONG><a name="[32]"></a>TRCH_StreamingService_MapChannels</STRONG> (Thumb, 26 bytes, Stack size 0 bytes, lto-llvm-b8cabc.o(.text.TRCH_StreamingService_MapChannels))
<BR>[Address Reference Count : 1]<UL><LI> lto-llvm-b8cabc.o(.text.TRCH_StreamingService)
</UL>
<P><STRONG><a name="[80]"></a>TRCH_StreamingService_deinit</STRONG> (Thumb, 70 bytes, Stack size 0 bytes, lto-llvm-b8cabc.o(.text.TRCH_StreamingService_deinit))
<BR>[Address Reference Count : 1]<UL><LI> lto-llvm-b8cabc.o(.rodata.TRCH_CallService)
</UL>
<P><STRONG><a name="[7f]"></a>TRCH_StreamingService_init</STRONG> (Thumb, 118 bytes, Stack size 16 bytes, lto-llvm-b8cabc.o(.text.TRCH_StreamingService_init))
<BR><BR>[Stack]<UL><LI>Max Depth = 40<LI>Call Chain = TRCH_StreamingService_init &rArr; DTI_linklayer_TX
</UL>
<BR>[Calls]<UL><LI><a href="#[9a]">&gt;&gt;</a>&nbsp;&nbsp;&nbsp;DTI_linklayer_TX
</UL>
<BR>[Address Reference Count : 1]<UL><LI> lto-llvm-b8cabc.o(.rodata.TRCH_CallService)
</UL><P>
<H3>
Undefined Global Symbols
</H3><HR></body></html>
